########################################################################
Job ID: 11279578
Running on node: g12
Script arguments received by sbatch script (/var/spool/slurm/d/job11279578/slurm_script): 
Number of arguments: 0
########################################################################
Setting up environment...
Changed directory to /home/sargapav/robot_rodeo_gym_ws
------------------------------------------------------------------------
nvidia-smi output:
Sat Aug  1 13:20:48 2026       
+-----------------------------------------------------------------------------------------+
| NVIDIA-SMI 575.51.03              Driver Version: 575.51.03      CUDA Version: 12.9     |
|-----------------------------------------+------------------------+----------------------+
| GPU  Name                 Persistence-M | Bus-Id          Disp.A | Volatile Uncorr. ECC |
| Fan  Temp   Perf          Pwr:Usage/Cap |           Memory-Usage | GPU-Util  Compute M. |
|                                         |                        |               MIG M. |
|=========================================+========================+======================|
|   0  NVIDIA A100-SXM4-40GB          On  |   00000000:83:00.0 Off |                    0 |
| N/A   32C    P0             51W /  400W |       0MiB /  40960MiB |      0%      Default |
|                                         |                        |             Disabled |
+-----------------------------------------+------------------------+----------------------+
                                                                                         
+-----------------------------------------------------------------------------------------+
| Processes:                                                                              |
|  GPU   GI   CI              PID   Type   Process name                        GPU Memory |
|        ID   ID                                                               Usage      |
|=========================================================================================|
|  No running processes found                                                             |
+-----------------------------------------------------------------------------------------+
GPU is clear (no active CUDA contexts).
------------------------------------------------------------------------
W&B project : MARV_RL
Copying Omniverse cache to node-local /tmp/omni_cache_11279578 ...
########################################################################
Starting training (respawn #0 of 5)...
########################################################################
[Warning] [omni.isaac.kit.simulation_app] Modules: ['omni.kit_app'] were loaded before SimulationApp was started and might not be loaded correctly.
[Warning] [omni.isaac.kit.simulation_app] Please check to make sure no extra omniverse or pxr modules are imported before the call to SimulationApp(...)
[Info] [carb] Logging to file: /opt/conda/envs/isaaclab/lib/python3.10/site-packages/omni/logs/Kit/Isaac-Sim/4.2/kit_20260801_132052.log
2026-08-01 11:20:52 [0ms] [Warning] [omni.kit.app.plugin] No crash reporter present, dumps uploading isn't available.
2026-08-01 11:20:52 [5ms] [Warning] [omni.ext.plugin] [ext: containers] Extensions config 'extension.toml' doesn't exist '/home/sargapav/robot_rodeo_gym_ws/containers' or '/home/sargapav/robot_rodeo_gym_ws/containers/config'
2026-08-01 11:20:52 [5ms] [Warning] [omni.ext.plugin] [ext: src] Extensions config 'extension.toml' doesn't exist '/home/sargapav/robot_rodeo_gym_ws/src' or '/home/sargapav/robot_rodeo_gym_ws/src/config'
2026-08-01 11:20:52 [5ms] [Warning] [omni.ext.plugin] [ext: configs] Extensions config 'extension.toml' doesn't exist '/home/sargapav/robot_rodeo_gym_ws/configs' or '/home/sargapav/robot_rodeo_gym_ws/configs/config'
2026-08-01 11:20:52 [5ms] [Warning] [omni.ext.plugin] [ext: experiments] Extensions config 'extension.toml' doesn't exist '/home/sargapav/robot_rodeo_gym_ws/experiments' or '/home/sargapav/robot_rodeo_gym_ws/experiments/config'
2026-08-01 11:20:52 [5ms] [Warning] [omni.ext.plugin] [ext: logs] Extensions config 'extension.toml' doesn't exist '/home/sargapav/robot_rodeo_gym_ws/logs' or '/home/sargapav/robot_rodeo_gym_ws/logs/config'
2026-08-01 11:20:52 [5ms] [Warning] [omni.ext.plugin] [ext: notebooks] Extensions config 'extension.toml' doesn't exist '/home/sargapav/robot_rodeo_gym_ws/notebooks' or '/home/sargapav/robot_rodeo_gym_ws/notebooks/config'
2026-08-01 11:20:52 [5ms] [Warning] [omni.ext.plugin] [ext: optuna] Extensions config 'extension.toml' doesn't exist '/home/sargapav/robot_rodeo_gym_ws/optuna' or '/home/sargapav/robot_rodeo_gym_ws/optuna/config'
2026-08-01 11:20:52 [5ms] [Warning] [omni.ext.plugin] [ext: scripts] Extensions config 'extension.toml' doesn't exist '/home/sargapav/robot_rodeo_gym_ws/scripts' or '/home/sargapav/robot_rodeo_gym_ws/scripts/config'
2026-08-01 11:20:52 [5ms] [Warning] [omni.ext.plugin] [ext: runs] Extensions config 'extension.toml' doesn't exist '/home/sargapav/robot_rodeo_gym_ws/runs' or '/home/sargapav/robot_rodeo_gym_ws/runs/config'
2026-08-01 11:20:52 [5ms] [Warning] [omni.ext.plugin] [ext: wandb] Extensions config 'extension.toml' doesn't exist '/home/sargapav/robot_rodeo_gym_ws/wandb' or '/home/sargapav/robot_rodeo_gym_ws/wandb/config'
2026-08-01 11:20:52 [5ms] [Warning] [omni.ext.plugin] [ext: secrets] Extensions config 'extension.toml' doesn't exist '/home/sargapav/robot_rodeo_gym_ws/secrets' or '/home/sargapav/robot_rodeo_gym_ws/secrets/config'
2026-08-01 11:20:52 [6ms] [Warning] [omni.ext.plugin] [ext: slurm] Extensions config 'extension.toml' doesn't exist '/home/sargapav/robot_rodeo_gym_ws/slurm' or '/home/sargapav/robot_rodeo_gym_ws/slurm/config'
[0.312s] [ext: omni.kit.async_engine-0.0.1] startup
[0.695s] [ext: omni.stats-1.0.1] startup
[0.702s] [ext: omni.client-1.2.0] startup
[0.857s] [ext: omni.gpu_foundation.shadercache.vulkan-1.0.0] startup
[0.864s] [ext: omni.assets.plugins-0.0.0] startup
[0.880s] [ext: omni.gpu_foundation-0.0.0] startup
[1.032s] [ext: omni.kit.pipapi-0.0.0] startup
[1.034s] [ext: omni.materialx.libs-1.0.4] startup
[1.064s] [ext: omni.kit.pip_archive-0.0.0] startup
[1.064s] [ext: omni.usd.config-1.0.4] startup
[1.079s] [ext: omni.gpucompute.plugins-0.0.0] startup
[1.083s] [ext: omni.usd.libs-1.0.1] startup
[1.514s] [ext: omni.kit.telemetry-0.5.0] startup
[1.568s] [ext: omni.usd.schema.semantics-0.0.0] startup
[1.812s] [ext: omni.usd.schema.audio-0.0.0] startup
[1.853s] [ext: omni.usd.schema.physx-106.1.9] startup
[1.961s] [ext: carb.audio-0.1.0] startup
[2.004s] [ext: omni.kvdb-106.1.9] startup
[2.013s] [ext: omni.timeline-1.0.10] startup
[2.021s] [ext: omni.kit.actions.core-1.0.0] startup
[2.031s] [ext: omni.kit.audiodeviceenum-1.0.1] startup
[2.037s] [ext: omni.localcache-106.1.9] startup
[2.042s] [ext: omni.usd_resolver-1.0.0] startup
[2.053s] [ext: omni.kit.commands-1.4.9] startup
[2.064s] [ext: omni.graph.exec-0.9.4] startup
[2.067s] [ext: omni.usd.core-1.4.1] startup
[2.082s] [ext: omni.kit.usd_undo-0.1.8] startup
[2.083s] [ext: omni.kit.exec.core-0.13.4] startup
[2.094s] [ext: omni.convexdecomposition-106.1.9] startup
[2.108s] [ext: omni.usd-1.12.2] startup
[2.198s] [ext: omni.usdphysics-106.1.9] startup
[2.202s] [ext: omni.physx.foundation-106.1.9] startup
[2.222s] [ext: omni.kit.usd.layers-2.1.36] startup
[2.247s] [ext: omni.physx.cooking-106.1.9] startup
[2.268s] [ext: omni.blobkey-1.1.2] startup
[2.274s] [ext: omni.datastore-0.0.0] startup
[2.356s] [ext: omni.ujitso.default-1.0.0] startup
[2.367s] [ext: omni.hsscclient-1.1.1] startup
[2.384s] [ext: omni.kit.primitive.mesh-1.0.17] startup
[2.390s] [ext: usdrt.scenegraph-7.5.0] startup
[2.528s] [ext: omni.warp.core-1.2.1] startup
[2.658s] [ext: omni.physx-106.1.9] startup
[2.722s] [ext: omni.kit.stage_template.core-1.1.22] startup
[2.724s] [ext: omni.physx.stageupdate-106.1.9] startup
[2.731s] [ext: omni.kit.stage_templates-1.2.5] startup
[2.734s] [ext: omni.physics.tensors-106.1.9] startup
[2.748s] [ext: omni.isaac.version-1.1.0] startup
[2.750s] [ext: omni.physx.tensors-106.1.9] startup
[3.375s] [ext: omni.isaac.nucleus-0.3.1] startup
[3.377s] [ext: omni.kit.loop-isaac-1.2.0] startup
[3.382s] [ext: omni.isaac.core-3.19.5] startup
2026-08-01 11:20:57 [5,057ms] [Warning] [omni.platforminfo.plugin] failed to open the default display.  Can't verify X Server version.
2026-08-01 11:20:57 [5,058ms] [Warning] [omni.platforminfo.plugin] failed to load XRAndR.
[7.039s] [ext: omni.physx.fabric-106.1.9] startup
[7.057s] [ext: omni.isaac.kit-1.13.2] startup
[7.057s] [ext: omni.isaac.cloner-0.8.1] startup
[7.059s] [ext: isaaclab.python.headless-1.2.0] startup
[7.061s] Simulation App Starting
2026-08-01 11:20:59 [7,006ms] [Warning] [gpu.foundation.plugin] [ShaderCache]: Creating driver shaderCache directory failed: /opt/conda/envs/isaaclab/lib/python3.10/site-packages/omni/cache/nv_shadercache

|---------------------------------------------------------------------------------------------|
| Driver Version: 0             | Graphics API: Vulkan
|=============================================================================================|
| GPU | Name                             | Active | LDA | GPU Memory | Vendor-ID | LUID       |
|     |                                  |        |     |            | Device-ID | UUID       |
|     |                                  |        |     |            | Bus-ID    |            |
|=============================================================================================|
| OS: 13 (trixie) debian, Version: 13.1664036913.1768320623, Kernel: 4.18.0-553.51.1.el8_10.x86_64
| Processor: AMD EPYC 7763 64-Core Processor | Cores: 128 | Logical: 256
|---------------------------------------------------------------------------------------------|
| Total Memory (MB): 1031842 | Free Memory: 851200
| Total Page/Swap (MB): 0 | Free Page/Swap: 0
|---------------------------------------------------------------------------------------------|
2026-08-01 11:21:00 [7,857ms] [Warning] [omni.physx.foundation.plugin] PhysXFoundation: Couldn't get driver version, failed to getDeviceInfo
2026-08-01 11:21:00 [7,857ms] [Warning] [omni.physx.foundation.plugin] PhysXFoundation: Unable to get IGpuFoundation, GpuDevices or Graphics!
2026-08-01 11:21:00 [7,858ms] [Warning] [carb.cudainterop.plugin] CUDA_VISIBLE_DEVICES environment variable is set.
2026-08-01 11:21:00 [7,858ms] [Warning] [carb.cudainterop.plugin] Note CUDA device enumeration and Omniverse device enumeration are different.
2026-08-01 11:21:00 [7,858ms] [Warning] [carb.cudainterop.plugin] Setting CUDA_VISIBLE_DEVICES can lead to undesired behavior or crashes.
[9.255s] app ready
[9.425s] Simulation App Startup Complete
2026-08-01 11:21:07 [14,821ms] [Warning] [pxr.Semantics] pxr.Semantics is deprecated - please use Semantics instead
2026-08-01 11:21:09 [17,498ms] [Warning] [omni.isaac.lab.envs.direct_rl_env] Seed not set for the environment. The environment creation may not be deterministic.
2026-08-01 11:21:09 [17,543ms] [Warning] [omni.isaac.lab.envs.direct_rl_env] The render interval (5) is smaller than the decimation (20). Multiple multiple render calls will happen for each environment step.If this is not intended, set the render interval to be equal to the decimation.
[INFO][AppLauncher]: Loading experience file: /opt/IsaacLab/source/extensions/omni.isaac.lab/omni/isaac/lab/app/../../../../../../apps/isaaclab.python.headless.kit
Starting kit application with the following args:  ['/opt/conda/envs/isaaclab/lib/python3.10/site-packages/isaacsim/exts/omni.isaac.kit/omni/isaac/kit/simulation_app.py', '/opt/IsaacLab/source/extensions/omni.isaac.lab/omni/isaac/lab/app/../../../../../../apps/isaaclab.python.headless.kit', '--/app/tokens/exe-path=/opt/conda/envs/isaaclab/lib/python3.10/site-packages/omni', '--/persistent/app/viewport/displayOptions=3094', '--/rtx/materialDb/syncLoads=True', '--/rtx/hydra/materialSyncLoads=True', '--/omni.kit.plugin/syncUsdLoads=True', '--/app/renderer/resolution/width=1280', '--/app/renderer/resolution/height=720', '--/app/window/width=1440', '--/app/window/height=900', '--/renderer/multiGpu/enabled=True', '--/app/fastShutdown=True', '--ext-folder', '/opt/conda/envs/isaaclab/lib/python3.10/site-packages/isaacsim/exts', '--ext-folder', '/opt/conda/envs/isaaclab/lib/python3.10/site-packages/isaacsim/apps', '--/renderer/activeGpu=0', '--/physics/cudaDevice=0', '--portable', '--no-window', '--/app/window/hideUi=True']
Passing the following args to the base kit application:  ['--config', '/ws/configs/marv_config_mitriakov.yaml', '--headless']
Warp 1.2.1 initialized:
   CUDA Toolkit 11.8, Driver 12.9
   Devices:
     "cpu"      : "CPU"
     "cuda:0"   : "NVIDIA A100-SXM4-40GB" (39 GiB, sm_80, mempool enabled)
   Kernel cache:
     /home/sargapav/.cache/warp/1.2.1
[INFO]: Base environment:
	Environment device    : cuda:0
	Environment seed      : None
	Physics step-size     : 0.005
	Rendering step-size   : 0.025
	Environment step-size : 0.1
[INFO]: Time taken for scene creation : 1.019704 seconds
[INFO]: Scene manager:  <class InteractiveScene>
	Number of environments: 1024
	Environment spacing   : 0.0
	Source prim name      : /World/envs/env_0
	Global prim paths     : ['/World/terrain']
	Replicate physics     : True
[INFO]: Starting the simulation. This may take a few seconds. Please wait...
[INFO]: Time taken for simulation start : 17.113245 seconds
[INFO]: Completed setting up the environment...
2026-08-01 13:21:27,982 [RunLogger][[92mINFO[00m]: RunLogger initialized for run train_marv_mitriakov_11279578_attempt_0 at /ws/logs/train_marv_mitriakov_11279578/attempt_0 (logutils.py:105)
2026-08-01 13:21:35,135 [ftr_ppo_train][[92mINFO[00m]: Seed: 42  (random ✓  numpy ✓  torch ✓  cuda ✓) (train_ftr.py:272)
2026-08-01 13:21:35,753 [ftr_ppo_train][[92mINFO[00m]: Initialized FtrPPOTrainer. (train_ftr.py:380)
2026-08-01 13:21:35,753 [ftr_ppo_train][[92mINFO[00m]: Iteration size: 131072, frames_per_sub_batch: 4096, optimisation steps per iter: 32 (train_ftr.py:553)
2026-08-01 15:41:07,354 [ftr_ppo_train][[91mERROR[00m]: Training failed: CUDA error: an illegal memory access was encountered
CUDA kernel errors might be asynchronously reported at some other API call, so the stacktrace below might be incorrect.
For debugging consider passing CUDA_LAUNCH_BLOCKING=1
Compile with `TORCH_USE_CUDA_DSA` to enable device-side assertions.
 (train_ftr.py:516)
########################################################################
Python script finished with exit status: 75
########################################################################
Exit code 75 detected (CUDA/W&B error). Respawning training (attempt 2/5)...
########################################################################
Starting training (respawn #1 of 5)...
########################################################################
[Warning] [omni.isaac.kit.simulation_app] Modules: ['omni.kit_app'] were loaded before SimulationApp was started and might not be loaded correctly.
[Warning] [omni.isaac.kit.simulation_app] Please check to make sure no extra omniverse or pxr modules are imported before the call to SimulationApp(...)
[Info] [carb] Logging to file: /opt/conda/envs/isaaclab/lib/python3.10/site-packages/omni/logs/Kit/Isaac-Sim/4.2/kit_20260801_154120.log
2026-08-01 13:41:20 [0ms] [Warning] [omni.kit.app.plugin] No crash reporter present, dumps uploading isn't available.
2026-08-01 13:41:20 [4ms] [Warning] [omni.ext.plugin] [ext: src] Extensions config 'extension.toml' doesn't exist '/home/sargapav/robot_rodeo_gym_ws/src' or '/home/sargapav/robot_rodeo_gym_ws/src/config'
2026-08-01 13:41:20 [4ms] [Warning] [omni.ext.plugin] [ext: containers] Extensions config 'extension.toml' doesn't exist '/home/sargapav/robot_rodeo_gym_ws/containers' or '/home/sargapav/robot_rodeo_gym_ws/containers/config'
2026-08-01 13:41:20 [4ms] [Warning] [omni.ext.plugin] [ext: configs] Extensions config 'extension.toml' doesn't exist '/home/sargapav/robot_rodeo_gym_ws/configs' or '/home/sargapav/robot_rodeo_gym_ws/configs/config'
2026-08-01 13:41:20 [5ms] [Warning] [omni.ext.plugin] [ext: scripts] Extensions config 'extension.toml' doesn't exist '/home/sargapav/robot_rodeo_gym_ws/scripts' or '/home/sargapav/robot_rodeo_gym_ws/scripts/config'
2026-08-01 13:41:20 [5ms] [Warning] [omni.ext.plugin] [ext: secrets] Extensions config 'extension.toml' doesn't exist '/home/sargapav/robot_rodeo_gym_ws/secrets' or '/home/sargapav/robot_rodeo_gym_ws/secrets/config'
2026-08-01 13:41:20 [5ms] [Warning] [omni.ext.plugin] [ext: experiments] Extensions config 'extension.toml' doesn't exist '/home/sargapav/robot_rodeo_gym_ws/experiments' or '/home/sargapav/robot_rodeo_gym_ws/experiments/config'
2026-08-01 13:41:20 [5ms] [Warning] [omni.ext.plugin] [ext: notebooks] Extensions config 'extension.toml' doesn't exist '/home/sargapav/robot_rodeo_gym_ws/notebooks' or '/home/sargapav/robot_rodeo_gym_ws/notebooks/config'
2026-08-01 13:41:20 [5ms] [Warning] [omni.ext.plugin] [ext: wandb] Extensions config 'extension.toml' doesn't exist '/home/sargapav/robot_rodeo_gym_ws/wandb' or '/home/sargapav/robot_rodeo_gym_ws/wandb/config'
2026-08-01 13:41:20 [5ms] [Warning] [omni.ext.plugin] [ext: logs] Extensions config 'extension.toml' doesn't exist '/home/sargapav/robot_rodeo_gym_ws/logs' or '/home/sargapav/robot_rodeo_gym_ws/logs/config'
2026-08-01 13:41:20 [5ms] [Warning] [omni.ext.plugin] [ext: slurm] Extensions config 'extension.toml' doesn't exist '/home/sargapav/robot_rodeo_gym_ws/slurm' or '/home/sargapav/robot_rodeo_gym_ws/slurm/config'
2026-08-01 13:41:20 [5ms] [Warning] [omni.ext.plugin] [ext: runs] Extensions config 'extension.toml' doesn't exist '/home/sargapav/robot_rodeo_gym_ws/runs' or '/home/sargapav/robot_rodeo_gym_ws/runs/config'
2026-08-01 13:41:20 [6ms] [Warning] [omni.ext.plugin] [ext: optuna] Extensions config 'extension.toml' doesn't exist '/home/sargapav/robot_rodeo_gym_ws/optuna' or '/home/sargapav/robot_rodeo_gym_ws/optuna/config'
[0.324s] [ext: omni.kit.async_engine-0.0.1] startup
[0.714s] [ext: omni.stats-1.0.1] startup
[0.722s] [ext: omni.client-1.2.0] startup
[0.888s] [ext: omni.gpu_foundation.shadercache.vulkan-1.0.0] startup
[0.895s] [ext: omni.assets.plugins-0.0.0] startup
[0.912s] [ext: omni.gpu_foundation-0.0.0] startup
[1.078s] [ext: omni.kit.pipapi-0.0.0] startup
[1.080s] [ext: omni.materialx.libs-1.0.4] startup
[1.109s] [ext: omni.kit.pip_archive-0.0.0] startup
[1.110s] [ext: omni.usd.config-1.0.4] startup
[1.124s] [ext: omni.gpucompute.plugins-0.0.0] startup
[1.128s] [ext: omni.usd.libs-1.0.1] startup
[1.577s] [ext: omni.kit.telemetry-0.5.0] startup
[1.634s] [ext: omni.usd.schema.semantics-0.0.0] startup
[1.875s] [ext: omni.usd.schema.audio-0.0.0] startup
[1.909s] [ext: omni.usd.schema.physx-106.1.9] startup
[2.007s] [ext: carb.audio-0.1.0] startup
[2.045s] [ext: omni.kvdb-106.1.9] startup
[2.054s] [ext: omni.timeline-1.0.10] startup
[2.060s] [ext: omni.kit.actions.core-1.0.0] startup
[2.070s] [ext: omni.kit.audiodeviceenum-1.0.1] startup
[2.076s] [ext: omni.localcache-106.1.9] startup
[2.081s] [ext: omni.usd_resolver-1.0.0] startup
[2.093s] [ext: omni.kit.commands-1.4.9] startup
[2.104s] [ext: omni.graph.exec-0.9.4] startup
[2.108s] [ext: omni.usd.core-1.4.1] startup
[2.121s] [ext: omni.kit.usd_undo-0.1.8] startup
[2.122s] [ext: omni.kit.exec.core-0.13.4] startup
[2.131s] [ext: omni.convexdecomposition-106.1.9] startup
[2.143s] [ext: omni.usd-1.12.2] startup
[2.227s] [ext: omni.usdphysics-106.1.9] startup
[2.231s] [ext: omni.physx.foundation-106.1.9] startup
[2.248s] [ext: omni.kit.usd.layers-2.1.36] startup
[2.270s] [ext: omni.physx.cooking-106.1.9] startup
[2.288s] [ext: omni.blobkey-1.1.2] startup
[2.293s] [ext: omni.datastore-0.0.0] startup
[2.362s] [ext: omni.ujitso.default-1.0.0] startup
[2.373s] [ext: omni.hsscclient-1.1.1] startup
[2.388s] [ext: omni.kit.primitive.mesh-1.0.17] startup
[2.395s] [ext: usdrt.scenegraph-7.5.0] startup
[2.526s] [ext: omni.warp.core-1.2.1] startup
[2.657s] [ext: omni.physx-106.1.9] startup
[2.712s] [ext: omni.kit.stage_template.core-1.1.22] startup
[2.714s] [ext: omni.physx.stageupdate-106.1.9] startup
[2.721s] [ext: omni.kit.stage_templates-1.2.5] startup
[2.724s] [ext: omni.physics.tensors-106.1.9] startup
[2.736s] [ext: omni.isaac.version-1.1.0] startup
[2.738s] [ext: omni.physx.tensors-106.1.9] startup
[3.264s] [ext: omni.isaac.nucleus-0.3.1] startup
[3.266s] [ext: omni.kit.loop-isaac-1.2.0] startup
[3.271s] [ext: omni.isaac.core-3.19.5] startup
2026-08-01 13:41:25 [4,681ms] [Warning] [omni.platforminfo.plugin] failed to open the default display.  Can't verify X Server version.
2026-08-01 13:41:25 [4,683ms] [Warning] [omni.platforminfo.plugin] failed to load XRAndR.
[6.615s] [ext: omni.physx.fabric-106.1.9] startup
[6.631s] [ext: omni.isaac.kit-1.13.2] startup
[6.631s] [ext: omni.isaac.cloner-0.8.1] startup
[6.632s] [ext: isaaclab.python.headless-1.2.0] startup
[6.634s] Simulation App Starting
2026-08-01 13:41:27 [6,569ms] [Warning] [gpu.foundation.plugin] [ShaderCache]: Creating driver shaderCache directory failed: /opt/conda/envs/isaaclab/lib/python3.10/site-packages/omni/cache/nv_shadercache

|---------------------------------------------------------------------------------------------|
| Driver Version: 0             | Graphics API: Vulkan
|=============================================================================================|
| GPU | Name                             | Active | LDA | GPU Memory | Vendor-ID | LUID       |
|     |                                  |        |     |            | Device-ID | UUID       |
|     |                                  |        |     |            | Bus-ID    |            |
|=============================================================================================|
| OS: 13 (trixie) debian, Version: 13.1734960750.0, Kernel: 4.18.0-553.51.1.el8_10.x86_64
| Processor: AMD EPYC 7763 64-Core Processor | Cores: 128 | Logical: 256
|---------------------------------------------------------------------------------------------|
| Total Memory (MB): 1031842 | Free Memory: 902478
| Total Page/Swap (MB): 0 | Free Page/Swap: 0
|---------------------------------------------------------------------------------------------|
2026-08-01 13:41:28 [7,317ms] [Warning] [omni.physx.foundation.plugin] PhysXFoundation: Couldn't get driver version, failed to getDeviceInfo
2026-08-01 13:41:28 [7,317ms] [Warning] [omni.physx.foundation.plugin] PhysXFoundation: Unable to get IGpuFoundation, GpuDevices or Graphics!
2026-08-01 13:41:28 [7,317ms] [Warning] [carb.cudainterop.plugin] CUDA_VISIBLE_DEVICES environment variable is set.
2026-08-01 13:41:28 [7,317ms] [Warning] [carb.cudainterop.plugin] Note CUDA device enumeration and Omniverse device enumeration are different.
2026-08-01 13:41:28 [7,317ms] [Warning] [carb.cudainterop.plugin] Setting CUDA_VISIBLE_DEVICES can lead to undesired behavior or crashes.
[8.467s] app ready
[INFO][AppLauncher]: Loading experience file: /opt/IsaacLab/source/extensions/omni.isaac.lab/omni/isaac/lab/app/../../../../../../apps/isaaclab.python.headless.kit
Starting kit application with the following args:  ['/opt/conda/envs/isaaclab/lib/python3.10/site-packages/isaacsim/exts/omni.isaac.kit/omni/isaac/kit/simulation_app.py', '/opt/IsaacLab/source/extensions/omni.isaac.lab/omni/isaac/lab/app/../../../../../../apps/isaaclab.python.headless.kit', '--/app/tokens/exe-path=/opt/conda/envs/isaaclab/lib/python3.10/site-packages/omni', '--/persistent/app/viewport/displayOptions=3094', '--/rtx/materialDb/syncLoads=True', '--/rtx/hydra/materialSyncLoads=True', '--/omni.kit.plugin/syncUsdLoads=True', '--/app/renderer/resolution/width=1280', '--/app/renderer/resolution/height=720', '--/app/window/width=1440', '--/app/window/height=900', '--/renderer/multiGpu/enabled=True', '--/app/fastShutdown=True', '--ext-folder', '/opt/conda/envs/isaaclab/lib/python3.10/site-packages/isaacsim/exts', '--ext-folder', '/opt/conda/envs/isaaclab/lib/python3.10/site-packages/isaacsim/apps', '--/renderer/activeGpu=0', '--/physics/cudaDevice=0', '--portable', '--no-window', '--/app/window/hideUi=True']
Passing the following args to the base kit application:  ['--config', '/ws/configs/marv_config_mitriakov.yaml', '--headless']
[INFO] Respawn detected — loading config from previous attempt: /ws/logs/train_marv_mitriakov_11279578/attempt_0/config.yaml
[8.632s] Simulation App Startup Complete
2026-08-01 13:41:34 [13,347ms] [Warning] [pxr.Semantics] pxr.Semantics is deprecated - please use Semantics instead
2026-08-01 13:41:36 [15,737ms] [Warning] [omni.isaac.lab.envs.direct_rl_env] Seed not set for the environment. The environment creation may not be deterministic.
2026-08-01 13:41:36 [15,780ms] [Warning] [omni.isaac.lab.envs.direct_rl_env] The render interval (5) is smaller than the decimation (20). Multiple multiple render calls will happen for each environment step.If this is not intended, set the render interval to be equal to the decimation.
Warp 1.2.1 initialized:
   CUDA Toolkit 11.8, Driver 12.9
   Devices:
     "cpu"      : "CPU"
     "cuda:0"   : "NVIDIA A100-SXM4-40GB" (39 GiB, sm_80, mempool enabled)
   Kernel cache:
     /home/sargapav/.cache/warp/1.2.1
[INFO]: Base environment:
	Environment device    : cuda:0
	Environment seed      : None
	Physics step-size     : 0.005
	Rendering step-size   : 0.025
	Environment step-size : 0.1
[INFO]: Time taken for scene creation : 0.976636 seconds
[INFO]: Scene manager:  <class InteractiveScene>
	Number of environments: 1024
	Environment spacing   : 0.0
	Source prim name      : /World/envs/env_0
	Global prim paths     : ['/World/terrain']
	Replicate physics     : True
[INFO]: Starting the simulation. This may take a few seconds. Please wait...
[INFO]: Time taken for simulation start : 16.599030 seconds
[INFO]: Completed setting up the environment...
2026-08-01 15:41:54,335 [RunLogger][[92mINFO[00m]: RunLogger initialized for run train_marv_mitriakov_11279578_attempt_1 at /ws/logs/train_marv_mitriakov_11279578/attempt_1 (logutils.py:105)
2026-08-01 15:42:01,579 [ftr_ppo_train][[92mINFO[00m]: Seed: 42  (random ✓  numpy ✓  torch ✓  cuda ✓) (train_ftr.py:272)
2026-08-01 15:42:01,614 [ftr_ppo_train][[93mWARNING[00m]: Found step (attempt_0) checkpoint: policy_step_7995392.pth / vecnorm_step_7995392.pth (train_ftr.py:417)
2026-08-01 15:42:01,618 [ftr_ppo_train][[92mINFO[00m]: Loaded policy from step (attempt_0) checkpoint (train_ftr.py:423)
2026-08-01 15:42:01,620 [ftr_ppo_train][[92mINFO[00m]: Loaded vecnorm from step (attempt_0) checkpoint (train_ftr.py:430)
2026-08-01 15:42:01,620 [ftr_ppo_train][[93mWARNING[00m]: Resuming from step (attempt_0) checkpoint — training may have inconsistent metrics. (train_ftr.py:435)
2026-08-01 15:42:01,626 [ftr_ppo_train][[93mWARNING[00m]: Failed to load training checkpoint: 'FtrPPOTrainer' object has no attribute 'optim' (train_ftr.py:504)
2026-08-01 15:42:02,089 [ftr_ppo_train][[92mINFO[00m]: Initialized FtrPPOTrainer. (train_ftr.py:380)
2026-08-01 15:42:02,089 [ftr_ppo_train][[92mINFO[00m]: Iteration size: 131072, frames_per_sub_batch: 4096, optimisation steps per iter: 32 (train_ftr.py:553)
2026-08-01 13:42:01 [40,681ms] [Warning] [ftr_ppo_train] Found step (attempt_0) checkpoint: policy_step_7995392.pth / vecnorm_step_7995392.pth
2026-08-01 13:42:01 [40,687ms] [Warning] [ftr_ppo_train] Resuming from step (attempt_0) checkpoint — training may have inconsistent metrics.
2026-08-01 13:42:01 [40,693ms] [Warning] [ftr_ppo_train] Failed to load training checkpoint: 'FtrPPOTrainer' object has no attribute 'optim'
2026-08-01 16:10:44,197 [ftr_ppo_train][[91mERROR[00m]: Training failed: CUDA error: an illegal memory access was encountered
CUDA kernel errors might be asynchronously reported at some other API call, so the stacktrace below might be incorrect.
For debugging consider passing CUDA_LAUNCH_BLOCKING=1
Compile with `TORCH_USE_CUDA_DSA` to enable device-side assertions.
 (train_ftr.py:516)
########################################################################
Python script finished with exit status: 75
########################################################################
Exit code 75 detected (CUDA/W&B error). Respawning training (attempt 3/5)...
########################################################################
Starting training (respawn #2 of 5)...
########################################################################
[Warning] [omni.isaac.kit.simulation_app] Modules: ['omni.kit_app'] were loaded before SimulationApp was started and might not be loaded correctly.
[Warning] [omni.isaac.kit.simulation_app] Please check to make sure no extra omniverse or pxr modules are imported before the call to SimulationApp(...)
[Info] [carb] Logging to file: /opt/conda/envs/isaaclab/lib/python3.10/site-packages/omni/logs/Kit/Isaac-Sim/4.2/kit_20260801_161057.log
2026-08-01 14:10:57 [0ms] [Warning] [omni.kit.app.plugin] No crash reporter present, dumps uploading isn't available.
2026-08-01 14:10:57 [6ms] [Warning] [omni.ext.plugin] [ext: src] Extensions config 'extension.toml' doesn't exist '/home/sargapav/robot_rodeo_gym_ws/src' or '/home/sargapav/robot_rodeo_gym_ws/src/config'
2026-08-01 14:10:57 [6ms] [Warning] [omni.ext.plugin] [ext: optuna] Extensions config 'extension.toml' doesn't exist '/home/sargapav/robot_rodeo_gym_ws/optuna' or '/home/sargapav/robot_rodeo_gym_ws/optuna/config'
2026-08-01 14:10:57 [6ms] [Warning] [omni.ext.plugin] [ext: notebooks] Extensions config 'extension.toml' doesn't exist '/home/sargapav/robot_rodeo_gym_ws/notebooks' or '/home/sargapav/robot_rodeo_gym_ws/notebooks/config'
2026-08-01 14:10:57 [6ms] [Warning] [omni.ext.plugin] [ext: configs] Extensions config 'extension.toml' doesn't exist '/home/sargapav/robot_rodeo_gym_ws/configs' or '/home/sargapav/robot_rodeo_gym_ws/configs/config'
2026-08-01 14:10:57 [6ms] [Warning] [omni.ext.plugin] [ext: slurm] Extensions config 'extension.toml' doesn't exist '/home/sargapav/robot_rodeo_gym_ws/slurm' or '/home/sargapav/robot_rodeo_gym_ws/slurm/config'
2026-08-01 14:10:57 [6ms] [Warning] [omni.ext.plugin] [ext: logs] Extensions config 'extension.toml' doesn't exist '/home/sargapav/robot_rodeo_gym_ws/logs' or '/home/sargapav/robot_rodeo_gym_ws/logs/config'
2026-08-01 14:10:57 [6ms] [Warning] [omni.ext.plugin] [ext: containers] Extensions config 'extension.toml' doesn't exist '/home/sargapav/robot_rodeo_gym_ws/containers' or '/home/sargapav/robot_rodeo_gym_ws/containers/config'
2026-08-01 14:10:57 [7ms] [Warning] [omni.ext.plugin] [ext: secrets] Extensions config 'extension.toml' doesn't exist '/home/sargapav/robot_rodeo_gym_ws/secrets' or '/home/sargapav/robot_rodeo_gym_ws/secrets/config'
2026-08-01 14:10:57 [7ms] [Warning] [omni.ext.plugin] [ext: runs] Extensions config 'extension.toml' doesn't exist '/home/sargapav/robot_rodeo_gym_ws/runs' or '/home/sargapav/robot_rodeo_gym_ws/runs/config'
2026-08-01 14:10:57 [7ms] [Warning] [omni.ext.plugin] [ext: wandb] Extensions config 'extension.toml' doesn't exist '/home/sargapav/robot_rodeo_gym_ws/wandb' or '/home/sargapav/robot_rodeo_gym_ws/wandb/config'
2026-08-01 14:10:57 [7ms] [Warning] [omni.ext.plugin] [ext: scripts] Extensions config 'extension.toml' doesn't exist '/home/sargapav/robot_rodeo_gym_ws/scripts' or '/home/sargapav/robot_rodeo_gym_ws/scripts/config'
2026-08-01 14:10:57 [7ms] [Warning] [omni.ext.plugin] [ext: experiments] Extensions config 'extension.toml' doesn't exist '/home/sargapav/robot_rodeo_gym_ws/experiments' or '/home/sargapav/robot_rodeo_gym_ws/experiments/config'
[0.354s] [ext: omni.kit.async_engine-0.0.1] startup
[0.781s] [ext: omni.stats-1.0.1] startup
[0.788s] [ext: omni.client-1.2.0] startup
[0.949s] [ext: omni.gpu_foundation.shadercache.vulkan-1.0.0] startup
[0.957s] [ext: omni.assets.plugins-0.0.0] startup
[0.974s] [ext: omni.gpu_foundation-0.0.0] startup
[1.123s] [ext: omni.kit.pipapi-0.0.0] startup
[1.125s] [ext: omni.materialx.libs-1.0.4] startup
[1.153s] [ext: omni.kit.pip_archive-0.0.0] startup
[1.154s] [ext: omni.usd.config-1.0.4] startup
[1.170s] [ext: omni.gpucompute.plugins-0.0.0] startup
[1.173s] [ext: omni.usd.libs-1.0.1] startup
[1.610s] [ext: omni.kit.telemetry-0.5.0] startup
[1.672s] [ext: omni.usd.schema.semantics-0.0.0] startup
[1.904s] [ext: omni.usd.schema.audio-0.0.0] startup
[1.938s] [ext: omni.usd.schema.physx-106.1.9] startup
[2.036s] [ext: carb.audio-0.1.0] startup
[2.079s] [ext: omni.kvdb-106.1.9] startup
[2.088s] [ext: omni.timeline-1.0.10] startup
[2.096s] [ext: omni.kit.actions.core-1.0.0] startup
[2.104s] [ext: omni.kit.audiodeviceenum-1.0.1] startup
[2.109s] [ext: omni.localcache-106.1.9] startup
[2.114s] [ext: omni.usd_resolver-1.0.0] startup
[2.125s] [ext: omni.kit.commands-1.4.9] startup
[2.135s] [ext: omni.graph.exec-0.9.4] startup
[2.138s] [ext: omni.usd.core-1.4.1] startup
[2.151s] [ext: omni.kit.usd_undo-0.1.8] startup
[2.152s] [ext: omni.kit.exec.core-0.13.4] startup
[2.161s] [ext: omni.convexdecomposition-106.1.9] startup
[2.172s] [ext: omni.usd-1.12.2] startup
[2.249s] [ext: omni.usdphysics-106.1.9] startup
[2.254s] [ext: omni.physx.foundation-106.1.9] startup
[2.269s] [ext: omni.kit.usd.layers-2.1.36] startup
[2.290s] [ext: omni.physx.cooking-106.1.9] startup
[2.308s] [ext: omni.blobkey-1.1.2] startup
[2.312s] [ext: omni.datastore-0.0.0] startup
[2.377s] [ext: omni.ujitso.default-1.0.0] startup
[2.388s] [ext: omni.hsscclient-1.1.1] startup
[2.402s] [ext: omni.kit.primitive.mesh-1.0.17] startup
[2.410s] [ext: usdrt.scenegraph-7.5.0] startup
[2.534s] [ext: omni.warp.core-1.2.1] startup
[2.661s] [ext: omni.physx-106.1.9] startup
[2.714s] [ext: omni.kit.stage_template.core-1.1.22] startup
[2.716s] [ext: omni.physx.stageupdate-106.1.9] startup
[2.723s] [ext: omni.kit.stage_templates-1.2.5] startup
[2.726s] [ext: omni.physics.tensors-106.1.9] startup
[2.739s] [ext: omni.isaac.version-1.1.0] startup
[2.741s] [ext: omni.physx.tensors-106.1.9] startup
[3.313s] [ext: omni.isaac.nucleus-0.3.1] startup
[3.316s] [ext: omni.kit.loop-isaac-1.2.0] startup
[3.319s] [ext: omni.isaac.core-3.19.5] startup
2026-08-01 14:11:02 [4,663ms] [Warning] [omni.platforminfo.plugin] failed to open the default display.  Can't verify X Server version.
2026-08-01 14:11:02 [4,665ms] [Warning] [omni.platforminfo.plugin] failed to load XRAndR.
[6.535s] [ext: omni.physx.fabric-106.1.9] startup
[6.552s] [ext: omni.isaac.kit-1.13.2] startup
[6.552s] [ext: omni.isaac.cloner-0.8.1] startup
[6.553s] [ext: isaaclab.python.headless-1.2.0] startup
[6.555s] Simulation App Starting
2026-08-01 14:11:04 [6,489ms] [Warning] [gpu.foundation.plugin] [ShaderCache]: Creating driver shaderCache directory failed: /opt/conda/envs/isaaclab/lib/python3.10/site-packages/omni/cache/nv_shadercache

|---------------------------------------------------------------------------------------------|
| Driver Version: 0             | Graphics API: Vulkan
|=============================================================================================|
| GPU | Name                             | Active | LDA | GPU Memory | Vendor-ID | LUID       |
|     |                                  |        |     |            | Device-ID | UUID       |
|     |                                  |        |     |            | Bus-ID    |            |
|=============================================================================================|
| OS: 13 (trixie) debian, Version: 13.1986620513.740436581, Kernel: 4.18.0-553.51.1.el8_10.x86_64
| Processor: AMD EPYC 7763 64-Core Processor | Cores: 128 | Logical: 256
|---------------------------------------------------------------------------------------------|
| Total Memory (MB): 1031842 | Free Memory: 810952
| Total Page/Swap (MB): 0 | Free Page/Swap: 0
|---------------------------------------------------------------------------------------------|
2026-08-01 14:11:05 [7,239ms] [Warning] [omni.physx.foundation.plugin] PhysXFoundation: Couldn't get driver version, failed to getDeviceInfo
2026-08-01 14:11:05 [7,239ms] [Warning] [omni.physx.foundation.plugin] PhysXFoundation: Unable to get IGpuFoundation, GpuDevices or Graphics!
2026-08-01 14:11:05 [7,239ms] [Warning] [carb.cudainterop.plugin] CUDA_VISIBLE_DEVICES environment variable is set.
2026-08-01 14:11:05 [7,239ms] [Warning] [carb.cudainterop.plugin] Note CUDA device enumeration and Omniverse device enumeration are different.
2026-08-01 14:11:05 [7,239ms] [Warning] [carb.cudainterop.plugin] Setting CUDA_VISIBLE_DEVICES can lead to undesired behavior or crashes.
[8.402s] app ready
[INFO][AppLauncher]: Loading experience file: /opt/IsaacLab/source/extensions/omni.isaac.lab/omni/isaac/lab/app/../../../../../../apps/isaaclab.python.headless.kit
Starting kit application with the following args:  ['/opt/conda/envs/isaaclab/lib/python3.10/site-packages/isaacsim/exts/omni.isaac.kit/omni/isaac/kit/simulation_app.py', '/opt/IsaacLab/source/extensions/omni.isaac.lab/omni/isaac/lab/app/../../../../../../apps/isaaclab.python.headless.kit', '--/app/tokens/exe-path=/opt/conda/envs/isaaclab/lib/python3.10/site-packages/omni', '--/persistent/app/viewport/displayOptions=3094', '--/rtx/materialDb/syncLoads=True', '--/rtx/hydra/materialSyncLoads=True', '--/omni.kit.plugin/syncUsdLoads=True', '--/app/renderer/resolution/width=1280', '--/app/renderer/resolution/height=720', '--/app/window/width=1440', '--/app/window/height=900', '--/renderer/multiGpu/enabled=True', '--/app/fastShutdown=True', '--ext-folder', '/opt/conda/envs/isaaclab/lib/python3.10/site-packages/isaacsim/exts', '--ext-folder', '/opt/conda/envs/isaaclab/lib/python3.10/site-packages/isaacsim/apps', '--/renderer/activeGpu=0', '--/physics/cudaDevice=0', '--portable', '--no-window', '--/app/window/hideUi=True']
Passing the following args to the base kit application:  ['--config', '/ws/configs/marv_config_mitriakov.yaml', '--headless']
[INFO] Respawn detected — loading config from previous attempt: /ws/logs/train_marv_mitriakov_11279578/attempt_1/config.yaml
[8.568s] Simulation App Startup Complete
2026-08-01 14:11:11 [13,307ms] [Warning] [pxr.Semantics] pxr.Semantics is deprecated - please use Semantics instead
2026-08-01 14:11:13 [15,791ms] [Warning] [omni.isaac.lab.envs.direct_rl_env] Seed not set for the environment. The environment creation may not be deterministic.
2026-08-01 14:11:13 [15,838ms] [Warning] [omni.isaac.lab.envs.direct_rl_env] The render interval (5) is smaller than the decimation (20). Multiple multiple render calls will happen for each environment step.If this is not intended, set the render interval to be equal to the decimation.
Warp 1.2.1 initialized:
   CUDA Toolkit 11.8, Driver 12.9
   Devices:
     "cpu"      : "CPU"
     "cuda:0"   : "NVIDIA A100-SXM4-40GB" (39 GiB, sm_80, mempool enabled)
   Kernel cache:
     /home/sargapav/.cache/warp/1.2.1
[INFO]: Base environment:
	Environment device    : cuda:0
	Environment seed      : None
	Physics step-size     : 0.005
	Rendering step-size   : 0.025
	Environment step-size : 0.1
[INFO]: Time taken for scene creation : 0.981212 seconds
[INFO]: Scene manager:  <class InteractiveScene>
	Number of environments: 1024
	Environment spacing   : 0.0
	Source prim name      : /World/envs/env_0
	Global prim paths     : ['/World/terrain']
	Replicate physics     : True
[INFO]: Starting the simulation. This may take a few seconds. Please wait...
[INFO]: Time taken for simulation start : 17.668772 seconds
[INFO]: Completed setting up the environment...
2026-08-01 16:11:32,484 [RunLogger][[92mINFO[00m]: RunLogger initialized for run train_marv_mitriakov_11279578_attempt_2 at /ws/logs/train_marv_mitriakov_11279578/attempt_2 (logutils.py:105)
2026-08-01 16:11:40,300 [ftr_ppo_train][[92mINFO[00m]: Seed: 42  (random ✓  numpy ✓  torch ✓  cuda ✓) (train_ftr.py:272)
2026-08-01 16:11:40,346 [ftr_ppo_train][[93mWARNING[00m]: Found step (attempt_1) checkpoint: policy_step_1441792.pth / vecnorm_step_1441792.pth (train_ftr.py:417)
2026-08-01 16:11:40,351 [ftr_ppo_train][[92mINFO[00m]: Loaded policy from step (attempt_1) checkpoint (train_ftr.py:423)
2026-08-01 16:11:40,352 [ftr_ppo_train][[92mINFO[00m]: Loaded vecnorm from step (attempt_1) checkpoint (train_ftr.py:430)
2026-08-01 16:11:40,352 [ftr_ppo_train][[93mWARNING[00m]: Resuming from step (attempt_1) checkpoint — training may have inconsistent metrics. (train_ftr.py:435)
2026-08-01 16:11:40,358 [ftr_ppo_train][[93mWARNING[00m]: Failed to load training checkpoint: 'FtrPPOTrainer' object has no attribute 'optim' (train_ftr.py:504)
2026-08-01 16:11:40,857 [ftr_ppo_train][[92mINFO[00m]: Initialized FtrPPOTrainer. (train_ftr.py:380)
2026-08-01 16:11:40,857 [ftr_ppo_train][[92mINFO[00m]: Iteration size: 131072, frames_per_sub_batch: 4096, optimisation steps per iter: 32 (train_ftr.py:553)
2026-08-01 14:11:40 [42,424ms] [Warning] [ftr_ppo_train] Found step (attempt_1) checkpoint: policy_step_1441792.pth / vecnorm_step_1441792.pth
2026-08-01 14:11:40 [42,431ms] [Warning] [ftr_ppo_train] Resuming from step (attempt_1) checkpoint — training may have inconsistent metrics.
2026-08-01 14:11:40 [42,437ms] [Warning] [ftr_ppo_train] Failed to load training checkpoint: 'FtrPPOTrainer' object has no attribute 'optim'
########################################################################
Python script finished with exit status: 75
########################################################################
Exit code 75 detected (CUDA/W&B error). Respawning training (attempt 4/5)...
########################################################################
Starting training (respawn #3 of 5)...
########################################################################
[Warning] [omni.isaac.kit.simulation_app] Modules: ['omni.kit_app'] were loaded before SimulationApp was started and might not be loaded correctly.
[Warning] [omni.isaac.kit.simulation_app] Please check to make sure no extra omniverse or pxr modules are imported before the call to SimulationApp(...)
[Info] [carb] Logging to file: /opt/conda/envs/isaaclab/lib/python3.10/site-packages/omni/logs/Kit/Isaac-Sim/4.2/kit_20260801_163020.log
2026-08-01 14:30:20 [0ms] [Warning] [omni.kit.app.plugin] No crash reporter present, dumps uploading isn't available.
2026-08-01 14:30:20 [6ms] [Warning] [omni.ext.plugin] [ext: containers] Extensions config 'extension.toml' doesn't exist '/home/sargapav/robot_rodeo_gym_ws/containers' or '/home/sargapav/robot_rodeo_gym_ws/containers/config'
2026-08-01 14:30:20 [6ms] [Warning] [omni.ext.plugin] [ext: experiments] Extensions config 'extension.toml' doesn't exist '/home/sargapav/robot_rodeo_gym_ws/experiments' or '/home/sargapav/robot_rodeo_gym_ws/experiments/config'
2026-08-01 14:30:20 [6ms] [Warning] [omni.ext.plugin] [ext: notebooks] Extensions config 'extension.toml' doesn't exist '/home/sargapav/robot_rodeo_gym_ws/notebooks' or '/home/sargapav/robot_rodeo_gym_ws/notebooks/config'
2026-08-01 14:30:20 [6ms] [Warning] [omni.ext.plugin] [ext: src] Extensions config 'extension.toml' doesn't exist '/home/sargapav/robot_rodeo_gym_ws/src' or '/home/sargapav/robot_rodeo_gym_ws/src/config'
2026-08-01 14:30:20 [6ms] [Warning] [omni.ext.plugin] [ext: scripts] Extensions config 'extension.toml' doesn't exist '/home/sargapav/robot_rodeo_gym_ws/scripts' or '/home/sargapav/robot_rodeo_gym_ws/scripts/config'
2026-08-01 14:30:20 [6ms] [Warning] [omni.ext.plugin] [ext: wandb] Extensions config 'extension.toml' doesn't exist '/home/sargapav/robot_rodeo_gym_ws/wandb' or '/home/sargapav/robot_rodeo_gym_ws/wandb/config'
2026-08-01 14:30:20 [7ms] [Warning] [omni.ext.plugin] [ext: logs] Extensions config 'extension.toml' doesn't exist '/home/sargapav/robot_rodeo_gym_ws/logs' or '/home/sargapav/robot_rodeo_gym_ws/logs/config'
2026-08-01 14:30:20 [7ms] [Warning] [omni.ext.plugin] [ext: optuna] Extensions config 'extension.toml' doesn't exist '/home/sargapav/robot_rodeo_gym_ws/optuna' or '/home/sargapav/robot_rodeo_gym_ws/optuna/config'
2026-08-01 14:30:20 [7ms] [Warning] [omni.ext.plugin] [ext: runs] Extensions config 'extension.toml' doesn't exist '/home/sargapav/robot_rodeo_gym_ws/runs' or '/home/sargapav/robot_rodeo_gym_ws/runs/config'
2026-08-01 14:30:20 [7ms] [Warning] [omni.ext.plugin] [ext: configs] Extensions config 'extension.toml' doesn't exist '/home/sargapav/robot_rodeo_gym_ws/configs' or '/home/sargapav/robot_rodeo_gym_ws/configs/config'
2026-08-01 14:30:20 [7ms] [Warning] [omni.ext.plugin] [ext: secrets] Extensions config 'extension.toml' doesn't exist '/home/sargapav/robot_rodeo_gym_ws/secrets' or '/home/sargapav/robot_rodeo_gym_ws/secrets/config'
2026-08-01 14:30:20 [7ms] [Warning] [omni.ext.plugin] [ext: slurm] Extensions config 'extension.toml' doesn't exist '/home/sargapav/robot_rodeo_gym_ws/slurm' or '/home/sargapav/robot_rodeo_gym_ws/slurm/config'
[0.432s] [ext: omni.kit.async_engine-0.0.1] startup
[0.833s] [ext: omni.stats-1.0.1] startup
[0.840s] [ext: omni.client-1.2.0] startup
[1.010s] [ext: omni.gpu_foundation.shadercache.vulkan-1.0.0] startup
[1.018s] [ext: omni.assets.plugins-0.0.0] startup
[1.034s] [ext: omni.gpu_foundation-0.0.0] startup
[1.189s] [ext: omni.kit.pipapi-0.0.0] startup
[1.190s] [ext: omni.materialx.libs-1.0.4] startup
[1.219s] [ext: omni.kit.pip_archive-0.0.0] startup
[1.220s] [ext: omni.usd.config-1.0.4] startup
[1.235s] [ext: omni.gpucompute.plugins-0.0.0] startup
[1.238s] [ext: omni.usd.libs-1.0.1] startup
[1.683s] [ext: omni.kit.telemetry-0.5.0] startup
[1.742s] [ext: omni.usd.schema.semantics-0.0.0] startup
[1.992s] [ext: omni.usd.schema.audio-0.0.0] startup
[2.024s] [ext: omni.usd.schema.physx-106.1.9] startup
[2.123s] [ext: carb.audio-0.1.0] startup
[2.163s] [ext: omni.kvdb-106.1.9] startup
[2.172s] [ext: omni.timeline-1.0.10] startup
[2.178s] [ext: omni.kit.actions.core-1.0.0] startup
[2.189s] [ext: omni.kit.audiodeviceenum-1.0.1] startup
[2.194s] [ext: omni.localcache-106.1.9] startup
[2.199s] [ext: omni.usd_resolver-1.0.0] startup
[2.212s] [ext: omni.kit.commands-1.4.9] startup
[2.223s] [ext: omni.graph.exec-0.9.4] startup
[2.228s] [ext: omni.usd.core-1.4.1] startup
[2.243s] [ext: omni.kit.usd_undo-0.1.8] startup
[2.244s] [ext: omni.kit.exec.core-0.13.4] startup
[2.255s] [ext: omni.convexdecomposition-106.1.9] startup
[2.268s] [ext: omni.usd-1.12.2] startup
[2.351s] [ext: omni.usdphysics-106.1.9] startup
[2.356s] [ext: omni.physx.foundation-106.1.9] startup
[2.371s] [ext: omni.kit.usd.layers-2.1.36] startup
[2.391s] [ext: omni.physx.cooking-106.1.9] startup
[2.409s] [ext: omni.blobkey-1.1.2] startup
[2.414s] [ext: omni.datastore-0.0.0] startup
[2.495s] [ext: omni.ujitso.default-1.0.0] startup
[2.508s] [ext: omni.hsscclient-1.1.1] startup
[2.525s] [ext: omni.kit.primitive.mesh-1.0.17] startup
[2.531s] [ext: usdrt.scenegraph-7.5.0] startup
[2.672s] [ext: omni.warp.core-1.2.1] startup
[2.800s] [ext: omni.physx-106.1.9] startup
[2.857s] [ext: omni.kit.stage_template.core-1.1.22] startup
[2.859s] [ext: omni.physx.stageupdate-106.1.9] startup
[2.866s] [ext: omni.kit.stage_templates-1.2.5] startup
[2.869s] [ext: omni.physics.tensors-106.1.9] startup
[2.882s] [ext: omni.isaac.version-1.1.0] startup
[2.883s] [ext: omni.physx.tensors-106.1.9] startup
[3.418s] [ext: omni.isaac.nucleus-0.3.1] startup
[3.420s] [ext: omni.kit.loop-isaac-1.2.0] startup
[3.424s] [ext: omni.isaac.core-3.19.5] startup
2026-08-01 14:30:24 [4,886ms] [Warning] [omni.platforminfo.plugin] failed to open the default display.  Can't verify X Server version.
2026-08-01 14:30:24 [4,891ms] [Warning] [omni.platforminfo.plugin] failed to load XRAndR.
[6.813s] [ext: omni.physx.fabric-106.1.9] startup
[6.832s] [ext: omni.isaac.kit-1.13.2] startup
[6.832s] [ext: omni.isaac.cloner-0.8.1] startup
[6.834s] [ext: isaaclab.python.headless-1.2.0] startup
[6.835s] Simulation App Starting
2026-08-01 14:30:26 [6,785ms] [Warning] [gpu.foundation.plugin] [ShaderCache]: Creating driver shaderCache directory failed: /opt/conda/envs/isaaclab/lib/python3.10/site-packages/omni/cache/nv_shadercache

|---------------------------------------------------------------------------------------------|
| Driver Version: 0             | Graphics API: Vulkan
|=============================================================================================|
| GPU | Name                             | Active | LDA | GPU Memory | Vendor-ID | LUID       |
|     |                                  |        |     |            | Device-ID | UUID       |
|     |                                  |        |     |            | Bus-ID    |            |
|=============================================================================================|
| OS: 13 (trixie) debian, Version: 13.00.0, Kernel: 4.18.0-553.51.1.el8_10.x86_64
| Processor: AMD EPYC 7763 64-Core Processor | Cores: 128 | Logical: 256
|---------------------------------------------------------------------------------------------|
| Total Memory (MB): 1031842 | Free Memory: 890080
| Total Page/Swap (MB): 0 | Free Page/Swap: 0
|---------------------------------------------------------------------------------------------|
2026-08-01 14:30:27 [7,596ms] [Warning] [omni.physx.foundation.plugin] PhysXFoundation: Couldn't get driver version, failed to getDeviceInfo
2026-08-01 14:30:27 [7,596ms] [Warning] [omni.physx.foundation.plugin] PhysXFoundation: Unable to get IGpuFoundation, GpuDevices or Graphics!
2026-08-01 14:30:27 [7,596ms] [Warning] [carb.cudainterop.plugin] CUDA_VISIBLE_DEVICES environment variable is set.
2026-08-01 14:30:27 [7,596ms] [Warning] [carb.cudainterop.plugin] Note CUDA device enumeration and Omniverse device enumeration are different.
2026-08-01 14:30:27 [7,596ms] [Warning] [carb.cudainterop.plugin] Setting CUDA_VISIBLE_DEVICES can lead to undesired behavior or crashes.
[8.801s] app ready
[INFO][AppLauncher]: Loading experience file: /opt/IsaacLab/source/extensions/omni.isaac.lab/omni/isaac/lab/app/../../../../../../apps/isaaclab.python.headless.kit
Starting kit application with the following args:  ['/opt/conda/envs/isaaclab/lib/python3.10/site-packages/isaacsim/exts/omni.isaac.kit/omni/isaac/kit/simulation_app.py', '/opt/IsaacLab/source/extensions/omni.isaac.lab/omni/isaac/lab/app/../../../../../../apps/isaaclab.python.headless.kit', '--/app/tokens/exe-path=/opt/conda/envs/isaaclab/lib/python3.10/site-packages/omni', '--/persistent/app/viewport/displayOptions=3094', '--/rtx/materialDb/syncLoads=True', '--/rtx/hydra/materialSyncLoads=True', '--/omni.kit.plugin/syncUsdLoads=True', '--/app/renderer/resolution/width=1280', '--/app/renderer/resolution/height=720', '--/app/window/width=1440', '--/app/window/height=900', '--/renderer/multiGpu/enabled=True', '--/app/fastShutdown=True', '--ext-folder', '/opt/conda/envs/isaaclab/lib/python3.10/site-packages/isaacsim/exts', '--ext-folder', '/opt/conda/envs/isaaclab/lib/python3.10/site-packages/isaacsim/apps', '--/renderer/activeGpu=0', '--/physics/cudaDevice=0', '--portable', '--no-window', '--/app/window/hideUi=True']
Passing the following args to the base kit application:  ['--config', '/ws/configs/marv_config_mitriakov.yaml', '--headless']
[INFO] Respawn detected — loading config from previous attempt: /ws/logs/train_marv_mitriakov_11279578/attempt_2/config.yaml
[8.966s] Simulation App Startup Complete
2026-08-01 14:30:33 [13,554ms] [Warning] [pxr.Semantics] pxr.Semantics is deprecated - please use Semantics instead
2026-08-01 14:30:35 [15,828ms] [Warning] [omni.isaac.lab.envs.direct_rl_env] Seed not set for the environment. The environment creation may not be deterministic.
2026-08-01 14:30:35 [15,869ms] [Warning] [omni.isaac.lab.envs.direct_rl_env] The render interval (5) is smaller than the decimation (20). Multiple multiple render calls will happen for each environment step.If this is not intended, set the render interval to be equal to the decimation.
Warp 1.2.1 initialized:
   CUDA Toolkit 11.8, Driver 12.9
   Devices:
     "cpu"      : "CPU"
     "cuda:0"   : "NVIDIA A100-SXM4-40GB" (39 GiB, sm_80, mempool enabled)
   Kernel cache:
     /home/sargapav/.cache/warp/1.2.1
[INFO]: Base environment:
	Environment device    : cuda:0
	Environment seed      : None
	Physics step-size     : 0.005
	Rendering step-size   : 0.025
	Environment step-size : 0.1
[INFO]: Time taken for scene creation : 1.091985 seconds
[INFO]: Scene manager:  <class InteractiveScene>
	Number of environments: 1024
	Environment spacing   : 0.0
	Source prim name      : /World/envs/env_0
	Global prim paths     : ['/World/terrain']
	Replicate physics     : True
[INFO]: Starting the simulation. This may take a few seconds. Please wait...
[INFO]: Time taken for simulation start : 17.259554 seconds
[INFO]: Completed setting up the environment...
2026-08-01 16:30:54,326 [RunLogger][[92mINFO[00m]: RunLogger initialized for run train_marv_mitriakov_11279578_attempt_3 at /ws/logs/train_marv_mitriakov_11279578/attempt_3 (logutils.py:105)
2026-08-01 16:31:02,019 [ftr_ppo_train][[92mINFO[00m]: Seed: 42  (random ✓  numpy ✓  torch ✓  cuda ✓) (train_ftr.py:272)
2026-08-01 16:31:02,072 [ftr_ppo_train][[93mWARNING[00m]: Found step (attempt_2) checkpoint: policy_step_1441792.pth / vecnorm_step_1441792.pth (train_ftr.py:417)
2026-08-01 16:31:02,077 [ftr_ppo_train][[92mINFO[00m]: Loaded policy from step (attempt_2) checkpoint (train_ftr.py:423)
2026-08-01 16:31:02,078 [ftr_ppo_train][[92mINFO[00m]: Loaded vecnorm from step (attempt_2) checkpoint (train_ftr.py:430)
2026-08-01 16:31:02,079 [ftr_ppo_train][[93mWARNING[00m]: Resuming from step (attempt_2) checkpoint — training may have inconsistent metrics. (train_ftr.py:435)
2026-08-01 16:31:02,085 [ftr_ppo_train][[93mWARNING[00m]: Failed to load training checkpoint: 'FtrPPOTrainer' object has no attribute 'optim' (train_ftr.py:504)
2026-08-01 16:31:02,562 [ftr_ppo_train][[92mINFO[00m]: Initialized FtrPPOTrainer. (train_ftr.py:380)
2026-08-01 16:31:02,563 [ftr_ppo_train][[92mINFO[00m]: Iteration size: 131072, frames_per_sub_batch: 4096, optimisation steps per iter: 32 (train_ftr.py:553)
2026-08-01 14:31:02 [42,040ms] [Warning] [ftr_ppo_train] Found step (attempt_2) checkpoint: policy_step_1441792.pth / vecnorm_step_1441792.pth
2026-08-01 14:31:02 [42,047ms] [Warning] [ftr_ppo_train] Resuming from step (attempt_2) checkpoint — training may have inconsistent metrics.
2026-08-01 14:31:02 [42,054ms] [Warning] [ftr_ppo_train] Failed to load training checkpoint: 'FtrPPOTrainer' object has no attribute 'optim'
2026-08-01 16:31:16,221 [ftr_ppo_train][[91mERROR[00m]: Training failed: CUDA error: an illegal memory access was encountered
CUDA kernel errors might be asynchronously reported at some other API call, so the stacktrace below might be incorrect.
For debugging consider passing CUDA_LAUNCH_BLOCKING=1
Compile with `TORCH_USE_CUDA_DSA` to enable device-side assertions.
 (train_ftr.py:516)
########################################################################
Python script finished with exit status: 75
########################################################################
Exit code 75 detected (CUDA/W&B error). Respawning training (attempt 5/5)...
########################################################################
Starting training (respawn #4 of 5)...
########################################################################
[Warning] [omni.isaac.kit.simulation_app] Modules: ['omni.kit_app'] were loaded before SimulationApp was started and might not be loaded correctly.
[Warning] [omni.isaac.kit.simulation_app] Please check to make sure no extra omniverse or pxr modules are imported before the call to SimulationApp(...)
[Info] [carb] Logging to file: /opt/conda/envs/isaaclab/lib/python3.10/site-packages/omni/logs/Kit/Isaac-Sim/4.2/kit_20260801_163130.log
2026-08-01 14:31:30 [0ms] [Warning] [omni.kit.app.plugin] No crash reporter present, dumps uploading isn't available.
2026-08-01 14:31:30 [5ms] [Warning] [omni.ext.plugin] [ext: containers] Extensions config 'extension.toml' doesn't exist '/home/sargapav/robot_rodeo_gym_ws/containers' or '/home/sargapav/robot_rodeo_gym_ws/containers/config'
2026-08-01 14:31:30 [6ms] [Warning] [omni.ext.plugin] [ext: experiments] Extensions config 'extension.toml' doesn't exist '/home/sargapav/robot_rodeo_gym_ws/experiments' or '/home/sargapav/robot_rodeo_gym_ws/experiments/config'
2026-08-01 14:31:30 [6ms] [Warning] [omni.ext.plugin] [ext: notebooks] Extensions config 'extension.toml' doesn't exist '/home/sargapav/robot_rodeo_gym_ws/notebooks' or '/home/sargapav/robot_rodeo_gym_ws/notebooks/config'
2026-08-01 14:31:30 [6ms] [Warning] [omni.ext.plugin] [ext: slurm] Extensions config 'extension.toml' doesn't exist '/home/sargapav/robot_rodeo_gym_ws/slurm' or '/home/sargapav/robot_rodeo_gym_ws/slurm/config'
2026-08-01 14:31:30 [6ms] [Warning] [omni.ext.plugin] [ext: src] Extensions config 'extension.toml' doesn't exist '/home/sargapav/robot_rodeo_gym_ws/src' or '/home/sargapav/robot_rodeo_gym_ws/src/config'
2026-08-01 14:31:30 [6ms] [Warning] [omni.ext.plugin] [ext: scripts] Extensions config 'extension.toml' doesn't exist '/home/sargapav/robot_rodeo_gym_ws/scripts' or '/home/sargapav/robot_rodeo_gym_ws/scripts/config'
2026-08-01 14:31:30 [6ms] [Warning] [omni.ext.plugin] [ext: optuna] Extensions config 'extension.toml' doesn't exist '/home/sargapav/robot_rodeo_gym_ws/optuna' or '/home/sargapav/robot_rodeo_gym_ws/optuna/config'
2026-08-01 14:31:30 [7ms] [Warning] [omni.ext.plugin] [ext: logs] Extensions config 'extension.toml' doesn't exist '/home/sargapav/robot_rodeo_gym_ws/logs' or '/home/sargapav/robot_rodeo_gym_ws/logs/config'
2026-08-01 14:31:30 [7ms] [Warning] [omni.ext.plugin] [ext: runs] Extensions config 'extension.toml' doesn't exist '/home/sargapav/robot_rodeo_gym_ws/runs' or '/home/sargapav/robot_rodeo_gym_ws/runs/config'
2026-08-01 14:31:30 [7ms] [Warning] [omni.ext.plugin] [ext: wandb] Extensions config 'extension.toml' doesn't exist '/home/sargapav/robot_rodeo_gym_ws/wandb' or '/home/sargapav/robot_rodeo_gym_ws/wandb/config'
2026-08-01 14:31:30 [7ms] [Warning] [omni.ext.plugin] [ext: configs] Extensions config 'extension.toml' doesn't exist '/home/sargapav/robot_rodeo_gym_ws/configs' or '/home/sargapav/robot_rodeo_gym_ws/configs/config'
2026-08-01 14:31:30 [7ms] [Warning] [omni.ext.plugin] [ext: secrets] Extensions config 'extension.toml' doesn't exist '/home/sargapav/robot_rodeo_gym_ws/secrets' or '/home/sargapav/robot_rodeo_gym_ws/secrets/config'
[0.350s] [ext: omni.kit.async_engine-0.0.1] startup
[0.769s] [ext: omni.stats-1.0.1] startup
[0.776s] [ext: omni.client-1.2.0] startup
[0.937s] [ext: omni.gpu_foundation.shadercache.vulkan-1.0.0] startup
[0.944s] [ext: omni.assets.plugins-0.0.0] startup
[0.961s] [ext: omni.gpu_foundation-0.0.0] startup
[1.119s] [ext: omni.kit.pipapi-0.0.0] startup
[1.121s] [ext: omni.materialx.libs-1.0.4] startup
[1.152s] [ext: omni.kit.pip_archive-0.0.0] startup
[1.153s] [ext: omni.usd.config-1.0.4] startup
[1.169s] [ext: omni.gpucompute.plugins-0.0.0] startup
[1.173s] [ext: omni.usd.libs-1.0.1] startup
[1.619s] [ext: omni.kit.telemetry-0.5.0] startup
[1.673s] [ext: omni.usd.schema.semantics-0.0.0] startup
[1.905s] [ext: omni.usd.schema.audio-0.0.0] startup
[1.940s] [ext: omni.usd.schema.physx-106.1.9] startup
[2.045s] [ext: carb.audio-0.1.0] startup
[2.085s] [ext: omni.kvdb-106.1.9] startup
[2.093s] [ext: omni.timeline-1.0.10] startup
[2.100s] [ext: omni.kit.actions.core-1.0.0] startup
[2.110s] [ext: omni.kit.audiodeviceenum-1.0.1] startup
[2.116s] [ext: omni.localcache-106.1.9] startup
[2.120s] [ext: omni.usd_resolver-1.0.0] startup
[2.132s] [ext: omni.kit.commands-1.4.9] startup
[2.142s] [ext: omni.graph.exec-0.9.4] startup
[2.145s] [ext: omni.usd.core-1.4.1] startup
[2.157s] [ext: omni.kit.usd_undo-0.1.8] startup
[2.158s] [ext: omni.kit.exec.core-0.13.4] startup
[2.167s] [ext: omni.convexdecomposition-106.1.9] startup
[2.178s] [ext: omni.usd-1.12.2] startup
[2.263s] [ext: omni.usdphysics-106.1.9] startup
[2.268s] [ext: omni.physx.foundation-106.1.9] startup
[2.282s] [ext: omni.kit.usd.layers-2.1.36] startup
[2.305s] [ext: omni.physx.cooking-106.1.9] startup
[2.323s] [ext: omni.blobkey-1.1.2] startup
[2.328s] [ext: omni.datastore-0.0.0] startup
[2.401s] [ext: omni.ujitso.default-1.0.0] startup
[2.415s] [ext: omni.hsscclient-1.1.1] startup
[2.432s] [ext: omni.kit.primitive.mesh-1.0.17] startup
[2.439s] [ext: usdrt.scenegraph-7.5.0] startup
2026-08-01 14:31:32 [2,297ms] [Warning] [omni.platforminfo.plugin] failed to open the default display.  Can't verify X Server version.
2026-08-01 14:31:32 [2,305ms] [Warning] [omni.platforminfo.plugin] failed to load XRAndR.
[2.578s] [ext: omni.warp.core-1.2.1] startup
[2.708s] [ext: omni.physx-106.1.9] startup
[2.771s] [ext: omni.kit.stage_template.core-1.1.22] startup
[2.773s] [ext: omni.physx.stageupdate-106.1.9] startup
[2.780s] [ext: omni.kit.stage_templates-1.2.5] startup
[2.783s] [ext: omni.physics.tensors-106.1.9] startup
[2.798s] [ext: omni.isaac.version-1.1.0] startup
[2.799s] [ext: omni.physx.tensors-106.1.9] startup
[3.307s] [ext: omni.isaac.nucleus-0.3.1] startup
[3.309s] [ext: omni.kit.loop-isaac-1.2.0] startup
[3.313s] [ext: omni.isaac.core-3.19.5] startup
[6.740s] [ext: omni.physx.fabric-106.1.9] startup
[6.755s] [ext: omni.isaac.kit-1.13.2] startup
[6.755s] [ext: omni.isaac.cloner-0.8.1] startup
[6.757s] [ext: isaaclab.python.headless-1.2.0] startup
[6.758s] Simulation App Starting
2026-08-01 14:31:37 [6,695ms] [Warning] [gpu.foundation.plugin] [ShaderCache]: Creating driver shaderCache directory failed: /opt/conda/envs/isaaclab/lib/python3.10/site-packages/omni/cache/nv_shadercache

|---------------------------------------------------------------------------------------------|
| Driver Version: 0             | Graphics API: Vulkan
|=============================================================================================|
| GPU | Name                             | Active | LDA | GPU Memory | Vendor-ID | LUID       |
|     |                                  |        |     |            | Device-ID | UUID       |
|     |                                  |        |     |            | Bus-ID    |            |
|=============================================================================================|
| OS: 13 (trixie) debian, Version: 13.00.0, Kernel: 4.18.0-553.51.1.el8_10.x86_64
| Processor: AMD EPYC 7763 64-Core Processor | Cores: 128 | Logical: 256
|---------------------------------------------------------------------------------------------|
| Total Memory (MB): 1031842 | Free Memory: 890353
| Total Page/Swap (MB): 0 | Free Page/Swap: 0
|---------------------------------------------------------------------------------------------|
2026-08-01 14:31:37 [7,515ms] [Warning] [omni.physx.foundation.plugin] PhysXFoundation: Couldn't get driver version, failed to getDeviceInfo
2026-08-01 14:31:37 [7,515ms] [Warning] [omni.physx.foundation.plugin] PhysXFoundation: Unable to get IGpuFoundation, GpuDevices or Graphics!
2026-08-01 14:31:37 [7,516ms] [Warning] [carb.cudainterop.plugin] CUDA_VISIBLE_DEVICES environment variable is set.
2026-08-01 14:31:37 [7,516ms] [Warning] [carb.cudainterop.plugin] Note CUDA device enumeration and Omniverse device enumeration are different.
2026-08-01 14:31:37 [7,516ms] [Warning] [carb.cudainterop.plugin] Setting CUDA_VISIBLE_DEVICES can lead to undesired behavior or crashes.
[8.702s] app ready
[INFO][AppLauncher]: Loading experience file: /opt/IsaacLab/source/extensions/omni.isaac.lab/omni/isaac/lab/app/../../../../../../apps/isaaclab.python.headless.kit
Starting kit application with the following args:  ['/opt/conda/envs/isaaclab/lib/python3.10/site-packages/isaacsim/exts/omni.isaac.kit/omni/isaac/kit/simulation_app.py', '/opt/IsaacLab/source/extensions/omni.isaac.lab/omni/isaac/lab/app/../../../../../../apps/isaaclab.python.headless.kit', '--/app/tokens/exe-path=/opt/conda/envs/isaaclab/lib/python3.10/site-packages/omni', '--/persistent/app/viewport/displayOptions=3094', '--/rtx/materialDb/syncLoads=True', '--/rtx/hydra/materialSyncLoads=True', '--/omni.kit.plugin/syncUsdLoads=True', '--/app/renderer/resolution/width=1280', '--/app/renderer/resolution/height=720', '--/app/window/width=1440', '--/app/window/height=900', '--/renderer/multiGpu/enabled=True', '--/app/fastShutdown=True', '--ext-folder', '/opt/conda/envs/isaaclab/lib/python3.10/site-packages/isaacsim/exts', '--ext-folder', '/opt/conda/envs/isaaclab/lib/python3.10/site-packages/isaacsim/apps', '--/renderer/activeGpu=0', '--/physics/cudaDevice=0', '--portable', '--no-window', '--/app/window/hideUi=True']
Passing the following args to the base kit application:  ['--config', '/ws/configs/marv_config_mitriakov.yaml', '--headless']
[INFO] Respawn detected — loading config from previous attempt: /ws/logs/train_marv_mitriakov_11279578/attempt_3/config.yaml
[8.867s] Simulation App Startup Complete
2026-08-01 14:31:43 [13,354ms] [Warning] [pxr.Semantics] pxr.Semantics is deprecated - please use Semantics instead
2026-08-01 14:31:45 [15,631ms] [Warning] [omni.isaac.lab.envs.direct_rl_env] Seed not set for the environment. The environment creation may not be deterministic.
2026-08-01 14:31:45 [15,672ms] [Warning] [omni.isaac.lab.envs.direct_rl_env] The render interval (5) is smaller than the decimation (20). Multiple multiple render calls will happen for each environment step.If this is not intended, set the render interval to be equal to the decimation.
Warp 1.2.1 initialized:
   CUDA Toolkit 11.8, Driver 12.9
   Devices:
     "cpu"      : "CPU"
     "cuda:0"   : "NVIDIA A100-SXM4-40GB" (39 GiB, sm_80, mempool enabled)
   Kernel cache:
     /home/sargapav/.cache/warp/1.2.1
[INFO]: Base environment:
	Environment device    : cuda:0
	Environment seed      : None
	Physics step-size     : 0.005
	Rendering step-size   : 0.025
	Environment step-size : 0.1
[INFO]: Time taken for scene creation : 0.967091 seconds
[INFO]: Scene manager:  <class InteractiveScene>
	Number of environments: 1024
	Environment spacing   : 0.0
	Source prim name      : /World/envs/env_0
	Global prim paths     : ['/World/terrain']
	Replicate physics     : True
[INFO]: Starting the simulation. This may take a few seconds. Please wait...
[INFO]: Time taken for simulation start : 17.132133 seconds
[INFO]: Completed setting up the environment...
2026-08-01 16:32:04,171 [RunLogger][[92mINFO[00m]: RunLogger initialized for run train_marv_mitriakov_11279578_attempt_4 at /ws/logs/train_marv_mitriakov_11279578/attempt_4 (logutils.py:105)
2026-08-01 16:32:11,830 [ftr_ppo_train][[92mINFO[00m]: Seed: 42  (random ✓  numpy ✓  torch ✓  cuda ✓) (train_ftr.py:272)
2026-08-01 16:32:11,883 [ftr_ppo_train][[93mWARNING[00m]: Found step (attempt_2) checkpoint: policy_step_1441792.pth / vecnorm_step_1441792.pth (train_ftr.py:417)
2026-08-01 16:32:11,888 [ftr_ppo_train][[92mINFO[00m]: Loaded policy from step (attempt_2) checkpoint (train_ftr.py:423)
2026-08-01 16:32:11,890 [ftr_ppo_train][[92mINFO[00m]: Loaded vecnorm from step (attempt_2) checkpoint (train_ftr.py:430)
2026-08-01 16:32:11,890 [ftr_ppo_train][[93mWARNING[00m]: Resuming from step (attempt_2) checkpoint — training may have inconsistent metrics. (train_ftr.py:435)
2026-08-01 16:32:11,896 [ftr_ppo_train][[93mWARNING[00m]: Failed to load training checkpoint: 'FtrPPOTrainer' object has no attribute 'optim' (train_ftr.py:504)
2026-08-01 16:32:12,371 [ftr_ppo_train][[92mINFO[00m]: Initialized FtrPPOTrainer. (train_ftr.py:380)
2026-08-01 16:32:12,371 [ftr_ppo_train][[92mINFO[00m]: Iteration size: 131072, frames_per_sub_batch: 4096, optimisation steps per iter: 32 (train_ftr.py:553)
2026-08-01 14:32:11 [41,557ms] [Warning] [ftr_ppo_train] Found step (attempt_2) checkpoint: policy_step_1441792.pth / vecnorm_step_1441792.pth
2026-08-01 14:32:11 [41,564ms] [Warning] [ftr_ppo_train] Resuming from step (attempt_2) checkpoint — training may have inconsistent metrics.
2026-08-01 14:32:11 [41,570ms] [Warning] [ftr_ppo_train] Failed to load training checkpoint: 'FtrPPOTrainer' object has no attribute 'optim'
2026-08-01 17:06:40,377 [ftr_ppo_train][[91mERROR[00m]: Training failed: CUDA error: an illegal memory access was encountered
CUDA kernel errors might be asynchronously reported at some other API call, so the stacktrace below might be incorrect.
For debugging consider passing CUDA_LAUNCH_BLOCKING=1
Compile with `TORCH_USE_CUDA_DSA` to enable device-side assertions.
 (train_ftr.py:516)
########################################################################
Python script finished with exit status: 75
########################################################################
Max respawns (5) reached. Exiting.
Cleaning up node-local cache...
