########################################################################
Job ID: 11055291
Running on node: g05
Script arguments received by sbatch script (/var/spool/slurm/d/job11055291/slurm_script): 
Number of arguments: 0
########################################################################
Setting up environment...
Changed directory to /home/sargapav/robot_rodeo_gym_ws
------------------------------------------------------------------------
nvidia-smi output:
Thu Jun 11 14:24:24 2026       
+-----------------------------------------------------------------------------------------+
| NVIDIA-SMI 550.54.14              Driver Version: 550.54.14      CUDA Version: 12.4     |
|-----------------------------------------+------------------------+----------------------+
| GPU  Name                 Persistence-M | Bus-Id          Disp.A | Volatile Uncorr. ECC |
| Fan  Temp   Perf          Pwr:Usage/Cap |           Memory-Usage | GPU-Util  Compute M. |
|                                         |                        |               MIG M. |
|=========================================+========================+======================|
|   0  NVIDIA A100-SXM4-40GB          On  |   00000000:C1:00.0 Off |                    0 |
| N/A   27C    P0             53W /  400W |       0MiB /  40960MiB |      0%      Default |
|                                         |                        |             Disabled |
+-----------------------------------------+------------------------+----------------------+
                                                                                         
+-----------------------------------------------------------------------------------------+
| Processes:                                                                              |
|  GPU   GI   CI        PID   Type   Process name                              GPU Memory |
|        ID   ID                                                               Usage      |
|=========================================================================================|
|  No running processes found                                                             |
+-----------------------------------------------------------------------------------------+
GPU is clear (no active CUDA contexts).
------------------------------------------------------------------------
W&B project : flipper_training
Copying Omniverse cache to node-local /tmp/omni_cache_11055291 ...
########################################################################
Starting training (respawn #0 of 5)...
########################################################################
[Warning] [omni.isaac.kit.simulation_app] Modules: ['omni.kit_app'] were loaded before SimulationApp was started and might not be loaded correctly.
[Warning] [omni.isaac.kit.simulation_app] Please check to make sure no extra omniverse or pxr modules are imported before the call to SimulationApp(...)
[Info] [carb] Logging to file: /opt/conda/envs/isaaclab/lib/python3.10/site-packages/omni/logs/Kit/Isaac-Sim/4.2/kit_20260611_142428.log
2026-06-11 12:24:28 [0ms] [Warning] [omni.kit.app.plugin] No crash reporter present, dumps uploading isn't available.
2026-06-11 12:24:28 [5ms] [Warning] [omni.ext.plugin] [ext: containers] Extensions config 'extension.toml' doesn't exist '/home/sargapav/robot_rodeo_gym_ws/containers' or '/home/sargapav/robot_rodeo_gym_ws/containers/config'
2026-06-11 12:24:28 [5ms] [Warning] [omni.ext.plugin] [ext: logs] Extensions config 'extension.toml' doesn't exist '/home/sargapav/robot_rodeo_gym_ws/logs' or '/home/sargapav/robot_rodeo_gym_ws/logs/config'
2026-06-11 12:24:28 [5ms] [Warning] [omni.ext.plugin] [ext: notebooks] Extensions config 'extension.toml' doesn't exist '/home/sargapav/robot_rodeo_gym_ws/notebooks' or '/home/sargapav/robot_rodeo_gym_ws/notebooks/config'
2026-06-11 12:24:28 [5ms] [Warning] [omni.ext.plugin] [ext: wandb] Extensions config 'extension.toml' doesn't exist '/home/sargapav/robot_rodeo_gym_ws/wandb' or '/home/sargapav/robot_rodeo_gym_ws/wandb/config'
2026-06-11 12:24:28 [5ms] [Warning] [omni.ext.plugin] [ext: src] Extensions config 'extension.toml' doesn't exist '/home/sargapav/robot_rodeo_gym_ws/src' or '/home/sargapav/robot_rodeo_gym_ws/src/config'
2026-06-11 12:24:28 [5ms] [Warning] [omni.ext.plugin] [ext: slurm] Extensions config 'extension.toml' doesn't exist '/home/sargapav/robot_rodeo_gym_ws/slurm' or '/home/sargapav/robot_rodeo_gym_ws/slurm/config'
2026-06-11 12:24:28 [5ms] [Warning] [omni.ext.plugin] [ext: runs] Extensions config 'extension.toml' doesn't exist '/home/sargapav/robot_rodeo_gym_ws/runs' or '/home/sargapav/robot_rodeo_gym_ws/runs/config'
2026-06-11 12:24:28 [5ms] [Warning] [omni.ext.plugin] [ext: scripts] Extensions config 'extension.toml' doesn't exist '/home/sargapav/robot_rodeo_gym_ws/scripts' or '/home/sargapav/robot_rodeo_gym_ws/scripts/config'
2026-06-11 12:24:28 [5ms] [Warning] [omni.ext.plugin] [ext: experiments] Extensions config 'extension.toml' doesn't exist '/home/sargapav/robot_rodeo_gym_ws/experiments' or '/home/sargapav/robot_rodeo_gym_ws/experiments/config'
2026-06-11 12:24:28 [5ms] [Warning] [omni.ext.plugin] [ext: secrets] Extensions config 'extension.toml' doesn't exist '/home/sargapav/robot_rodeo_gym_ws/secrets' or '/home/sargapav/robot_rodeo_gym_ws/secrets/config'
2026-06-11 12:24:28 [6ms] [Warning] [omni.ext.plugin] [ext: configs] Extensions config 'extension.toml' doesn't exist '/home/sargapav/robot_rodeo_gym_ws/configs' or '/home/sargapav/robot_rodeo_gym_ws/configs/config'
2026-06-11 12:24:28 [6ms] [Warning] [omni.ext.plugin] [ext: optuna] Extensions config 'extension.toml' doesn't exist '/home/sargapav/robot_rodeo_gym_ws/optuna' or '/home/sargapav/robot_rodeo_gym_ws/optuna/config'
[0.337s] [ext: omni.kit.async_engine-0.0.1] startup
[0.574s] [ext: omni.stats-1.0.1] startup
[0.580s] [ext: omni.client-1.2.0] startup
[0.735s] [ext: omni.gpu_foundation.shadercache.vulkan-1.0.0] startup
[0.741s] [ext: omni.assets.plugins-0.0.0] startup
[0.760s] [ext: omni.gpu_foundation-0.0.0] startup
[0.919s] [ext: omni.kit.pipapi-0.0.0] startup
[0.920s] [ext: omni.materialx.libs-1.0.4] startup
[0.948s] [ext: omni.kit.pip_archive-0.0.0] startup
[0.948s] [ext: omni.usd.config-1.0.4] startup
[0.957s] [ext: omni.gpucompute.plugins-0.0.0] startup
[0.960s] [ext: omni.usd.libs-1.0.1] startup
[1.375s] [ext: omni.kit.telemetry-0.5.0] startup
[1.409s] [ext: omni.usd.schema.semantics-0.0.0] startup
[1.614s] [ext: omni.usd.schema.audio-0.0.0] startup
[1.646s] [ext: omni.usd.schema.physx-106.1.9] startup
[1.732s] [ext: carb.audio-0.1.0] startup
[1.764s] [ext: omni.kvdb-106.1.9] startup
[1.770s] [ext: omni.timeline-1.0.10] startup
[1.776s] [ext: omni.kit.actions.core-1.0.0] startup
[1.784s] [ext: omni.kit.audiodeviceenum-1.0.1] startup
[1.788s] [ext: omni.localcache-106.1.9] startup
[1.792s] [ext: omni.usd_resolver-1.0.0] startup
[1.801s] [ext: omni.kit.commands-1.4.9] startup
[1.811s] [ext: omni.graph.exec-0.9.4] startup
[1.813s] [ext: omni.usd.core-1.4.1] startup
[1.825s] [ext: omni.kit.usd_undo-0.1.8] startup
[1.826s] [ext: omni.kit.exec.core-0.13.4] startup
[1.834s] [ext: omni.convexdecomposition-106.1.9] startup
[1.844s] [ext: omni.usd-1.12.2] startup
[1.915s] [ext: omni.usdphysics-106.1.9] startup
[1.919s] [ext: omni.physx.foundation-106.1.9] startup
[1.932s] [ext: omni.kit.usd.layers-2.1.36] startup
[1.952s] [ext: omni.physx.cooking-106.1.9] startup
[1.968s] [ext: omni.blobkey-1.1.2] startup
[1.973s] [ext: omni.datastore-0.0.0] startup
[2.043s] [ext: omni.ujitso.default-1.0.0] startup
[2.053s] [ext: omni.hsscclient-1.1.1] startup
[2.067s] [ext: omni.kit.primitive.mesh-1.0.17] startup
[2.072s] [ext: usdrt.scenegraph-7.5.0] startup
[2.185s] [ext: omni.warp.core-1.2.1] startup
[2.288s] [ext: omni.physx-106.1.9] startup
[2.338s] [ext: omni.kit.stage_template.core-1.1.22] startup
[2.340s] [ext: omni.physx.stageupdate-106.1.9] startup
[2.346s] [ext: omni.kit.stage_templates-1.2.5] startup
[2.348s] [ext: omni.physics.tensors-106.1.9] startup
[2.359s] [ext: omni.isaac.version-1.1.0] startup
[2.360s] [ext: omni.physx.tensors-106.1.9] startup
2026-06-11 12:24:31 [2,513ms] [Warning] [omni.platforminfo.plugin] failed to open the default display.  Can't verify X Server version.
2026-06-11 12:24:31 [2,514ms] [Warning] [omni.platforminfo.plugin] failed to load XRAndR.
[2.840s] [ext: omni.isaac.nucleus-0.3.1] startup
[2.842s] [ext: omni.kit.loop-isaac-1.2.0] startup
[2.845s] [ext: omni.isaac.core-3.19.5] startup
[5.816s] [ext: omni.physx.fabric-106.1.9] startup
[5.831s] [ext: omni.isaac.kit-1.13.2] startup
[5.831s] [ext: omni.isaac.cloner-0.8.1] startup
[5.832s] [ext: isaaclab.python.headless-1.2.0] startup
[5.834s] Simulation App Starting
2026-06-11 12:24:34 [5,803ms] [Warning] [gpu.foundation.plugin] [ShaderCache]: Creating driver shaderCache directory failed: /opt/conda/envs/isaaclab/lib/python3.10/site-packages/omni/cache/nv_shadercache

|---------------------------------------------------------------------------------------------|
| Driver Version: 0             | Graphics API: Vulkan
|=============================================================================================|
| GPU | Name                             | Active | LDA | GPU Memory | Vendor-ID | LUID       |
|     |                                  |        |     |            | Device-ID | UUID       |
|     |                                  |        |     |            | Bus-ID    |            |
|=============================================================================================|
| OS: 13 (trixie) debian, Version: 13.00.0, Kernel: 4.18.0-513.9.1.el8_9.x86_64
| Processor: AMD EPYC 7543 32-Core Processor | Cores: 64 | Logical: 128
|---------------------------------------------------------------------------------------------|
| Total Memory (MB): 1031881 | Free Memory: 935010
| Total Page/Swap (MB): 0 | Free Page/Swap: 0
|---------------------------------------------------------------------------------------------|
2026-06-11 12:24:35 [6,441ms] [Warning] [omni.physx.foundation.plugin] PhysXFoundation: Couldn't get driver version, failed to getDeviceInfo
2026-06-11 12:24:35 [6,441ms] [Warning] [omni.physx.foundation.plugin] PhysXFoundation: Unable to get IGpuFoundation, GpuDevices or Graphics!
2026-06-11 12:24:35 [6,441ms] [Warning] [carb.cudainterop.plugin] CUDA_VISIBLE_DEVICES environment variable is set.
2026-06-11 12:24:35 [6,441ms] [Warning] [carb.cudainterop.plugin] Note CUDA device enumeration and Omniverse device enumeration are different.
2026-06-11 12:24:35 [6,441ms] [Warning] [carb.cudainterop.plugin] Setting CUDA_VISIBLE_DEVICES can lead to undesired behavior or crashes.
[7.519s] app ready
[7.679s] Simulation App Startup Complete
2026-06-11 12:24:42 [13,471ms] [Warning] [pxr.Semantics] pxr.Semantics is deprecated - please use Semantics instead
2026-06-11 12:24:43 [15,087ms] [Warning] [omni.isaac.lab.envs.direct_rl_env] Seed not set for the environment. The environment creation may not be deterministic.
2026-06-11 12:24:43 [15,122ms] [Warning] [omni.isaac.lab.envs.direct_rl_env] The render interval (5) is smaller than the decimation (10). Multiple multiple render calls will happen for each environment step.If this is not intended, set the render interval to be equal to the decimation.
2026-06-11 12:24:47 [18,304ms] [Warning] [omni.physx.plugin] The rigid body at /World/envs/env_0/pumbaa_wheel/pumbaa_wheel/chassis_link has a possibly invalid inertia tensor of {1.0, 1.0, 1.0} and a negative mass, small sphere approximated inertia was used. Either specify correct values in the mass properties, or add collider(s) to any shape(s) that you wish to automatically compute mass properties for.
2026-06-11 12:24:47 [18,304ms] [Warning] [omni.physx.plugin] The rigid body at /World/envs/env_0/pumbaa_wheel/pumbaa_wheel/front_left_flipper_link has a possibly invalid inertia tensor of {1.0, 1.0, 1.0} and a negative mass, small sphere approximated inertia was used. Either specify correct values in the mass properties, or add collider(s) to any shape(s) that you wish to automatically compute mass properties for.
2026-06-11 12:24:47 [18,304ms] [Warning] [omni.physx.plugin] The rigid body at /World/envs/env_0/pumbaa_wheel/pumbaa_wheel/front_right_flipper_link has a possibly invalid inertia tensor of {1.0, 1.0, 1.0} and a negative mass, small sphere approximated inertia was used. Either specify correct values in the mass properties, or add collider(s) to any shape(s) that you wish to automatically compute mass properties for.
2026-06-11 12:24:47 [18,304ms] [Warning] [omni.physx.plugin] The rigid body at /World/envs/env_0/pumbaa_wheel/pumbaa_wheel/rear_left_flipper_link has a possibly invalid inertia tensor of {1.0, 1.0, 1.0} and a negative mass, small sphere approximated inertia was used. Either specify correct values in the mass properties, or add collider(s) to any shape(s) that you wish to automatically compute mass properties for.
2026-06-11 12:24:47 [18,304ms] [Warning] [omni.physx.plugin] The rigid body at /World/envs/env_0/pumbaa_wheel/pumbaa_wheel/rear_right_flipper_link has a possibly invalid inertia tensor of {1.0, 1.0, 1.0} and a negative mass, small sphere approximated inertia was used. Either specify correct values in the mass properties, or add collider(s) to any shape(s) that you wish to automatically compute mass properties for.
2026-06-11 12:24:57 [28,979ms] [Warning] [omni.isaac.lab.assets.articulation.articulation] Not all actuators are configured! Total number of actuated joints not equal to number of joints available: 24 != 40.
[INFO][AppLauncher]: Loading experience file: /opt/IsaacLab/source/extensions/omni.isaac.lab/omni/isaac/lab/app/../../../../../../apps/isaaclab.python.headless.kit
Starting kit application with the following args:  ['/opt/conda/envs/isaaclab/lib/python3.10/site-packages/isaacsim/exts/omni.isaac.kit/omni/isaac/kit/simulation_app.py', '/opt/IsaacLab/source/extensions/omni.isaac.lab/omni/isaac/lab/app/../../../../../../apps/isaaclab.python.headless.kit', '--/app/tokens/exe-path=/opt/conda/envs/isaaclab/lib/python3.10/site-packages/omni', '--/persistent/app/viewport/displayOptions=3094', '--/rtx/materialDb/syncLoads=True', '--/rtx/hydra/materialSyncLoads=True', '--/omni.kit.plugin/syncUsdLoads=True', '--/app/renderer/resolution/width=1280', '--/app/renderer/resolution/height=720', '--/app/window/width=1440', '--/app/window/height=900', '--/renderer/multiGpu/enabled=True', '--/app/fastShutdown=True', '--ext-folder', '/opt/conda/envs/isaaclab/lib/python3.10/site-packages/isaacsim/exts', '--ext-folder', '/opt/conda/envs/isaaclab/lib/python3.10/site-packages/isaacsim/apps', '--/renderer/activeGpu=0', '--/physics/cudaDevice=0', '--portable', '--no-window', '--/app/window/hideUi=True']
Passing the following args to the base kit application:  ['--config', '/ws/configs/ftr_config_optuna_best_v5.yaml', '--headless']
/ws
Warp 1.2.1 initialized:
   CUDA Toolkit 11.8, Driver 12.4
   Devices:
     "cpu"      : "CPU"
     "cuda:0"   : "NVIDIA A100-SXM4-40GB" (39 GiB, sm_80, mempool enabled)
   Kernel cache:
     /home/sargapav/.cache/warp/1.2.1
[INFO]: Base environment:
	Environment device    : cuda:0
	Environment seed      : None
	Physics step-size     : 0.005
	Rendering step-size   : 0.025
	Environment step-size : 0.05
[INFO]: Time taken for scene creation : 0.774219 seconds
[INFO]: Scene manager:  <class InteractiveScene>
	Number of environments: 1024
	Environment spacing   : 0.0
	Source prim name      : /World/envs/env_0
	Global prim paths     : ['/World/terrain']
	Replicate physics     : True
[INFO]: Starting the simulation. This may take a few seconds. Please wait...
[INFO]: Time taken for simulation start : 13.970860 seconds
[INFO]: Completed setting up the environment...
2026-06-11 14:24:58,703 [RunLogger][[92mINFO[00m]: RunLogger initialized for run train_ftr_11055291_attempt_0 at /ws/logs/train_ftr_11055291/attempt_0 (logutils.py:105)
2026-06-11 14:25:05,830 [ftr_ppo_train][[92mINFO[00m]: Seed: 42  (random ✓  numpy ✓  torch ✓  cuda ✓) (train_ftr.py:342)
2026-06-11 14:25:06,174 [MLPPolicyConfig][[92mINFO[00m]: Applied orthogonal initialization to the actor and value operators. (mlp_policy.py:89)
[3m     Policy Parameter Counts     [0m
┏━━━━━━━━━━━━━━━━━━┳━━━━━━━━━━━━┓
┃[1m [0m[1m       Component[0m[1m [0m┃[1m [0m[1mParameters[0m[1m [0m┃
┡━━━━━━━━━━━━━━━━━━╇━━━━━━━━━━━━┩
│[36m [0m[36m   Actor Encoder[0m[36m [0m│[35m [0m[35m   258,816[0m[35m [0m│
│[36m [0m[36m      Actor Head[0m[36m [0m│[35m [0m[35m    34,572[0m[35m [0m│
│[36m [0m[36m   Value Encoder[0m[36m [0m│[35m [0m[35m   258,816[0m[35m [0m│
│[36m [0m[36m      Value Head[0m[36m [0m│[35m [0m[35m   100,097[0m[35m [0m│
│[36m [0m[36m             ---[0m[36m [0m│[35m [0m[35m       ---[0m[35m [0m│
│[36m [0m[36m     Total Actor[0m[36m [0m│[35m [0m[35m   293,388[0m[35m [0m│
│[36m [0m[36m     Total Value[0m[36m [0m│[35m [0m[35m   358,913[0m[35m [0m│
│[36m [0m[36m             ---[0m[36m [0m│[35m [0m[35m       ---[0m[35m [0m│
│[36m [0m[36mTotal Parameters[0m[36m [0m│[35m [0m[35m   652,301[0m[35m [0m│
└──────────────────┴────────────┘
2026-06-11 14:25:07,208 [ftr_ppo_train][[92mINFO[00m]: Initialized FtrPPOTrainer. (train_ftr.py:450)
2026-06-11 14:25:07,208 [ftr_ppo_train][[92mINFO[00m]: Iteration size: 131072, frames_per_sub_batch: 4096, optimisation steps per iter: 32 (train_ftr.py:623)
########################################################################
Python script finished with exit status: 75
########################################################################
Exit code 75 detected (CUDA/W&B error). Respawning training (attempt 2/5)...
########################################################################
Starting training (respawn #1 of 5)...
########################################################################
[Warning] [omni.isaac.kit.simulation_app] Modules: ['omni.kit_app'] were loaded before SimulationApp was started and might not be loaded correctly.
[Warning] [omni.isaac.kit.simulation_app] Please check to make sure no extra omniverse or pxr modules are imported before the call to SimulationApp(...)
[Info] [carb] Logging to file: /opt/conda/envs/isaaclab/lib/python3.10/site-packages/omni/logs/Kit/Isaac-Sim/4.2/kit_20260612_111923.log
2026-06-12 09:19:23 [0ms] [Warning] [omni.kit.app.plugin] No crash reporter present, dumps uploading isn't available.
2026-06-12 09:19:23 [6ms] [Warning] [omni.ext.plugin] [ext: containers] Extensions config 'extension.toml' doesn't exist '/home/sargapav/robot_rodeo_gym_ws/containers' or '/home/sargapav/robot_rodeo_gym_ws/containers/config'
2026-06-12 09:19:23 [6ms] [Warning] [omni.ext.plugin] [ext: src] Extensions config 'extension.toml' doesn't exist '/home/sargapav/robot_rodeo_gym_ws/src' or '/home/sargapav/robot_rodeo_gym_ws/src/config'
2026-06-12 09:19:23 [6ms] [Warning] [omni.ext.plugin] [ext: configs] Extensions config 'extension.toml' doesn't exist '/home/sargapav/robot_rodeo_gym_ws/configs' or '/home/sargapav/robot_rodeo_gym_ws/configs/config'
2026-06-12 09:19:23 [6ms] [Warning] [omni.ext.plugin] [ext: optuna] Extensions config 'extension.toml' doesn't exist '/home/sargapav/robot_rodeo_gym_ws/optuna' or '/home/sargapav/robot_rodeo_gym_ws/optuna/config'
2026-06-12 09:19:23 [6ms] [Warning] [omni.ext.plugin] [ext: logs] Extensions config 'extension.toml' doesn't exist '/home/sargapav/robot_rodeo_gym_ws/logs' or '/home/sargapav/robot_rodeo_gym_ws/logs/config'
2026-06-12 09:19:23 [6ms] [Warning] [omni.ext.plugin] [ext: wandb] Extensions config 'extension.toml' doesn't exist '/home/sargapav/robot_rodeo_gym_ws/wandb' or '/home/sargapav/robot_rodeo_gym_ws/wandb/config'
2026-06-12 09:19:23 [6ms] [Warning] [omni.ext.plugin] [ext: runs] Extensions config 'extension.toml' doesn't exist '/home/sargapav/robot_rodeo_gym_ws/runs' or '/home/sargapav/robot_rodeo_gym_ws/runs/config'
2026-06-12 09:19:23 [6ms] [Warning] [omni.ext.plugin] [ext: experiments] Extensions config 'extension.toml' doesn't exist '/home/sargapav/robot_rodeo_gym_ws/experiments' or '/home/sargapav/robot_rodeo_gym_ws/experiments/config'
2026-06-12 09:19:23 [6ms] [Warning] [omni.ext.plugin] [ext: secrets] Extensions config 'extension.toml' doesn't exist '/home/sargapav/robot_rodeo_gym_ws/secrets' or '/home/sargapav/robot_rodeo_gym_ws/secrets/config'
2026-06-12 09:19:23 [6ms] [Warning] [omni.ext.plugin] [ext: notebooks] Extensions config 'extension.toml' doesn't exist '/home/sargapav/robot_rodeo_gym_ws/notebooks' or '/home/sargapav/robot_rodeo_gym_ws/notebooks/config'
2026-06-12 09:19:23 [6ms] [Warning] [omni.ext.plugin] [ext: slurm] Extensions config 'extension.toml' doesn't exist '/home/sargapav/robot_rodeo_gym_ws/slurm' or '/home/sargapav/robot_rodeo_gym_ws/slurm/config'
2026-06-12 09:19:23 [14ms] [Warning] [omni.ext.plugin] [ext: scripts] Extensions config 'extension.toml' doesn't exist '/home/sargapav/robot_rodeo_gym_ws/scripts' or '/home/sargapav/robot_rodeo_gym_ws/scripts/config'
[0.340s] [ext: omni.kit.async_engine-0.0.1] startup
[0.589s] [ext: omni.stats-1.0.1] startup
[0.597s] [ext: omni.client-1.2.0] startup
[0.780s] [ext: omni.gpu_foundation.shadercache.vulkan-1.0.0] startup
[0.787s] [ext: omni.assets.plugins-0.0.0] startup
[0.806s] [ext: omni.gpu_foundation-0.0.0] startup
[0.989s] [ext: omni.kit.pipapi-0.0.0] startup
[0.991s] [ext: omni.materialx.libs-1.0.4] startup
[1.021s] [ext: omni.kit.pip_archive-0.0.0] startup
[1.022s] [ext: omni.usd.config-1.0.4] startup
[1.031s] [ext: omni.gpucompute.plugins-0.0.0] startup
[1.033s] [ext: omni.usd.libs-1.0.1] startup
[1.500s] [ext: omni.kit.telemetry-0.5.0] startup
[1.541s] [ext: omni.usd.schema.semantics-0.0.0] startup
[1.769s] [ext: omni.usd.schema.audio-0.0.0] startup
[1.807s] [ext: omni.usd.schema.physx-106.1.9] startup
[1.905s] [ext: carb.audio-0.1.0] startup
[1.940s] [ext: omni.kvdb-106.1.9] startup
[1.949s] [ext: omni.timeline-1.0.10] startup
[1.955s] [ext: omni.kit.actions.core-1.0.0] startup
[1.964s] [ext: omni.kit.audiodeviceenum-1.0.1] startup
[1.969s] [ext: omni.localcache-106.1.9] startup
[1.972s] [ext: omni.usd_resolver-1.0.0] startup
[1.982s] [ext: omni.kit.commands-1.4.9] startup
[1.991s] [ext: omni.graph.exec-0.9.4] startup
[1.994s] [ext: omni.usd.core-1.4.1] startup
[2.007s] [ext: omni.kit.usd_undo-0.1.8] startup
[2.008s] [ext: omni.kit.exec.core-0.13.4] startup
[2.017s] [ext: omni.convexdecomposition-106.1.9] startup
[2.028s] [ext: omni.usd-1.12.2] startup
[2.090s] [ext: omni.usdphysics-106.1.9] startup
[2.093s] [ext: omni.physx.foundation-106.1.9] startup
[2.110s] [ext: omni.kit.usd.layers-2.1.36] startup
[2.131s] [ext: omni.physx.cooking-106.1.9] startup
[2.148s] [ext: omni.blobkey-1.1.2] startup
[2.153s] [ext: omni.datastore-0.0.0] startup
[2.232s] [ext: omni.ujitso.default-1.0.0] startup
[2.243s] [ext: omni.hsscclient-1.1.1] startup
[2.257s] [ext: omni.kit.primitive.mesh-1.0.17] startup
[2.262s] [ext: usdrt.scenegraph-7.5.0] startup
[2.385s] [ext: omni.warp.core-1.2.1] startup
[2.491s] [ext: omni.physx-106.1.9] startup
[2.548s] [ext: omni.kit.stage_template.core-1.1.22] startup
[2.550s] [ext: omni.physx.stageupdate-106.1.9] startup
[2.556s] [ext: omni.kit.stage_templates-1.2.5] startup
[2.558s] [ext: omni.physics.tensors-106.1.9] startup
[2.570s] [ext: omni.isaac.version-1.1.0] startup
[2.571s] [ext: omni.physx.tensors-106.1.9] startup
2026-06-12 09:19:26 [2,749ms] [Warning] [omni.platforminfo.plugin] failed to open the default display.  Can't verify X Server version.
2026-06-12 09:19:26 [2,750ms] [Warning] [omni.platforminfo.plugin] failed to load XRAndR.
[3.002s] [ext: omni.isaac.nucleus-0.3.1] startup
[3.004s] [ext: omni.kit.loop-isaac-1.2.0] startup
[3.009s] [ext: omni.isaac.core-3.19.5] startup
[6.082s] [ext: omni.physx.fabric-106.1.9] startup
[6.098s] [ext: omni.isaac.kit-1.13.2] startup
[6.098s] [ext: omni.isaac.cloner-0.8.1] startup
[6.100s] [ext: isaaclab.python.headless-1.2.0] startup
[6.101s] Simulation App Starting
2026-06-12 09:19:29 [6,068ms] [Warning] [gpu.foundation.plugin] [ShaderCache]: Creating driver shaderCache directory failed: /opt/conda/envs/isaaclab/lib/python3.10/site-packages/omni/cache/nv_shadercache

|---------------------------------------------------------------------------------------------|
| Driver Version: 0             | Graphics API: Vulkan
|=============================================================================================|
| GPU | Name                             | Active | LDA | GPU Memory | Vendor-ID | LUID       |
|     |                                  |        |     |            | Device-ID | UUID       |
|     |                                  |        |     |            | Bus-ID    |            |
|=============================================================================================|
| OS: 13 (trixie) debian, Version: 13.00.0, Kernel: 4.18.0-513.9.1.el8_9.x86_64
| Processor: AMD EPYC 7543 32-Core Processor | Cores: 64 | Logical: 128
|---------------------------------------------------------------------------------------------|
| Total Memory (MB): 1031881 | Free Memory: 984035
| Total Page/Swap (MB): 0 | Free Page/Swap: 0
|---------------------------------------------------------------------------------------------|
2026-06-12 09:19:30 [6,736ms] [Warning] [omni.physx.foundation.plugin] PhysXFoundation: Couldn't get driver version, failed to getDeviceInfo
2026-06-12 09:19:30 [6,736ms] [Warning] [omni.physx.foundation.plugin] PhysXFoundation: Unable to get IGpuFoundation, GpuDevices or Graphics!
2026-06-12 09:19:30 [6,736ms] [Warning] [carb.cudainterop.plugin] CUDA_VISIBLE_DEVICES environment variable is set.
2026-06-12 09:19:30 [6,736ms] [Warning] [carb.cudainterop.plugin] Note CUDA device enumeration and Omniverse device enumeration are different.
2026-06-12 09:19:30 [6,736ms] [Warning] [carb.cudainterop.plugin] Setting CUDA_VISIBLE_DEVICES can lead to undesired behavior or crashes.
[7.927s] app ready
[INFO][AppLauncher]: Loading experience file: /opt/IsaacLab/source/extensions/omni.isaac.lab/omni/isaac/lab/app/../../../../../../apps/isaaclab.python.headless.kit
Starting kit application with the following args:  ['/opt/conda/envs/isaaclab/lib/python3.10/site-packages/isaacsim/exts/omni.isaac.kit/omni/isaac/kit/simulation_app.py', '/opt/IsaacLab/source/extensions/omni.isaac.lab/omni/isaac/lab/app/../../../../../../apps/isaaclab.python.headless.kit', '--/app/tokens/exe-path=/opt/conda/envs/isaaclab/lib/python3.10/site-packages/omni', '--/persistent/app/viewport/displayOptions=3094', '--/rtx/materialDb/syncLoads=True', '--/rtx/hydra/materialSyncLoads=True', '--/omni.kit.plugin/syncUsdLoads=True', '--/app/renderer/resolution/width=1280', '--/app/renderer/resolution/height=720', '--/app/window/width=1440', '--/app/window/height=900', '--/renderer/multiGpu/enabled=True', '--/app/fastShutdown=True', '--ext-folder', '/opt/conda/envs/isaaclab/lib/python3.10/site-packages/isaacsim/exts', '--ext-folder', '/opt/conda/envs/isaaclab/lib/python3.10/site-packages/isaacsim/apps', '--/renderer/activeGpu=0', '--/physics/cudaDevice=0', '--portable', '--no-window', '--/app/window/hideUi=True']
Passing the following args to the base kit application:  ['--config', '/ws/configs/ftr_config_optuna_best_v5.yaml', '--headless']
/ws
[INFO] Respawn detected — loading config from previous attempt: /ws/logs/train_ftr_11055291/attempt_0/config.yaml
[8.087s] Simulation App Startup Complete
2026-06-12 09:19:37 [14,178ms] [Warning] [pxr.Semantics] pxr.Semantics is deprecated - please use Semantics instead
2026-06-12 09:19:39 [15,887ms] [Warning] [omni.isaac.lab.envs.direct_rl_env] Seed not set for the environment. The environment creation may not be deterministic.
2026-06-12 09:19:39 [15,922ms] [Warning] [omni.isaac.lab.envs.direct_rl_env] The render interval (5) is smaller than the decimation (10). Multiple multiple render calls will happen for each environment step.If this is not intended, set the render interval to be equal to the decimation.
2026-06-12 09:19:42 [18,877ms] [Warning] [omni.physx.plugin] The rigid body at /World/envs/env_0/pumbaa_wheel/pumbaa_wheel/chassis_link has a possibly invalid inertia tensor of {1.0, 1.0, 1.0} and a negative mass, small sphere approximated inertia was used. Either specify correct values in the mass properties, or add collider(s) to any shape(s) that you wish to automatically compute mass properties for.
2026-06-12 09:19:42 [18,877ms] [Warning] [omni.physx.plugin] The rigid body at /World/envs/env_0/pumbaa_wheel/pumbaa_wheel/front_left_flipper_link has a possibly invalid inertia tensor of {1.0, 1.0, 1.0} and a negative mass, small sphere approximated inertia was used. Either specify correct values in the mass properties, or add collider(s) to any shape(s) that you wish to automatically compute mass properties for.
2026-06-12 09:19:42 [18,877ms] [Warning] [omni.physx.plugin] The rigid body at /World/envs/env_0/pumbaa_wheel/pumbaa_wheel/front_right_flipper_link has a possibly invalid inertia tensor of {1.0, 1.0, 1.0} and a negative mass, small sphere approximated inertia was used. Either specify correct values in the mass properties, or add collider(s) to any shape(s) that you wish to automatically compute mass properties for.
2026-06-12 09:19:42 [18,877ms] [Warning] [omni.physx.plugin] The rigid body at /World/envs/env_0/pumbaa_wheel/pumbaa_wheel/rear_left_flipper_link has a possibly invalid inertia tensor of {1.0, 1.0, 1.0} and a negative mass, small sphere approximated inertia was used. Either specify correct values in the mass properties, or add collider(s) to any shape(s) that you wish to automatically compute mass properties for.
2026-06-12 09:19:42 [18,878ms] [Warning] [omni.physx.plugin] The rigid body at /World/envs/env_0/pumbaa_wheel/pumbaa_wheel/rear_right_flipper_link has a possibly invalid inertia tensor of {1.0, 1.0, 1.0} and a negative mass, small sphere approximated inertia was used. Either specify correct values in the mass properties, or add collider(s) to any shape(s) that you wish to automatically compute mass properties for.
2026-06-12 09:19:52 [29,463ms] [Warning] [omni.isaac.lab.assets.articulation.articulation] Not all actuators are configured! Total number of actuated joints not equal to number of joints available: 24 != 40.
Warp 1.2.1 initialized:
   CUDA Toolkit 11.8, Driver 12.4
   Devices:
     "cpu"      : "CPU"
     "cuda:0"   : "NVIDIA A100-SXM4-40GB" (39 GiB, sm_80, mempool enabled)
   Kernel cache:
     /home/sargapav/.cache/warp/1.2.1
[INFO]: Base environment:
	Environment device    : cuda:0
	Environment seed      : None
	Physics step-size     : 0.005
	Rendering step-size   : 0.025
	Environment step-size : 0.05
[INFO]: Time taken for scene creation : 0.793403 seconds
[INFO]: Scene manager:  <class InteractiveScene>
	Number of environments: 1024
	Environment spacing   : 0.0
	Source prim name      : /World/envs/env_0
	Global prim paths     : ['/World/terrain']
	Replicate physics     : True
[INFO]: Starting the simulation. This may take a few seconds. Please wait...
[INFO]: Time taken for simulation start : 13.649156 seconds
[INFO]: Completed setting up the environment...
2026-06-12 11:19:53,719 [RunLogger][[92mINFO[00m]: RunLogger initialized for run train_ftr_11055291_attempt_1 at /ws/logs/train_ftr_11055291/attempt_1 (logutils.py:105)
2026-06-12 11:20:00,757 [ftr_ppo_train][[92mINFO[00m]: Seed: 42  (random ✓  numpy ✓  torch ✓  cuda ✓) (train_ftr.py:342)
2026-06-12 11:20:01,083 [MLPPolicyConfig][[92mINFO[00m]: Applied orthogonal initialization to the actor and value operators. (mlp_policy.py:89)
[3m     Policy Parameter Counts     [0m
┏━━━━━━━━━━━━━━━━━━┳━━━━━━━━━━━━┓
┃[1m [0m[1m       Component[0m[1m [0m┃[1m [0m[1mParameters[0m[1m [0m┃
┡━━━━━━━━━━━━━━━━━━╇━━━━━━━━━━━━┩
│[36m [0m[36m   Actor Encoder[0m[36m [0m│[35m [0m[35m   258,816[0m[35m [0m│
│[36m [0m[36m      Actor Head[0m[36m [0m│[35m [0m[35m    34,572[0m[35m [0m│
│[36m [0m[36m   Value Encoder[0m[36m [0m│[35m [0m[35m   258,816[0m[35m [0m│
│[36m [0m[36m      Value Head[0m[36m [0m│[35m [0m[35m   100,097[0m[35m [0m│
│[36m [0m[36m             ---[0m[36m [0m│[35m [0m[35m       ---[0m[35m [0m│
│[36m [0m[36m     Total Actor[0m[36m [0m│[35m [0m[35m   293,388[0m[35m [0m│
│[36m [0m[36m     Total Value[0m[36m [0m│[35m [0m[35m   358,913[0m[35m [0m│
│[36m [0m[36m             ---[0m[36m [0m│[35m [0m[35m       ---[0m[35m [0m│
│[36m [0m[36mTotal Parameters[0m[36m [0m│[35m [0m[35m   652,301[0m[35m [0m│
└──────────────────┴────────────┘
2026-06-12 11:20:01,093 [ftr_ppo_train][[93mWARNING[00m]: Found step (attempt_0) checkpoint: policy_step_34209792.pth / vecnorm_step_34209792.pth (train_ftr.py:487)
2026-06-12 11:20:01,105 [ftr_ppo_train][[92mINFO[00m]: Loaded policy from step (attempt_0) checkpoint (train_ftr.py:493)
2026-06-12 11:20:01,107 [ftr_ppo_train][[92mINFO[00m]: Loaded vecnorm from step (attempt_0) checkpoint (train_ftr.py:500)
2026-06-12 11:20:01,107 [ftr_ppo_train][[93mWARNING[00m]: Resuming from step (attempt_0) checkpoint — training may have inconsistent metrics. (train_ftr.py:505)
2026-06-12 11:20:01,130 [ftr_ppo_train][[93mWARNING[00m]: Failed to load training checkpoint: 'FtrPPOTrainer' object has no attribute 'optim' (train_ftr.py:574)
2026-06-12 11:20:02,155 [ftr_ppo_train][[92mINFO[00m]: Initialized FtrPPOTrainer. (train_ftr.py:450)
2026-06-12 11:20:02,156 [ftr_ppo_train][[92mINFO[00m]: Iteration size: 131072, frames_per_sub_batch: 4096, optimisation steps per iter: 32 (train_ftr.py:623)
2026-06-12 09:20:01 [37,777ms] [Warning] [ftr_ppo_train] Found step (attempt_0) checkpoint: policy_step_34209792.pth / vecnorm_step_34209792.pth
2026-06-12 09:20:01 [37,790ms] [Warning] [ftr_ppo_train] Resuming from step (attempt_0) checkpoint — training may have inconsistent metrics.
2026-06-12 09:20:01 [37,814ms] [Warning] [ftr_ppo_train] Failed to load training checkpoint: 'FtrPPOTrainer' object has no attribute 'optim'
2026-06-13 11:36:22,069 [ftr_ppo_train][[91mERROR[00m]: Training failed: CUDA error: an illegal memory access was encountered
CUDA kernel errors might be asynchronously reported at some other API call, so the stacktrace below might be incorrect.
For debugging consider passing CUDA_LAUNCH_BLOCKING=1
Compile with `TORCH_USE_CUDA_DSA` to enable device-side assertions.
 (train_ftr.py:586)
########################################################################
Python script finished with exit status: 75
########################################################################
Exit code 75 detected (CUDA/W&B error). Respawning training (attempt 3/5)...
########################################################################
Starting training (respawn #2 of 5)...
########################################################################
[Warning] [omni.isaac.kit.simulation_app] Modules: ['omni.kit_app'] were loaded before SimulationApp was started and might not be loaded correctly.
[Warning] [omni.isaac.kit.simulation_app] Please check to make sure no extra omniverse or pxr modules are imported before the call to SimulationApp(...)
[Info] [carb] Logging to file: /opt/conda/envs/isaaclab/lib/python3.10/site-packages/omni/logs/Kit/Isaac-Sim/4.2/kit_20260613_113638.log
2026-06-13 09:36:38 [0ms] [Warning] [omni.kit.app.plugin] No crash reporter present, dumps uploading isn't available.
2026-06-13 09:36:38 [4ms] [Warning] [omni.ext.plugin] [ext: containers] Extensions config 'extension.toml' doesn't exist '/home/sargapav/robot_rodeo_gym_ws/containers' or '/home/sargapav/robot_rodeo_gym_ws/containers/config'
2026-06-13 09:36:38 [4ms] [Warning] [omni.ext.plugin] [ext: notebooks] Extensions config 'extension.toml' doesn't exist '/home/sargapav/robot_rodeo_gym_ws/notebooks' or '/home/sargapav/robot_rodeo_gym_ws/notebooks/config'
2026-06-13 09:36:38 [4ms] [Warning] [omni.ext.plugin] [ext: scripts] Extensions config 'extension.toml' doesn't exist '/home/sargapav/robot_rodeo_gym_ws/scripts' or '/home/sargapav/robot_rodeo_gym_ws/scripts/config'
2026-06-13 09:36:38 [4ms] [Warning] [omni.ext.plugin] [ext: optuna] Extensions config 'extension.toml' doesn't exist '/home/sargapav/robot_rodeo_gym_ws/optuna' or '/home/sargapav/robot_rodeo_gym_ws/optuna/config'
2026-06-13 09:36:38 [4ms] [Warning] [omni.ext.plugin] [ext: runs] Extensions config 'extension.toml' doesn't exist '/home/sargapav/robot_rodeo_gym_ws/runs' or '/home/sargapav/robot_rodeo_gym_ws/runs/config'
2026-06-13 09:36:38 [4ms] [Warning] [omni.ext.plugin] [ext: logs] Extensions config 'extension.toml' doesn't exist '/home/sargapav/robot_rodeo_gym_ws/logs' or '/home/sargapav/robot_rodeo_gym_ws/logs/config'
2026-06-13 09:36:38 [4ms] [Warning] [omni.ext.plugin] [ext: experiments] Extensions config 'extension.toml' doesn't exist '/home/sargapav/robot_rodeo_gym_ws/experiments' or '/home/sargapav/robot_rodeo_gym_ws/experiments/config'
2026-06-13 09:36:38 [5ms] [Warning] [omni.ext.plugin] [ext: secrets] Extensions config 'extension.toml' doesn't exist '/home/sargapav/robot_rodeo_gym_ws/secrets' or '/home/sargapav/robot_rodeo_gym_ws/secrets/config'
2026-06-13 09:36:38 [5ms] [Warning] [omni.ext.plugin] [ext: src] Extensions config 'extension.toml' doesn't exist '/home/sargapav/robot_rodeo_gym_ws/src' or '/home/sargapav/robot_rodeo_gym_ws/src/config'
2026-06-13 09:36:38 [5ms] [Warning] [omni.ext.plugin] [ext: configs] Extensions config 'extension.toml' doesn't exist '/home/sargapav/robot_rodeo_gym_ws/configs' or '/home/sargapav/robot_rodeo_gym_ws/configs/config'
2026-06-13 09:36:38 [5ms] [Warning] [omni.ext.plugin] [ext: slurm] Extensions config 'extension.toml' doesn't exist '/home/sargapav/robot_rodeo_gym_ws/slurm' or '/home/sargapav/robot_rodeo_gym_ws/slurm/config'
2026-06-13 09:36:38 [5ms] [Warning] [omni.ext.plugin] [ext: wandb] Extensions config 'extension.toml' doesn't exist '/home/sargapav/robot_rodeo_gym_ws/wandb' or '/home/sargapav/robot_rodeo_gym_ws/wandb/config'
[0.371s] [ext: omni.kit.async_engine-0.0.1] startup
[0.614s] [ext: omni.stats-1.0.1] startup
[0.621s] [ext: omni.client-1.2.0] startup
[0.807s] [ext: omni.gpu_foundation.shadercache.vulkan-1.0.0] startup
[0.813s] [ext: omni.assets.plugins-0.0.0] startup
[0.833s] [ext: omni.gpu_foundation-0.0.0] startup
[1.016s] [ext: omni.kit.pipapi-0.0.0] startup
[1.018s] [ext: omni.materialx.libs-1.0.4] startup
[1.050s] [ext: omni.kit.pip_archive-0.0.0] startup
[1.051s] [ext: omni.usd.config-1.0.4] startup
[1.060s] [ext: omni.gpucompute.plugins-0.0.0] startup
[1.063s] [ext: omni.usd.libs-1.0.1] startup
[1.520s] [ext: omni.kit.telemetry-0.5.0] startup
[1.561s] [ext: omni.usd.schema.semantics-0.0.0] startup
[1.794s] [ext: omni.usd.schema.audio-0.0.0] startup
[1.830s] [ext: omni.usd.schema.physx-106.1.9] startup
[1.927s] [ext: carb.audio-0.1.0] startup
[1.962s] [ext: omni.kvdb-106.1.9] startup
[1.970s] [ext: omni.timeline-1.0.10] startup
[1.975s] [ext: omni.kit.actions.core-1.0.0] startup
[1.984s] [ext: omni.kit.audiodeviceenum-1.0.1] startup
[1.989s] [ext: omni.localcache-106.1.9] startup
[1.992s] [ext: omni.usd_resolver-1.0.0] startup
[2.001s] [ext: omni.kit.commands-1.4.9] startup
[2.010s] [ext: omni.graph.exec-0.9.4] startup
[2.012s] [ext: omni.usd.core-1.4.1] startup
[2.025s] [ext: omni.kit.usd_undo-0.1.8] startup
[2.026s] [ext: omni.kit.exec.core-0.13.4] startup
[2.036s] [ext: omni.convexdecomposition-106.1.9] startup
[2.046s] [ext: omni.usd-1.12.2] startup
[2.108s] [ext: omni.usdphysics-106.1.9] startup
[2.112s] [ext: omni.physx.foundation-106.1.9] startup
[2.129s] [ext: omni.kit.usd.layers-2.1.36] startup
[2.149s] [ext: omni.physx.cooking-106.1.9] startup
[2.166s] [ext: omni.blobkey-1.1.2] startup
[2.170s] [ext: omni.datastore-0.0.0] startup
[2.243s] [ext: omni.ujitso.default-1.0.0] startup
[2.254s] [ext: omni.hsscclient-1.1.1] startup
[2.269s] [ext: omni.kit.primitive.mesh-1.0.17] startup
[2.274s] [ext: usdrt.scenegraph-7.5.0] startup
[2.428s] [ext: omni.warp.core-1.2.1] startup
[2.534s] [ext: omni.physx-106.1.9] startup
[2.589s] [ext: omni.kit.stage_template.core-1.1.22] startup
[2.591s] [ext: omni.physx.stageupdate-106.1.9] startup
[2.596s] [ext: omni.kit.stage_templates-1.2.5] startup
[2.598s] [ext: omni.physics.tensors-106.1.9] startup
[2.610s] [ext: omni.isaac.version-1.1.0] startup
[2.611s] [ext: omni.physx.tensors-106.1.9] startup
2026-06-13 09:36:41 [2,832ms] [Warning] [omni.platforminfo.plugin] failed to open the default display.  Can't verify X Server version.
2026-06-13 09:36:41 [2,833ms] [Warning] [omni.platforminfo.plugin] failed to load XRAndR.
[3.078s] [ext: omni.isaac.nucleus-0.3.1] startup
[3.080s] [ext: omni.kit.loop-isaac-1.2.0] startup
[3.094s] [ext: omni.isaac.core-3.19.5] startup
[6.201s] [ext: omni.physx.fabric-106.1.9] startup
[6.216s] [ext: omni.isaac.kit-1.13.2] startup
[6.216s] [ext: omni.isaac.cloner-0.8.1] startup
[6.217s] [ext: isaaclab.python.headless-1.2.0] startup
[6.219s] Simulation App Starting
2026-06-13 09:36:44 [6,186ms] [Warning] [gpu.foundation.plugin] [ShaderCache]: Creating driver shaderCache directory failed: /opt/conda/envs/isaaclab/lib/python3.10/site-packages/omni/cache/nv_shadercache

|---------------------------------------------------------------------------------------------|
| Driver Version: 0             | Graphics API: Vulkan
|=============================================================================================|
| GPU | Name                             | Active | LDA | GPU Memory | Vendor-ID | LUID       |
|     |                                  |        |     |            | Device-ID | UUID       |
|     |                                  |        |     |            | Bus-ID    |            |
|=============================================================================================|
| OS: 13 (trixie) debian, Version: 13.00.0, Kernel: 4.18.0-513.9.1.el8_9.x86_64
| Processor: AMD EPYC 7543 32-Core Processor | Cores: 64 | Logical: 128
|---------------------------------------------------------------------------------------------|
| Total Memory (MB): 1031881 | Free Memory: 985924
| Total Page/Swap (MB): 0 | Free Page/Swap: 0
|---------------------------------------------------------------------------------------------|
2026-06-13 09:36:45 [6,867ms] [Warning] [omni.physx.foundation.plugin] PhysXFoundation: Couldn't get driver version, failed to getDeviceInfo
2026-06-13 09:36:45 [6,867ms] [Warning] [omni.physx.foundation.plugin] PhysXFoundation: Unable to get IGpuFoundation, GpuDevices or Graphics!
2026-06-13 09:36:45 [6,867ms] [Warning] [carb.cudainterop.plugin] CUDA_VISIBLE_DEVICES environment variable is set.
2026-06-13 09:36:45 [6,867ms] [Warning] [carb.cudainterop.plugin] Note CUDA device enumeration and Omniverse device enumeration are different.
2026-06-13 09:36:45 [6,867ms] [Warning] [carb.cudainterop.plugin] Setting CUDA_VISIBLE_DEVICES can lead to undesired behavior or crashes.
[8.059s] app ready
[INFO][AppLauncher]: Loading experience file: /opt/IsaacLab/source/extensions/omni.isaac.lab/omni/isaac/lab/app/../../../../../../apps/isaaclab.python.headless.kit
Starting kit application with the following args:  ['/opt/conda/envs/isaaclab/lib/python3.10/site-packages/isaacsim/exts/omni.isaac.kit/omni/isaac/kit/simulation_app.py', '/opt/IsaacLab/source/extensions/omni.isaac.lab/omni/isaac/lab/app/../../../../../../apps/isaaclab.python.headless.kit', '--/app/tokens/exe-path=/opt/conda/envs/isaaclab/lib/python3.10/site-packages/omni', '--/persistent/app/viewport/displayOptions=3094', '--/rtx/materialDb/syncLoads=True', '--/rtx/hydra/materialSyncLoads=True', '--/omni.kit.plugin/syncUsdLoads=True', '--/app/renderer/resolution/width=1280', '--/app/renderer/resolution/height=720', '--/app/window/width=1440', '--/app/window/height=900', '--/renderer/multiGpu/enabled=True', '--/app/fastShutdown=True', '--ext-folder', '/opt/conda/envs/isaaclab/lib/python3.10/site-packages/isaacsim/exts', '--ext-folder', '/opt/conda/envs/isaaclab/lib/python3.10/site-packages/isaacsim/apps', '--/renderer/activeGpu=0', '--/physics/cudaDevice=0', '--portable', '--no-window', '--/app/window/hideUi=True']
Passing the following args to the base kit application:  ['--config', '/ws/configs/ftr_config_optuna_best_v5.yaml', '--headless']
/ws
[INFO] Respawn detected — loading config from previous attempt: /ws/logs/train_ftr_11055291/attempt_1/config.yaml
[8.219s] Simulation App Startup Complete
2026-06-13 09:36:53 [14,442ms] [Warning] [pxr.Semantics] pxr.Semantics is deprecated - please use Semantics instead
2026-06-13 09:36:55 [16,266ms] [Warning] [omni.isaac.lab.envs.direct_rl_env] Seed not set for the environment. The environment creation may not be deterministic.
2026-06-13 09:36:55 [16,303ms] [Warning] [omni.isaac.lab.envs.direct_rl_env] The render interval (5) is smaller than the decimation (10). Multiple multiple render calls will happen for each environment step.If this is not intended, set the render interval to be equal to the decimation.
2026-06-13 09:36:58 [19,435ms] [Warning] [omni.physx.plugin] The rigid body at /World/envs/env_0/pumbaa_wheel/pumbaa_wheel/chassis_link has a possibly invalid inertia tensor of {1.0, 1.0, 1.0} and a negative mass, small sphere approximated inertia was used. Either specify correct values in the mass properties, or add collider(s) to any shape(s) that you wish to automatically compute mass properties for.
2026-06-13 09:36:58 [19,435ms] [Warning] [omni.physx.plugin] The rigid body at /World/envs/env_0/pumbaa_wheel/pumbaa_wheel/front_left_flipper_link has a possibly invalid inertia tensor of {1.0, 1.0, 1.0} and a negative mass, small sphere approximated inertia was used. Either specify correct values in the mass properties, or add collider(s) to any shape(s) that you wish to automatically compute mass properties for.
2026-06-13 09:36:58 [19,435ms] [Warning] [omni.physx.plugin] The rigid body at /World/envs/env_0/pumbaa_wheel/pumbaa_wheel/front_right_flipper_link has a possibly invalid inertia tensor of {1.0, 1.0, 1.0} and a negative mass, small sphere approximated inertia was used. Either specify correct values in the mass properties, or add collider(s) to any shape(s) that you wish to automatically compute mass properties for.
2026-06-13 09:36:58 [19,435ms] [Warning] [omni.physx.plugin] The rigid body at /World/envs/env_0/pumbaa_wheel/pumbaa_wheel/rear_left_flipper_link has a possibly invalid inertia tensor of {1.0, 1.0, 1.0} and a negative mass, small sphere approximated inertia was used. Either specify correct values in the mass properties, or add collider(s) to any shape(s) that you wish to automatically compute mass properties for.
2026-06-13 09:36:58 [19,435ms] [Warning] [omni.physx.plugin] The rigid body at /World/envs/env_0/pumbaa_wheel/pumbaa_wheel/rear_right_flipper_link has a possibly invalid inertia tensor of {1.0, 1.0, 1.0} and a negative mass, small sphere approximated inertia was used. Either specify correct values in the mass properties, or add collider(s) to any shape(s) that you wish to automatically compute mass properties for.
2026-06-13 09:37:08 [29,815ms] [Warning] [omni.isaac.lab.assets.articulation.articulation] Not all actuators are configured! Total number of actuated joints not equal to number of joints available: 24 != 40.
Warp 1.2.1 initialized:
   CUDA Toolkit 11.8, Driver 12.4
   Devices:
     "cpu"      : "CPU"
     "cuda:0"   : "NVIDIA A100-SXM4-40GB" (39 GiB, sm_80, mempool enabled)
   Kernel cache:
     /home/sargapav/.cache/warp/1.2.1
[INFO]: Base environment:
	Environment device    : cuda:0
	Environment seed      : None
	Physics step-size     : 0.005
	Rendering step-size   : 0.025
	Environment step-size : 0.05
[INFO]: Time taken for scene creation : 0.865865 seconds
[INFO]: Scene manager:  <class InteractiveScene>
	Number of environments: 1024
	Environment spacing   : 0.0
	Source prim name      : /World/envs/env_0
	Global prim paths     : ['/World/terrain']
	Replicate physics     : True
[INFO]: Starting the simulation. This may take a few seconds. Please wait...
[INFO]: Time taken for simulation start : 13.633570 seconds
[INFO]: Completed setting up the environment...
2026-06-13 11:37:09,648 [RunLogger][[92mINFO[00m]: RunLogger initialized for run train_ftr_11055291_attempt_2 at /ws/logs/train_ftr_11055291/attempt_2 (logutils.py:105)
2026-06-13 11:37:16,727 [ftr_ppo_train][[92mINFO[00m]: Seed: 42  (random ✓  numpy ✓  torch ✓  cuda ✓) (train_ftr.py:342)
2026-06-13 11:37:17,043 [MLPPolicyConfig][[92mINFO[00m]: Applied orthogonal initialization to the actor and value operators. (mlp_policy.py:89)
[3m     Policy Parameter Counts     [0m
┏━━━━━━━━━━━━━━━━━━┳━━━━━━━━━━━━┓
┃[1m [0m[1m       Component[0m[1m [0m┃[1m [0m[1mParameters[0m[1m [0m┃
┡━━━━━━━━━━━━━━━━━━╇━━━━━━━━━━━━┩
│[36m [0m[36m   Actor Encoder[0m[36m [0m│[35m [0m[35m   258,816[0m[35m [0m│
│[36m [0m[36m      Actor Head[0m[36m [0m│[35m [0m[35m    34,572[0m[35m [0m│
│[36m [0m[36m   Value Encoder[0m[36m [0m│[35m [0m[35m   258,816[0m[35m [0m│
│[36m [0m[36m      Value Head[0m[36m [0m│[35m [0m[35m   100,097[0m[35m [0m│
│[36m [0m[36m             ---[0m[36m [0m│[35m [0m[35m       ---[0m[35m [0m│
│[36m [0m[36m     Total Actor[0m[36m [0m│[35m [0m[35m   293,388[0m[35m [0m│
│[36m [0m[36m     Total Value[0m[36m [0m│[35m [0m[35m   358,913[0m[35m [0m│
│[36m [0m[36m             ---[0m[36m [0m│[35m [0m[35m       ---[0m[35m [0m│
│[36m [0m[36mTotal Parameters[0m[36m [0m│[35m [0m[35m   652,301[0m[35m [0m│
└──────────────────┴────────────┘
2026-06-13 11:37:17,054 [ftr_ppo_train][[93mWARNING[00m]: Found step (attempt_1) checkpoint: policy_step_36831232.pth / vecnorm_step_36831232.pth (train_ftr.py:487)
2026-06-13 11:37:17,070 [ftr_ppo_train][[92mINFO[00m]: Loaded policy from step (attempt_1) checkpoint (train_ftr.py:493)
2026-06-13 11:37:17,072 [ftr_ppo_train][[92mINFO[00m]: Loaded vecnorm from step (attempt_1) checkpoint (train_ftr.py:500)
2026-06-13 11:37:17,072 [ftr_ppo_train][[93mWARNING[00m]: Resuming from step (attempt_1) checkpoint — training may have inconsistent metrics. (train_ftr.py:505)
2026-06-13 11:37:17,104 [ftr_ppo_train][[93mWARNING[00m]: Failed to load training checkpoint: 'FtrPPOTrainer' object has no attribute 'optim' (train_ftr.py:574)
2026-06-13 11:37:18,139 [ftr_ppo_train][[92mINFO[00m]: Initialized FtrPPOTrainer. (train_ftr.py:450)
2026-06-13 11:37:18,139 [ftr_ppo_train][[92mINFO[00m]: Iteration size: 131072, frames_per_sub_batch: 4096, optimisation steps per iter: 32 (train_ftr.py:623)
