########################################################################
Job ID: 11203271
Running on node: g09
Script arguments received by sbatch script (/var/spool/slurm/d/job11203271/slurm_script): 
Number of arguments: 0
########################################################################
Setting up environment...
Changed directory to /home/sargapav/robot_rodeo_gym_ws
------------------------------------------------------------------------
nvidia-smi output:
Fri Jul 24 21:36:21 2026       
+-----------------------------------------------------------------------------------------+
| NVIDIA-SMI 550.54.14              Driver Version: 550.54.14      CUDA Version: 12.4     |
|-----------------------------------------+------------------------+----------------------+
| GPU  Name                 Persistence-M | Bus-Id          Disp.A | Volatile Uncorr. ECC |
| Fan  Temp   Perf          Pwr:Usage/Cap |           Memory-Usage | GPU-Util  Compute M. |
|                                         |                        |               MIG M. |
|=========================================+========================+======================|
|   0  NVIDIA A100-SXM4-40GB          On  |   00000000:41:00.0 Off |                    0 |
| N/A   28C    P0             52W /  400W |       0MiB /  40960MiB |      0%      Default |
|                                         |                        |             Disabled |
+-----------------------------------------+------------------------+----------------------+
                                                                                         
+-----------------------------------------------------------------------------------------+
| Processes:                                                                              |
|  GPU   GI   CI        PID   Type   Process name                              GPU Memory |
|        ID   ID                                                               Usage      |
|=========================================================================================|
|  No running processes found                                                             |
+-----------------------------------------------------------------------------------------+
GPU is clear (no active CUDA contexts).
------------------------------------------------------------------------
W&B project : MARV_RL
Copying Omniverse cache to node-local /tmp/omni_cache_11203271 ...
########################################################################
Starting training (respawn #0 of 5)...
########################################################################
[Warning] [omni.isaac.kit.simulation_app] Modules: ['omni.kit_app'] were loaded before SimulationApp was started and might not be loaded correctly.
[Warning] [omni.isaac.kit.simulation_app] Please check to make sure no extra omniverse or pxr modules are imported before the call to SimulationApp(...)
[Info] [carb] Logging to file: /opt/conda/envs/isaaclab/lib/python3.10/site-packages/omni/logs/Kit/Isaac-Sim/4.2/kit_20260724_213625.log
2026-07-24 19:36:25 [0ms] [Warning] [omni.kit.app.plugin] No crash reporter present, dumps uploading isn't available.
2026-07-24 19:36:25 [4ms] [Warning] [omni.ext.plugin] [ext: src] Extensions config 'extension.toml' doesn't exist '/home/sargapav/robot_rodeo_gym_ws/src' or '/home/sargapav/robot_rodeo_gym_ws/src/config'
2026-07-24 19:36:25 [4ms] [Warning] [omni.ext.plugin] [ext: containers] Extensions config 'extension.toml' doesn't exist '/home/sargapav/robot_rodeo_gym_ws/containers' or '/home/sargapav/robot_rodeo_gym_ws/containers/config'
2026-07-24 19:36:25 [4ms] [Warning] [omni.ext.plugin] [ext: notebooks] Extensions config 'extension.toml' doesn't exist '/home/sargapav/robot_rodeo_gym_ws/notebooks' or '/home/sargapav/robot_rodeo_gym_ws/notebooks/config'
2026-07-24 19:36:25 [4ms] [Warning] [omni.ext.plugin] [ext: scripts] Extensions config 'extension.toml' doesn't exist '/home/sargapav/robot_rodeo_gym_ws/scripts' or '/home/sargapav/robot_rodeo_gym_ws/scripts/config'
2026-07-24 19:36:25 [4ms] [Warning] [omni.ext.plugin] [ext: runs] Extensions config 'extension.toml' doesn't exist '/home/sargapav/robot_rodeo_gym_ws/runs' or '/home/sargapav/robot_rodeo_gym_ws/runs/config'
2026-07-24 19:36:25 [4ms] [Warning] [omni.ext.plugin] [ext: secrets] Extensions config 'extension.toml' doesn't exist '/home/sargapav/robot_rodeo_gym_ws/secrets' or '/home/sargapav/robot_rodeo_gym_ws/secrets/config'
2026-07-24 19:36:25 [4ms] [Warning] [omni.ext.plugin] [ext: configs] Extensions config 'extension.toml' doesn't exist '/home/sargapav/robot_rodeo_gym_ws/configs' or '/home/sargapav/robot_rodeo_gym_ws/configs/config'
2026-07-24 19:36:25 [4ms] [Warning] [omni.ext.plugin] [ext: wandb] Extensions config 'extension.toml' doesn't exist '/home/sargapav/robot_rodeo_gym_ws/wandb' or '/home/sargapav/robot_rodeo_gym_ws/wandb/config'
2026-07-24 19:36:25 [4ms] [Warning] [omni.ext.plugin] [ext: slurm] Extensions config 'extension.toml' doesn't exist '/home/sargapav/robot_rodeo_gym_ws/slurm' or '/home/sargapav/robot_rodeo_gym_ws/slurm/config'
2026-07-24 19:36:25 [4ms] [Warning] [omni.ext.plugin] [ext: logs] Extensions config 'extension.toml' doesn't exist '/home/sargapav/robot_rodeo_gym_ws/logs' or '/home/sargapav/robot_rodeo_gym_ws/logs/config'
2026-07-24 19:36:25 [4ms] [Warning] [omni.ext.plugin] [ext: experiments] Extensions config 'extension.toml' doesn't exist '/home/sargapav/robot_rodeo_gym_ws/experiments' or '/home/sargapav/robot_rodeo_gym_ws/experiments/config'
2026-07-24 19:36:25 [4ms] [Warning] [omni.ext.plugin] [ext: optuna] Extensions config 'extension.toml' doesn't exist '/home/sargapav/robot_rodeo_gym_ws/optuna' or '/home/sargapav/robot_rodeo_gym_ws/optuna/config'
[0.222s] [ext: omni.kit.async_engine-0.0.1] startup
[0.456s] [ext: omni.stats-1.0.1] startup
[0.461s] [ext: omni.client-1.2.0] startup
[0.591s] [ext: omni.gpu_foundation.shadercache.vulkan-1.0.0] startup
[0.597s] [ext: omni.assets.plugins-0.0.0] startup
[0.610s] [ext: omni.gpu_foundation-0.0.0] startup
[0.732s] [ext: omni.kit.pipapi-0.0.0] startup
[0.733s] [ext: omni.materialx.libs-1.0.4] startup
[0.756s] [ext: omni.kit.pip_archive-0.0.0] startup
[0.757s] [ext: omni.usd.config-1.0.4] startup
[0.765s] [ext: omni.gpucompute.plugins-0.0.0] startup
[0.768s] [ext: omni.usd.libs-1.0.1] startup
[1.115s] [ext: omni.kit.telemetry-0.5.0] startup
[1.147s] [ext: omni.usd.schema.semantics-0.0.0] startup
2026-07-24 19:36:26 [1,160ms] [Warning] [omni.platforminfo.plugin] failed to open the default display.  Can't verify X Server version.
2026-07-24 19:36:26 [1,161ms] [Warning] [omni.platforminfo.plugin] failed to load XRAndR.
[1.334s] [ext: omni.usd.schema.audio-0.0.0] startup
[1.362s] [ext: omni.usd.schema.physx-106.1.9] startup
[1.438s] [ext: carb.audio-0.1.0] startup
[1.454s] [ext: omni.kvdb-106.1.9] startup
[1.459s] [ext: omni.timeline-1.0.10] startup
[1.464s] [ext: omni.kit.actions.core-1.0.0] startup
[1.470s] [ext: omni.kit.audiodeviceenum-1.0.1] startup
[1.473s] [ext: omni.localcache-106.1.9] startup
[1.477s] [ext: omni.usd_resolver-1.0.0] startup
[1.484s] [ext: omni.kit.commands-1.4.9] startup
[1.492s] [ext: omni.graph.exec-0.9.4] startup
[1.494s] [ext: omni.usd.core-1.4.1] startup
[1.504s] [ext: omni.kit.usd_undo-0.1.8] startup
[1.505s] [ext: omni.kit.exec.core-0.13.4] startup
[1.512s] [ext: omni.convexdecomposition-106.1.9] startup
[1.520s] [ext: omni.usd-1.12.2] startup
[1.583s] [ext: omni.usdphysics-106.1.9] startup
[1.586s] [ext: omni.physx.foundation-106.1.9] startup
[1.597s] [ext: omni.kit.usd.layers-2.1.36] startup
[1.614s] [ext: omni.physx.cooking-106.1.9] startup
[1.627s] [ext: omni.blobkey-1.1.2] startup
[1.631s] [ext: omni.datastore-0.0.0] startup
[1.681s] [ext: omni.ujitso.default-1.0.0] startup
[1.689s] [ext: omni.hsscclient-1.1.1] startup
[1.699s] [ext: omni.kit.primitive.mesh-1.0.17] startup
[1.704s] [ext: usdrt.scenegraph-7.5.0] startup
[1.798s] [ext: omni.warp.core-1.2.1] startup
[1.900s] [ext: omni.physx-106.1.9] startup
[1.942s] [ext: omni.kit.stage_template.core-1.1.22] startup
[1.943s] [ext: omni.physx.stageupdate-106.1.9] startup
[1.948s] [ext: omni.kit.stage_templates-1.2.5] startup
[1.950s] [ext: omni.physics.tensors-106.1.9] startup
[1.960s] [ext: omni.isaac.version-1.1.0] startup
[1.961s] [ext: omni.physx.tensors-106.1.9] startup
[2.963s] [ext: omni.isaac.nucleus-0.3.1] startup
[2.965s] [ext: omni.kit.loop-isaac-1.2.0] startup
[2.968s] [ext: omni.isaac.core-3.19.5] startup
[5.573s] [ext: omni.physx.fabric-106.1.9] startup
[5.586s] [ext: omni.isaac.kit-1.13.2] startup
[5.586s] [ext: omni.isaac.cloner-0.8.1] startup
[5.587s] [ext: isaaclab.python.headless-1.2.0] startup
[5.588s] Simulation App Starting
2026-07-24 19:36:30 [5,568ms] [Warning] [gpu.foundation.plugin] [ShaderCache]: Creating driver shaderCache directory failed: /opt/conda/envs/isaaclab/lib/python3.10/site-packages/omni/cache/nv_shadercache

|---------------------------------------------------------------------------------------------|
| Driver Version: 0             | Graphics API: Vulkan
|=============================================================================================|
| GPU | Name                             | Active | LDA | GPU Memory | Vendor-ID | LUID       |
|     |                                  |        |     |            | Device-ID | UUID       |
|     |                                  |        |     |            | Bus-ID    |            |
|=============================================================================================|
| OS: 13 (trixie) debian, Version: 13.1664036913.1768320623, Kernel: 4.18.0-513.9.1.el8_9.x86_64
| Processor: AMD EPYC 7543 32-Core Processor | Cores: 64 | Logical: 128
|---------------------------------------------------------------------------------------------|
| Total Memory (MB): 1031894 | Free Memory: 827159
| Total Page/Swap (MB): 0 | Free Page/Swap: 0
|---------------------------------------------------------------------------------------------|
2026-07-24 19:36:31 [6,054ms] [Warning] [omni.physx.foundation.plugin] PhysXFoundation: Couldn't get driver version, failed to getDeviceInfo
2026-07-24 19:36:31 [6,054ms] [Warning] [omni.physx.foundation.plugin] PhysXFoundation: Unable to get IGpuFoundation, GpuDevices or Graphics!
2026-07-24 19:36:31 [6,055ms] [Warning] [carb.cudainterop.plugin] CUDA_VISIBLE_DEVICES environment variable is set.
2026-07-24 19:36:31 [6,055ms] [Warning] [carb.cudainterop.plugin] Note CUDA device enumeration and Omniverse device enumeration are different.
2026-07-24 19:36:31 [6,055ms] [Warning] [carb.cudainterop.plugin] Setting CUDA_VISIBLE_DEVICES can lead to undesired behavior or crashes.
[7.040s] app ready
[7.199s] Simulation App Startup Complete
2026-07-24 19:36:36 [11,037ms] [Warning] [pxr.Semantics] pxr.Semantics is deprecated - please use Semantics instead
2026-07-24 19:36:38 [12,907ms] [Warning] [omni.isaac.lab.envs.direct_rl_env] Seed not set for the environment. The environment creation may not be deterministic.
2026-07-24 19:36:38 [12,994ms] [Warning] [omni.isaac.lab.envs.direct_rl_env] The render interval (5) is smaller than the decimation (20). Multiple multiple render calls will happen for each environment step.If this is not intended, set the render interval to be equal to the decimation.
[INFO][AppLauncher]: Loading experience file: /opt/IsaacLab/source/extensions/omni.isaac.lab/omni/isaac/lab/app/../../../../../../apps/isaaclab.python.headless.kit
Starting kit application with the following args:  ['/opt/conda/envs/isaaclab/lib/python3.10/site-packages/isaacsim/exts/omni.isaac.kit/omni/isaac/kit/simulation_app.py', '/opt/IsaacLab/source/extensions/omni.isaac.lab/omni/isaac/lab/app/../../../../../../apps/isaaclab.python.headless.kit', '--/app/tokens/exe-path=/opt/conda/envs/isaaclab/lib/python3.10/site-packages/omni', '--/persistent/app/viewport/displayOptions=3094', '--/rtx/materialDb/syncLoads=True', '--/rtx/hydra/materialSyncLoads=True', '--/omni.kit.plugin/syncUsdLoads=True', '--/app/renderer/resolution/width=1280', '--/app/renderer/resolution/height=720', '--/app/window/width=1440', '--/app/window/height=900', '--/renderer/multiGpu/enabled=True', '--/app/fastShutdown=True', '--ext-folder', '/opt/conda/envs/isaaclab/lib/python3.10/site-packages/isaacsim/exts', '--ext-folder', '/opt/conda/envs/isaaclab/lib/python3.10/site-packages/isaacsim/apps', '--/renderer/activeGpu=0', '--/physics/cudaDevice=0', '--portable', '--no-window', '--/app/window/hideUi=True']
Passing the following args to the base kit application:  ['--config', '/ws/configs/marv_config_icmd3qn.yaml', '--headless']
Warp 1.2.1 initialized:
   CUDA Toolkit 11.8, Driver 12.4
   Devices:
     "cpu"      : "CPU"
     "cuda:0"   : "NVIDIA A100-SXM4-40GB" (39 GiB, sm_80, mempool enabled)
   Kernel cache:
     /home/sargapav/.cache/warp/1.2.1
[INFO]: Base environment:
	Environment device    : cuda:0
	Environment seed      : None
	Physics step-size     : 0.005
	Rendering step-size   : 0.025
	Environment step-size : 0.1
[INFO]: Time taken for scene creation : 1.041519 seconds
[INFO]: Scene manager:  <class InteractiveScene>
	Number of environments: 1024
	Environment spacing   : 0.0
	Source prim name      : /World/envs/env_0
	Global prim paths     : ['/World/terrain']
	Replicate physics     : True
[INFO]: Starting the simulation. This may take a few seconds. Please wait...
[INFO]: Time taken for simulation start : 12.001274 seconds
[INFO]: Completed setting up the environment...
2026-07-24 21:36:51,316 [RunLogger][[92mINFO[00m]: RunLogger initialized for run train_marv_icmd3qn_11203271_attempt_0 at /ws/logs/train_marv_icmd3qn_11203271/attempt_0 (logutils.py:105)
2026-07-24 21:36:58,964 [ftr_icmd3qn_train][[92mINFO[00m]: Seed: 42  (random check numpy check torch check cuda check) (train_icmd3qn.py:204)
2026-07-24 21:36:59,344 [ftr_icmd3qn_train][[92mINFO[00m]: Initialized FtrICMD3QNTrainer. (train_icmd3qn.py:284)
2026-07-24 21:36:59,344 [ftr_icmd3qn_train][[92mINFO[00m]: Iteration size: 131072, batch_size: 256, updates/iter: 64 (train_icmd3qn.py:495)
2026-07-25 15:47:46,843 [ftr_icmd3qn_train][[91mERROR[00m]: Training failed: CUDA error: an illegal memory access was encountered
CUDA kernel errors might be asynchronously reported at some other API call, so the stacktrace below might be incorrect.
For debugging consider passing CUDA_LAUNCH_BLOCKING=1
Compile with `TORCH_USE_CUDA_DSA` to enable device-side assertions.
 (train_icmd3qn.py:400)
########################################################################
Python script finished with exit status: 75
########################################################################
Exit code 75 detected (CUDA/W&B error). Respawning training (attempt 2/5)...
########################################################################
Starting training (respawn #1 of 5)...
########################################################################
[Warning] [omni.isaac.kit.simulation_app] Modules: ['omni.kit_app'] were loaded before SimulationApp was started and might not be loaded correctly.
[Warning] [omni.isaac.kit.simulation_app] Please check to make sure no extra omniverse or pxr modules are imported before the call to SimulationApp(...)
[Info] [carb] Logging to file: /opt/conda/envs/isaaclab/lib/python3.10/site-packages/omni/logs/Kit/Isaac-Sim/4.2/kit_20260725_154802.log
2026-07-25 13:48:02 [0ms] [Warning] [omni.kit.app.plugin] No crash reporter present, dumps uploading isn't available.
2026-07-25 13:48:03 [3ms] [Warning] [omni.ext.plugin] [ext: containers] Extensions config 'extension.toml' doesn't exist '/home/sargapav/robot_rodeo_gym_ws/containers' or '/home/sargapav/robot_rodeo_gym_ws/containers/config'
2026-07-25 13:48:03 [3ms] [Warning] [omni.ext.plugin] [ext: experiments] Extensions config 'extension.toml' doesn't exist '/home/sargapav/robot_rodeo_gym_ws/experiments' or '/home/sargapav/robot_rodeo_gym_ws/experiments/config'
2026-07-25 13:48:03 [3ms] [Warning] [omni.ext.plugin] [ext: runs] Extensions config 'extension.toml' doesn't exist '/home/sargapav/robot_rodeo_gym_ws/runs' or '/home/sargapav/robot_rodeo_gym_ws/runs/config'
2026-07-25 13:48:03 [3ms] [Warning] [omni.ext.plugin] [ext: configs] Extensions config 'extension.toml' doesn't exist '/home/sargapav/robot_rodeo_gym_ws/configs' or '/home/sargapav/robot_rodeo_gym_ws/configs/config'
2026-07-25 13:48:03 [3ms] [Warning] [omni.ext.plugin] [ext: scripts] Extensions config 'extension.toml' doesn't exist '/home/sargapav/robot_rodeo_gym_ws/scripts' or '/home/sargapav/robot_rodeo_gym_ws/scripts/config'
2026-07-25 13:48:03 [3ms] [Warning] [omni.ext.plugin] [ext: notebooks] Extensions config 'extension.toml' doesn't exist '/home/sargapav/robot_rodeo_gym_ws/notebooks' or '/home/sargapav/robot_rodeo_gym_ws/notebooks/config'
2026-07-25 13:48:03 [3ms] [Warning] [omni.ext.plugin] [ext: optuna] Extensions config 'extension.toml' doesn't exist '/home/sargapav/robot_rodeo_gym_ws/optuna' or '/home/sargapav/robot_rodeo_gym_ws/optuna/config'
2026-07-25 13:48:03 [3ms] [Warning] [omni.ext.plugin] [ext: slurm] Extensions config 'extension.toml' doesn't exist '/home/sargapav/robot_rodeo_gym_ws/slurm' or '/home/sargapav/robot_rodeo_gym_ws/slurm/config'
2026-07-25 13:48:03 [3ms] [Warning] [omni.ext.plugin] [ext: wandb] Extensions config 'extension.toml' doesn't exist '/home/sargapav/robot_rodeo_gym_ws/wandb' or '/home/sargapav/robot_rodeo_gym_ws/wandb/config'
2026-07-25 13:48:03 [3ms] [Warning] [omni.ext.plugin] [ext: secrets] Extensions config 'extension.toml' doesn't exist '/home/sargapav/robot_rodeo_gym_ws/secrets' or '/home/sargapav/robot_rodeo_gym_ws/secrets/config'
2026-07-25 13:48:03 [4ms] [Warning] [omni.ext.plugin] [ext: src] Extensions config 'extension.toml' doesn't exist '/home/sargapav/robot_rodeo_gym_ws/src' or '/home/sargapav/robot_rodeo_gym_ws/src/config'
2026-07-25 13:48:03 [4ms] [Warning] [omni.ext.plugin] [ext: logs] Extensions config 'extension.toml' doesn't exist '/home/sargapav/robot_rodeo_gym_ws/logs' or '/home/sargapav/robot_rodeo_gym_ws/logs/config'
[0.371s] [ext: omni.kit.async_engine-0.0.1] startup
[0.601s] [ext: omni.stats-1.0.1] startup
[0.614s] [ext: omni.client-1.2.0] startup
[0.815s] [ext: omni.gpu_foundation.shadercache.vulkan-1.0.0] startup
[0.821s] [ext: omni.assets.plugins-0.0.0] startup
[0.866s] [ext: omni.gpu_foundation-0.0.0] startup
[1.176s] [ext: omni.kit.pipapi-0.0.0] startup
[1.178s] [ext: omni.materialx.libs-1.0.4] startup
[1.206s] [ext: omni.kit.pip_archive-0.0.0] startup
[1.207s] [ext: omni.usd.config-1.0.4] startup
[1.215s] [ext: omni.gpucompute.plugins-0.0.0] startup
[1.217s] [ext: omni.usd.libs-1.0.1] startup
[1.987s] [ext: omni.kit.telemetry-0.5.0] startup
[2.047s] [ext: omni.usd.schema.semantics-0.0.0] startup
[2.367s] [ext: omni.usd.schema.audio-0.0.0] startup
[2.400s] [ext: omni.usd.schema.physx-106.1.9] startup
[2.584s] [ext: carb.audio-0.1.0] startup
[2.629s] [ext: omni.kvdb-106.1.9] startup
[2.637s] [ext: omni.timeline-1.0.10] startup
[2.666s] [ext: omni.kit.actions.core-1.0.0] startup
[2.674s] [ext: omni.kit.audiodeviceenum-1.0.1] startup
[2.679s] [ext: omni.localcache-106.1.9] startup
[2.682s] [ext: omni.usd_resolver-1.0.0] startup
[2.692s] [ext: omni.kit.commands-1.4.9] startup
[2.701s] [ext: omni.graph.exec-0.9.4] startup
[2.703s] [ext: omni.usd.core-1.4.1] startup
[2.715s] [ext: omni.kit.usd_undo-0.1.8] startup
[2.716s] [ext: omni.kit.exec.core-0.13.4] startup
[2.725s] [ext: omni.convexdecomposition-106.1.9] startup
[2.761s] [ext: omni.usd-1.12.2] startup
[2.880s] [ext: omni.usdphysics-106.1.9] startup
[2.884s] [ext: omni.physx.foundation-106.1.9] startup
[2.917s] [ext: omni.kit.usd.layers-2.1.36] startup
[2.953s] [ext: omni.physx.cooking-106.1.9] startup
[2.970s] [ext: omni.blobkey-1.1.2] startup
[2.975s] [ext: omni.datastore-0.0.0] startup
[3.090s] [ext: omni.ujitso.default-1.0.0] startup
[3.101s] [ext: omni.hsscclient-1.1.1] startup
[3.115s] [ext: omni.kit.primitive.mesh-1.0.17] startup
[3.120s] [ext: usdrt.scenegraph-7.5.0] startup
[3.365s] [ext: omni.warp.core-1.2.1] startup
[3.471s] [ext: omni.physx-106.1.9] startup
2026-07-25 13:48:06 [3,373ms] [Warning] [omni.platforminfo.plugin] failed to open the default display.  Can't verify X Server version.
2026-07-25 13:48:06 [3,375ms] [Warning] [omni.platforminfo.plugin] failed to load XRAndR.
[3.569s] [ext: omni.kit.stage_template.core-1.1.22] startup
[3.571s] [ext: omni.physx.stageupdate-106.1.9] startup
[3.578s] [ext: omni.kit.stage_templates-1.2.5] startup
[3.580s] [ext: omni.physics.tensors-106.1.9] startup
[3.591s] [ext: omni.isaac.version-1.1.0] startup
[3.592s] [ext: omni.physx.tensors-106.1.9] startup
[4.583s] [ext: omni.isaac.nucleus-0.3.1] startup
[4.585s] [ext: omni.kit.loop-isaac-1.2.0] startup
[4.601s] [ext: omni.isaac.core-3.19.5] startup
[8.863s] [ext: omni.physx.fabric-106.1.9] startup
[8.879s] [ext: omni.isaac.kit-1.13.2] startup
[8.880s] [ext: omni.isaac.cloner-0.8.1] startup
[8.881s] [ext: isaaclab.python.headless-1.2.0] startup
[8.882s] Simulation App Starting
2026-07-25 13:48:11 [8,865ms] [Warning] [gpu.foundation.plugin] [ShaderCache]: Creating driver shaderCache directory failed: /opt/conda/envs/isaaclab/lib/python3.10/site-packages/omni/cache/nv_shadercache

|---------------------------------------------------------------------------------------------|
| Driver Version: 0             | Graphics API: Vulkan
|=============================================================================================|
| GPU | Name                             | Active | LDA | GPU Memory | Vendor-ID | LUID       |
|     |                                  |        |     |            | Device-ID | UUID       |
|     |                                  |        |     |            | Bus-ID    |            |
|=============================================================================================|
| OS: 13 (trixie) debian, Version: 13.00.0, Kernel: 4.18.0-513.9.1.el8_9.x86_64
| Processor: AMD EPYC 7543 32-Core Processor | Cores: 64 | Logical: 128
|---------------------------------------------------------------------------------------------|
| Total Memory (MB): 1031894 | Free Memory: 966018
| Total Page/Swap (MB): 0 | Free Page/Swap: 0
|---------------------------------------------------------------------------------------------|
2026-07-25 13:48:12 [9,809ms] [Warning] [omni.physx.foundation.plugin] PhysXFoundation: Couldn't get driver version, failed to getDeviceInfo
2026-07-25 13:48:12 [9,809ms] [Warning] [omni.physx.foundation.plugin] PhysXFoundation: Unable to get IGpuFoundation, GpuDevices or Graphics!
2026-07-25 13:48:12 [9,810ms] [Warning] [carb.cudainterop.plugin] CUDA_VISIBLE_DEVICES environment variable is set.
2026-07-25 13:48:12 [9,810ms] [Warning] [carb.cudainterop.plugin] Note CUDA device enumeration and Omniverse device enumeration are different.
2026-07-25 13:48:12 [9,810ms] [Warning] [carb.cudainterop.plugin] Setting CUDA_VISIBLE_DEVICES can lead to undesired behavior or crashes.
[12.049s] app ready
[INFO][AppLauncher]: Loading experience file: /opt/IsaacLab/source/extensions/omni.isaac.lab/omni/isaac/lab/app/../../../../../../apps/isaaclab.python.headless.kit
Starting kit application with the following args:  ['/opt/conda/envs/isaaclab/lib/python3.10/site-packages/isaacsim/exts/omni.isaac.kit/omni/isaac/kit/simulation_app.py', '/opt/IsaacLab/source/extensions/omni.isaac.lab/omni/isaac/lab/app/../../../../../../apps/isaaclab.python.headless.kit', '--/app/tokens/exe-path=/opt/conda/envs/isaaclab/lib/python3.10/site-packages/omni', '--/persistent/app/viewport/displayOptions=3094', '--/rtx/materialDb/syncLoads=True', '--/rtx/hydra/materialSyncLoads=True', '--/omni.kit.plugin/syncUsdLoads=True', '--/app/renderer/resolution/width=1280', '--/app/renderer/resolution/height=720', '--/app/window/width=1440', '--/app/window/height=900', '--/renderer/multiGpu/enabled=True', '--/app/fastShutdown=True', '--ext-folder', '/opt/conda/envs/isaaclab/lib/python3.10/site-packages/isaacsim/exts', '--ext-folder', '/opt/conda/envs/isaaclab/lib/python3.10/site-packages/isaacsim/apps', '--/renderer/activeGpu=0', '--/physics/cudaDevice=0', '--portable', '--no-window', '--/app/window/hideUi=True']
Passing the following args to the base kit application:  ['--config', '/ws/configs/marv_config_icmd3qn.yaml', '--headless']
[INFO] Respawn detected — loading config from previous attempt: /ws/logs/train_marv_icmd3qn_11203271/attempt_0/config.yaml
[12.208s] Simulation App Startup Complete
2026-07-25 13:48:20 [17,486ms] [Warning] [pxr.Semantics] pxr.Semantics is deprecated - please use Semantics instead
2026-07-25 13:48:23 [20,205ms] [Warning] [omni.isaac.lab.envs.direct_rl_env] Seed not set for the environment. The environment creation may not be deterministic.
2026-07-25 13:48:23 [20,243ms] [Warning] [omni.isaac.lab.envs.direct_rl_env] The render interval (5) is smaller than the decimation (20). Multiple multiple render calls will happen for each environment step.If this is not intended, set the render interval to be equal to the decimation.
Warp 1.2.1 initialized:
   CUDA Toolkit 11.8, Driver 12.4
   Devices:
     "cpu"      : "CPU"
     "cuda:0"   : "NVIDIA A100-SXM4-40GB" (39 GiB, sm_80, mempool enabled)
   Kernel cache:
     /home/sargapav/.cache/warp/1.2.1
[INFO]: Base environment:
	Environment device    : cuda:0
	Environment seed      : None
	Physics step-size     : 0.005
	Rendering step-size   : 0.025
	Environment step-size : 0.1
[INFO]: Time taken for scene creation : 1.402128 seconds
[INFO]: Scene manager:  <class InteractiveScene>
	Number of environments: 1024
	Environment spacing   : 0.0
	Source prim name      : /World/envs/env_0
	Global prim paths     : ['/World/terrain']
	Replicate physics     : True
[INFO]: Starting the simulation. This may take a few seconds. Please wait...
[INFO]: Time taken for simulation start : 12.771488 seconds
[INFO]: Completed setting up the environment...
2026-07-25 15:48:37,448 [RunLogger][[92mINFO[00m]: RunLogger initialized for run train_marv_icmd3qn_11203271_attempt_1 at /ws/logs/train_marv_icmd3qn_11203271/attempt_1 (logutils.py:105)
2026-07-25 15:48:44,580 [ftr_icmd3qn_train][[92mINFO[00m]: Seed: 42  (random check numpy check torch check cuda check) (train_icmd3qn.py:204)
2026-07-25 15:48:44,600 [ftr_icmd3qn_train][[93mWARNING[00m]: Found step (attempt_0) checkpoint: policy_step_55705600.pth / vecnorm_step_55705600.pth (train_icmd3qn.py:317)
2026-07-25 15:48:44,603 [ftr_icmd3qn_train][[92mINFO[00m]: Loaded policy from step (attempt_0) checkpoint (train_icmd3qn.py:321)
2026-07-25 15:48:44,605 [ftr_icmd3qn_train][[92mINFO[00m]: Loaded vecnorm from step (attempt_0) checkpoint (train_icmd3qn.py:326)
2026-07-25 15:48:44,607 [ftr_icmd3qn_train][[92mINFO[00m]: Loaded ICM from step (attempt_0) checkpoint (train_icmd3qn.py:332)
2026-07-25 15:48:44,607 [ftr_icmd3qn_train][[93mWARNING[00m]: Resuming from step (attempt_0) checkpoint — training may have inconsistent metrics. (train_icmd3qn.py:337)
2026-07-25 15:48:44,617 [ftr_icmd3qn_train][[93mWARNING[00m]: Failed to load training checkpoint: 'FtrICMD3QNTrainer' object has no attribute 'optim' (train_icmd3qn.py:388)
2026-07-25 15:48:45,259 [ftr_icmd3qn_train][[92mINFO[00m]: Initialized FtrICMD3QNTrainer. (train_icmd3qn.py:284)
2026-07-25 15:48:45,259 [ftr_icmd3qn_train][[92mINFO[00m]: Iteration size: 131072, batch_size: 256, updates/iter: 64 (train_icmd3qn.py:495)
2026-07-25 13:48:44 [41,601ms] [Warning] [ftr_icmd3qn_train] Found step (attempt_0) checkpoint: policy_step_55705600.pth / vecnorm_step_55705600.pth
2026-07-25 13:48:44 [41,609ms] [Warning] [ftr_icmd3qn_train] Resuming from step (attempt_0) checkpoint — training may have inconsistent metrics.
2026-07-25 13:48:44 [41,618ms] [Warning] [ftr_icmd3qn_train] Failed to load training checkpoint: 'FtrICMD3QNTrainer' object has no attribute 'optim'
########################################################################
Python script finished with exit status: 75
########################################################################
Exit code 75 detected (CUDA/W&B error). Respawning training (attempt 3/5)...
########################################################################
Starting training (respawn #2 of 5)...
########################################################################
[Warning] [omni.isaac.kit.simulation_app] Modules: ['omni.kit_app'] were loaded before SimulationApp was started and might not be loaded correctly.
[Warning] [omni.isaac.kit.simulation_app] Please check to make sure no extra omniverse or pxr modules are imported before the call to SimulationApp(...)
[Info] [carb] Logging to file: /opt/conda/envs/isaaclab/lib/python3.10/site-packages/omni/logs/Kit/Isaac-Sim/4.2/kit_20260725_183110.log
2026-07-25 16:31:10 [0ms] [Warning] [omni.kit.app.plugin] No crash reporter present, dumps uploading isn't available.
2026-07-25 16:31:10 [3ms] [Warning] [omni.ext.plugin] [ext: containers] Extensions config 'extension.toml' doesn't exist '/home/sargapav/robot_rodeo_gym_ws/containers' or '/home/sargapav/robot_rodeo_gym_ws/containers/config'
2026-07-25 16:31:10 [3ms] [Warning] [omni.ext.plugin] [ext: src] Extensions config 'extension.toml' doesn't exist '/home/sargapav/robot_rodeo_gym_ws/src' or '/home/sargapav/robot_rodeo_gym_ws/src/config'
2026-07-25 16:31:10 [4ms] [Warning] [omni.ext.plugin] [ext: optuna] Extensions config 'extension.toml' doesn't exist '/home/sargapav/robot_rodeo_gym_ws/optuna' or '/home/sargapav/robot_rodeo_gym_ws/optuna/config'
2026-07-25 16:31:10 [4ms] [Warning] [omni.ext.plugin] [ext: experiments] Extensions config 'extension.toml' doesn't exist '/home/sargapav/robot_rodeo_gym_ws/experiments' or '/home/sargapav/robot_rodeo_gym_ws/experiments/config'
2026-07-25 16:31:10 [4ms] [Warning] [omni.ext.plugin] [ext: runs] Extensions config 'extension.toml' doesn't exist '/home/sargapav/robot_rodeo_gym_ws/runs' or '/home/sargapav/robot_rodeo_gym_ws/runs/config'
2026-07-25 16:31:10 [4ms] [Warning] [omni.ext.plugin] [ext: notebooks] Extensions config 'extension.toml' doesn't exist '/home/sargapav/robot_rodeo_gym_ws/notebooks' or '/home/sargapav/robot_rodeo_gym_ws/notebooks/config'
2026-07-25 16:31:10 [4ms] [Warning] [omni.ext.plugin] [ext: logs] Extensions config 'extension.toml' doesn't exist '/home/sargapav/robot_rodeo_gym_ws/logs' or '/home/sargapav/robot_rodeo_gym_ws/logs/config'
2026-07-25 16:31:10 [4ms] [Warning] [omni.ext.plugin] [ext: scripts] Extensions config 'extension.toml' doesn't exist '/home/sargapav/robot_rodeo_gym_ws/scripts' or '/home/sargapav/robot_rodeo_gym_ws/scripts/config'
2026-07-25 16:31:10 [4ms] [Warning] [omni.ext.plugin] [ext: secrets] Extensions config 'extension.toml' doesn't exist '/home/sargapav/robot_rodeo_gym_ws/secrets' or '/home/sargapav/robot_rodeo_gym_ws/secrets/config'
2026-07-25 16:31:10 [4ms] [Warning] [omni.ext.plugin] [ext: slurm] Extensions config 'extension.toml' doesn't exist '/home/sargapav/robot_rodeo_gym_ws/slurm' or '/home/sargapav/robot_rodeo_gym_ws/slurm/config'
2026-07-25 16:31:10 [4ms] [Warning] [omni.ext.plugin] [ext: wandb] Extensions config 'extension.toml' doesn't exist '/home/sargapav/robot_rodeo_gym_ws/wandb' or '/home/sargapav/robot_rodeo_gym_ws/wandb/config'
2026-07-25 16:31:10 [4ms] [Warning] [omni.ext.plugin] [ext: configs] Extensions config 'extension.toml' doesn't exist '/home/sargapav/robot_rodeo_gym_ws/configs' or '/home/sargapav/robot_rodeo_gym_ws/configs/config'
[0.360s] [ext: omni.kit.async_engine-0.0.1] startup
[0.609s] [ext: omni.stats-1.0.1] startup
[0.632s] [ext: omni.client-1.2.0] startup
[0.827s] [ext: omni.gpu_foundation.shadercache.vulkan-1.0.0] startup
[0.833s] [ext: omni.assets.plugins-0.0.0] startup
[0.865s] [ext: omni.gpu_foundation-0.0.0] startup
[1.170s] [ext: omni.kit.pipapi-0.0.0] startup
[1.172s] [ext: omni.materialx.libs-1.0.4] startup
[1.209s] [ext: omni.kit.pip_archive-0.0.0] startup
[1.210s] [ext: omni.usd.config-1.0.4] startup
[1.220s] [ext: omni.gpucompute.plugins-0.0.0] startup
[1.222s] [ext: omni.usd.libs-1.0.1] startup
[1.894s] [ext: omni.kit.telemetry-0.5.0] startup
[1.940s] [ext: omni.usd.schema.semantics-0.0.0] startup
2026-07-25 16:31:12 [1,825ms] [Warning] [omni.platforminfo.plugin] failed to open the default display.  Can't verify X Server version.
2026-07-25 16:31:12 [1,826ms] [Warning] [omni.platforminfo.plugin] failed to load XRAndR.
[2.269s] [ext: omni.usd.schema.audio-0.0.0] startup
[2.302s] [ext: omni.usd.schema.physx-106.1.9] startup
[2.464s] [ext: carb.audio-0.1.0] startup
[2.493s] [ext: omni.kvdb-106.1.9] startup
[2.501s] [ext: omni.timeline-1.0.10] startup
[2.526s] [ext: omni.kit.actions.core-1.0.0] startup
[2.535s] [ext: omni.kit.audiodeviceenum-1.0.1] startup
[2.540s] [ext: omni.localcache-106.1.9] startup
[2.543s] [ext: omni.usd_resolver-1.0.0] startup
[2.553s] [ext: omni.kit.commands-1.4.9] startup
[2.562s] [ext: omni.graph.exec-0.9.4] startup
[2.565s] [ext: omni.usd.core-1.4.1] startup
[2.578s] [ext: omni.kit.usd_undo-0.1.8] startup
[2.579s] [ext: omni.kit.exec.core-0.13.4] startup
[2.588s] [ext: omni.convexdecomposition-106.1.9] startup
[2.599s] [ext: omni.usd-1.12.2] startup
[2.680s] [ext: omni.usdphysics-106.1.9] startup
[2.683s] [ext: omni.physx.foundation-106.1.9] startup
[2.716s] [ext: omni.kit.usd.layers-2.1.36] startup
[2.736s] [ext: omni.physx.cooking-106.1.9] startup
[2.753s] [ext: omni.blobkey-1.1.2] startup
[2.758s] [ext: omni.datastore-0.0.0] startup
[2.862s] [ext: omni.ujitso.default-1.0.0] startup
[2.872s] [ext: omni.hsscclient-1.1.1] startup
[2.886s] [ext: omni.kit.primitive.mesh-1.0.17] startup
[2.891s] [ext: usdrt.scenegraph-7.5.0] startup
[3.055s] [ext: omni.warp.core-1.2.1] startup
[3.159s] [ext: omni.physx-106.1.9] startup
[3.253s] [ext: omni.kit.stage_template.core-1.1.22] startup
[3.255s] [ext: omni.physx.stageupdate-106.1.9] startup
[3.261s] [ext: omni.kit.stage_templates-1.2.5] startup
[3.263s] [ext: omni.physics.tensors-106.1.9] startup
[3.274s] [ext: omni.isaac.version-1.1.0] startup
[3.275s] [ext: omni.physx.tensors-106.1.9] startup
[4.387s] [ext: omni.isaac.nucleus-0.3.1] startup
[4.389s] [ext: omni.kit.loop-isaac-1.2.0] startup
[4.413s] [ext: omni.isaac.core-3.19.5] startup
[8.417s] [ext: omni.physx.fabric-106.1.9] startup
[8.432s] [ext: omni.isaac.kit-1.13.2] startup
[8.433s] [ext: omni.isaac.cloner-0.8.1] startup
[8.434s] [ext: isaaclab.python.headless-1.2.0] startup
[8.435s] Simulation App Starting
2026-07-25 16:31:18 [8,444ms] [Warning] [gpu.foundation.plugin] [ShaderCache]: Creating driver shaderCache directory failed: /opt/conda/envs/isaaclab/lib/python3.10/site-packages/omni/cache/nv_shadercache

|---------------------------------------------------------------------------------------------|
| Driver Version: 0             | Graphics API: Vulkan
|=============================================================================================|
| GPU | Name                             | Active | LDA | GPU Memory | Vendor-ID | LUID       |
|     |                                  |        |     |            | Device-ID | UUID       |
|     |                                  |        |     |            | Bus-ID    |            |
|=============================================================================================|
| OS: 13 (trixie) debian, Version: 13.00.0, Kernel: 4.18.0-513.9.1.el8_9.x86_64
| Processor: AMD EPYC 7543 32-Core Processor | Cores: 64 | Logical: 128
|---------------------------------------------------------------------------------------------|
| Total Memory (MB): 1031894 | Free Memory: 964611
| Total Page/Swap (MB): 0 | Free Page/Swap: 0
|---------------------------------------------------------------------------------------------|
2026-07-25 16:31:19 [9,321ms] [Warning] [omni.physx.foundation.plugin] PhysXFoundation: Couldn't get driver version, failed to getDeviceInfo
2026-07-25 16:31:19 [9,321ms] [Warning] [omni.physx.foundation.plugin] PhysXFoundation: Unable to get IGpuFoundation, GpuDevices or Graphics!
2026-07-25 16:31:19 [9,321ms] [Warning] [carb.cudainterop.plugin] CUDA_VISIBLE_DEVICES environment variable is set.
2026-07-25 16:31:19 [9,321ms] [Warning] [carb.cudainterop.plugin] Note CUDA device enumeration and Omniverse device enumeration are different.
2026-07-25 16:31:19 [9,321ms] [Warning] [carb.cudainterop.plugin] Setting CUDA_VISIBLE_DEVICES can lead to undesired behavior or crashes.
[11.004s] app ready
[INFO][AppLauncher]: Loading experience file: /opt/IsaacLab/source/extensions/omni.isaac.lab/omni/isaac/lab/app/../../../../../../apps/isaaclab.python.headless.kit
Starting kit application with the following args:  ['/opt/conda/envs/isaaclab/lib/python3.10/site-packages/isaacsim/exts/omni.isaac.kit/omni/isaac/kit/simulation_app.py', '/opt/IsaacLab/source/extensions/omni.isaac.lab/omni/isaac/lab/app/../../../../../../apps/isaaclab.python.headless.kit', '--/app/tokens/exe-path=/opt/conda/envs/isaaclab/lib/python3.10/site-packages/omni', '--/persistent/app/viewport/displayOptions=3094', '--/rtx/materialDb/syncLoads=True', '--/rtx/hydra/materialSyncLoads=True', '--/omni.kit.plugin/syncUsdLoads=True', '--/app/renderer/resolution/width=1280', '--/app/renderer/resolution/height=720', '--/app/window/width=1440', '--/app/window/height=900', '--/renderer/multiGpu/enabled=True', '--/app/fastShutdown=True', '--ext-folder', '/opt/conda/envs/isaaclab/lib/python3.10/site-packages/isaacsim/exts', '--ext-folder', '/opt/conda/envs/isaaclab/lib/python3.10/site-packages/isaacsim/apps', '--/renderer/activeGpu=0', '--/physics/cudaDevice=0', '--portable', '--no-window', '--/app/window/hideUi=True']
Passing the following args to the base kit application:  ['--config', '/ws/configs/marv_config_icmd3qn.yaml', '--headless']
[INFO] Respawn detected — loading config from previous attempt: /ws/logs/train_marv_icmd3qn_11203271/attempt_1/config.yaml
[11.163s] Simulation App Startup Complete
2026-07-25 16:31:26 [16,304ms] [Warning] [pxr.Semantics] pxr.Semantics is deprecated - please use Semantics instead
2026-07-25 16:31:28 [18,738ms] [Warning] [omni.isaac.lab.envs.direct_rl_env] Seed not set for the environment. The environment creation may not be deterministic.
2026-07-25 16:31:29 [18,846ms] [Warning] [omni.isaac.lab.envs.direct_rl_env] The render interval (5) is smaller than the decimation (20). Multiple multiple render calls will happen for each environment step.If this is not intended, set the render interval to be equal to the decimation.
Warp 1.2.1 initialized:
   CUDA Toolkit 11.8, Driver 12.4
   Devices:
     "cpu"      : "CPU"
     "cuda:0"   : "NVIDIA A100-SXM4-40GB" (39 GiB, sm_80, mempool enabled)
   Kernel cache:
     /home/sargapav/.cache/warp/1.2.1
[INFO]: Base environment:
	Environment device    : cuda:0
	Environment seed      : None
	Physics step-size     : 0.005
	Rendering step-size   : 0.025
	Environment step-size : 0.1
[INFO]: Time taken for scene creation : 1.250542 seconds
[INFO]: Scene manager:  <class InteractiveScene>
	Number of environments: 1024
	Environment spacing   : 0.0
	Source prim name      : /World/envs/env_0
	Global prim paths     : ['/World/terrain']
	Replicate physics     : True
[INFO]: Starting the simulation. This may take a few seconds. Please wait...
[INFO]: Time taken for simulation start : 13.079760 seconds
[INFO]: Completed setting up the environment...
2026-07-25 18:31:43,396 [RunLogger][[92mINFO[00m]: RunLogger initialized for run train_marv_icmd3qn_11203271_attempt_2 at /ws/logs/train_marv_icmd3qn_11203271/attempt_2 (logutils.py:105)
2026-07-25 18:31:50,468 [ftr_icmd3qn_train][[92mINFO[00m]: Seed: 42  (random check numpy check torch check cuda check) (train_icmd3qn.py:204)
2026-07-25 18:31:50,485 [ftr_icmd3qn_train][[93mWARNING[00m]: Found step (attempt_1) checkpoint: policy_step_8519680.pth / vecnorm_step_8519680.pth (train_icmd3qn.py:317)
2026-07-25 18:31:50,488 [ftr_icmd3qn_train][[92mINFO[00m]: Loaded policy from step (attempt_1) checkpoint (train_icmd3qn.py:321)
2026-07-25 18:31:50,489 [ftr_icmd3qn_train][[92mINFO[00m]: Loaded vecnorm from step (attempt_1) checkpoint (train_icmd3qn.py:326)
2026-07-25 18:31:50,492 [ftr_icmd3qn_train][[92mINFO[00m]: Loaded ICM from step (attempt_1) checkpoint (train_icmd3qn.py:332)
2026-07-25 18:31:50,492 [ftr_icmd3qn_train][[93mWARNING[00m]: Resuming from step (attempt_1) checkpoint — training may have inconsistent metrics. (train_icmd3qn.py:337)
2026-07-25 18:31:50,502 [ftr_icmd3qn_train][[93mWARNING[00m]: Failed to load training checkpoint: 'FtrICMD3QNTrainer' object has no attribute 'optim' (train_icmd3qn.py:388)
2026-07-25 18:31:51,268 [ftr_icmd3qn_train][[92mINFO[00m]: Initialized FtrICMD3QNTrainer. (train_icmd3qn.py:284)
2026-07-25 18:31:51,268 [ftr_icmd3qn_train][[92mINFO[00m]: Iteration size: 131072, batch_size: 256, updates/iter: 64 (train_icmd3qn.py:495)
2026-07-26 18:12:14,766 [ftr_icmd3qn_train][[92mINFO[00m]: Training finished. Running 20 final eval(s). (train_icmd3qn.py:667)

Final evaluation results:
  eval/mean_step_reward: 0.0042
  eval/max_step_reward: 25.7449
  eval/min_step_reward: -19.4635
  eval/pct_terminated: 0.0017
  eval/pct_truncated: 0.0023
  eval/rollout_steps: 600.0000
  eval/success_rate: 0.4180
  eval/failure_rate: 0.0000
  eval/explosion_rate: 0.0000
  torque/flipper_torque_FL: 583.7348
  torque/flipper_torque_FL_max: 1000.0000
  torque/flipper_torque_FL_min: 2.4874
  torque/flipper_torque_FR: 583.6316
  torque/flipper_torque_FR_max: 1000.0000
  torque/flipper_torque_FR_min: 2.4528
  torque/flipper_torque_RL: 450.2441
  torque/flipper_torque_RL_max: 1000.0000
  torque/flipper_torque_RL_min: 2.3126
  torque/flipper_torque_RR: 451.8881
  torque/flipper_torque_RR_max: 1000.0000
  torque/flipper_torque_RR_min: 2.3146
  clearance/height: -0.0462
  clearance/height_max: 0.7179
  clearance/height_min: -0.5259
  state/lin_velocity: 0.1414
  state/lin_velocity_max: 0.8419
  state/lin_velocity_min: 0.0049
  state/ang_velocity: 0.1513
  state/ang_velocity_max: 1.8855
  state/ang_velocity_min: 0.0048
  state/roll: -0.0008
  state/roll_max: 0.0699
  state/roll_min: -0.1143
  state/pitch: -0.0304
  state/pitch_max: 0.6237
  state/pitch_min: -0.6069
  state/success_lin_velocity: 0.2320
  eval_per_env/raised_platform_success_rate: 1.0000
  eval_per_env/double_trench_success_rate: nan
  eval_per_env/widening_trench_success_rate: 0.5153
  eval_per_env/twin_rails_success_rate: 0.7390
  eval_per_env/raised_stairs_success_rate: 0.0838
  eval_per_env/lowered_stairs_success_rate: 0.1354
  eval_per_env/raised_stairs_2_success_rate: nan
  eval_per_env/flat_patch_success_rate: 0.1441
2026-07-26 20:02:58,442 [RunLogger][[92mINFO[00m]: W&B run finished (ID: 54b0544353ca9c82c79b979bfd562972d46b4187aac73f6e4fbf874a34718f43). (logutils.py:277)
2026-07-26 20:02:58,442 [RunLogger][[92mINFO[00m]: RunLogger closed. (logutils.py:280)
########################################################################
Python script finished with exit status: 0
########################################################################
Training finished with exit code 0. Not respawning.
Cleaning up node-local cache...
