########################################################################
Job ID: 11278668
Running on node: g06
Script arguments received by sbatch script (/var/spool/slurm/d/job11278668/slurm_script): 
Number of arguments: 0
########################################################################
Setting up environment...
Changed directory to /home/sargapav/robot_rodeo_gym_ws
------------------------------------------------------------------------
nvidia-smi output:
Fri Jul 31 20:24:59 2026       
+-----------------------------------------------------------------------------------------+
| NVIDIA-SMI 550.54.14              Driver Version: 550.54.14      CUDA Version: 12.4     |
|-----------------------------------------+------------------------+----------------------+
| GPU  Name                 Persistence-M | Bus-Id          Disp.A | Volatile Uncorr. ECC |
| Fan  Temp   Perf          Pwr:Usage/Cap |           Memory-Usage | GPU-Util  Compute M. |
|                                         |                        |               MIG M. |
|=========================================+========================+======================|
|   0  NVIDIA A100-SXM4-40GB          On  |   00000000:01:00.0 Off |                    0 |
| N/A   27C    P0             51W /  400W |       0MiB /  40960MiB |      0%      Default |
|                                         |                        |             Disabled |
+-----------------------------------------+------------------------+----------------------+
                                                                                         
+-----------------------------------------------------------------------------------------+
| Processes:                                                                              |
|  GPU   GI   CI        PID   Type   Process name                              GPU Memory |
|        ID   ID                                                               Usage      |
|=========================================================================================|
|  No running processes found                                                             |
+-----------------------------------------------------------------------------------------+
GPU is clear (no active CUDA contexts).
------------------------------------------------------------------------
W&B project : MARV_RL
Copying Omniverse cache to node-local /tmp/omni_cache_11278668 ...
########################################################################
Starting training (respawn #0 of 5)...
########################################################################
[Warning] [omni.isaac.kit.simulation_app] Modules: ['omni.kit_app'] were loaded before SimulationApp was started and might not be loaded correctly.
[Warning] [omni.isaac.kit.simulation_app] Please check to make sure no extra omniverse or pxr modules are imported before the call to SimulationApp(...)
[Info] [carb] Logging to file: /opt/conda/envs/isaaclab/lib/python3.10/site-packages/omni/logs/Kit/Isaac-Sim/4.2/kit_20260731_202503.log
2026-07-31 18:25:03 [0ms] [Warning] [omni.kit.app.plugin] No crash reporter present, dumps uploading isn't available.
2026-07-31 18:25:03 [3ms] [Warning] [omni.ext.plugin] [ext: src] Extensions config 'extension.toml' doesn't exist '/home/sargapav/robot_rodeo_gym_ws/src' or '/home/sargapav/robot_rodeo_gym_ws/src/config'
2026-07-31 18:25:03 [4ms] [Warning] [omni.ext.plugin] [ext: secrets] Extensions config 'extension.toml' doesn't exist '/home/sargapav/robot_rodeo_gym_ws/secrets' or '/home/sargapav/robot_rodeo_gym_ws/secrets/config'
2026-07-31 18:25:03 [4ms] [Warning] [omni.ext.plugin] [ext: logs] Extensions config 'extension.toml' doesn't exist '/home/sargapav/robot_rodeo_gym_ws/logs' or '/home/sargapav/robot_rodeo_gym_ws/logs/config'
2026-07-31 18:25:03 [4ms] [Warning] [omni.ext.plugin] [ext: containers] Extensions config 'extension.toml' doesn't exist '/home/sargapav/robot_rodeo_gym_ws/containers' or '/home/sargapav/robot_rodeo_gym_ws/containers/config'
2026-07-31 18:25:03 [4ms] [Warning] [omni.ext.plugin] [ext: runs] Extensions config 'extension.toml' doesn't exist '/home/sargapav/robot_rodeo_gym_ws/runs' or '/home/sargapav/robot_rodeo_gym_ws/runs/config'
2026-07-31 18:25:03 [4ms] [Warning] [omni.ext.plugin] [ext: wandb] Extensions config 'extension.toml' doesn't exist '/home/sargapav/robot_rodeo_gym_ws/wandb' or '/home/sargapav/robot_rodeo_gym_ws/wandb/config'
2026-07-31 18:25:03 [4ms] [Warning] [omni.ext.plugin] [ext: scripts] Extensions config 'extension.toml' doesn't exist '/home/sargapav/robot_rodeo_gym_ws/scripts' or '/home/sargapav/robot_rodeo_gym_ws/scripts/config'
2026-07-31 18:25:03 [4ms] [Warning] [omni.ext.plugin] [ext: slurm] Extensions config 'extension.toml' doesn't exist '/home/sargapav/robot_rodeo_gym_ws/slurm' or '/home/sargapav/robot_rodeo_gym_ws/slurm/config'
2026-07-31 18:25:03 [4ms] [Warning] [omni.ext.plugin] [ext: experiments] Extensions config 'extension.toml' doesn't exist '/home/sargapav/robot_rodeo_gym_ws/experiments' or '/home/sargapav/robot_rodeo_gym_ws/experiments/config'
2026-07-31 18:25:03 [4ms] [Warning] [omni.ext.plugin] [ext: notebooks] Extensions config 'extension.toml' doesn't exist '/home/sargapav/robot_rodeo_gym_ws/notebooks' or '/home/sargapav/robot_rodeo_gym_ws/notebooks/config'
2026-07-31 18:25:03 [4ms] [Warning] [omni.ext.plugin] [ext: configs] Extensions config 'extension.toml' doesn't exist '/home/sargapav/robot_rodeo_gym_ws/configs' or '/home/sargapav/robot_rodeo_gym_ws/configs/config'
2026-07-31 18:25:03 [4ms] [Warning] [omni.ext.plugin] [ext: optuna] Extensions config 'extension.toml' doesn't exist '/home/sargapav/robot_rodeo_gym_ws/optuna' or '/home/sargapav/robot_rodeo_gym_ws/optuna/config'
[0.209s] [ext: omni.kit.async_engine-0.0.1] startup
[0.453s] [ext: omni.stats-1.0.1] startup
[0.459s] [ext: omni.client-1.2.0] startup
[0.590s] [ext: omni.gpu_foundation.shadercache.vulkan-1.0.0] startup
[0.596s] [ext: omni.assets.plugins-0.0.0] startup
[0.608s] [ext: omni.gpu_foundation-0.0.0] startup
[0.730s] [ext: omni.kit.pipapi-0.0.0] startup
[0.732s] [ext: omni.materialx.libs-1.0.4] startup
[0.755s] [ext: omni.kit.pip_archive-0.0.0] startup
[0.756s] [ext: omni.usd.config-1.0.4] startup
[0.765s] [ext: omni.gpucompute.plugins-0.0.0] startup
[0.767s] [ext: omni.usd.libs-1.0.1] startup
[1.113s] [ext: omni.kit.telemetry-0.5.0] startup
[1.147s] [ext: omni.usd.schema.semantics-0.0.0] startup
[1.334s] [ext: omni.usd.schema.audio-0.0.0] startup
[1.360s] [ext: omni.usd.schema.physx-106.1.9] startup
[1.436s] [ext: carb.audio-0.1.0] startup
[1.452s] [ext: omni.kvdb-106.1.9] startup
[1.458s] [ext: omni.timeline-1.0.10] startup
[1.462s] [ext: omni.kit.actions.core-1.0.0] startup
[1.468s] [ext: omni.kit.audiodeviceenum-1.0.1] startup
[1.472s] [ext: omni.localcache-106.1.9] startup
[1.475s] [ext: omni.usd_resolver-1.0.0] startup
[1.483s] [ext: omni.kit.commands-1.4.9] startup
[1.490s] [ext: omni.graph.exec-0.9.4] startup
[1.492s] [ext: omni.usd.core-1.4.1] startup
[1.502s] [ext: omni.kit.usd_undo-0.1.8] startup
[1.503s] [ext: omni.kit.exec.core-0.13.4] startup
[1.510s] [ext: omni.convexdecomposition-106.1.9] startup
[1.518s] [ext: omni.usd-1.12.2] startup
[1.577s] [ext: omni.usdphysics-106.1.9] startup
[1.581s] [ext: omni.physx.foundation-106.1.9] startup
[1.592s] [ext: omni.kit.usd.layers-2.1.36] startup
[1.608s] [ext: omni.physx.cooking-106.1.9] startup
[1.623s] [ext: omni.blobkey-1.1.2] startup
[1.627s] [ext: omni.datastore-0.0.0] startup
[1.679s] [ext: omni.ujitso.default-1.0.0] startup
[1.688s] [ext: omni.hsscclient-1.1.1] startup
[1.699s] [ext: omni.kit.primitive.mesh-1.0.17] startup
[1.704s] [ext: usdrt.scenegraph-7.5.0] startup
[1.802s] [ext: omni.warp.core-1.2.1] startup
[1.906s] [ext: omni.physx-106.1.9] startup
[1.948s] [ext: omni.kit.stage_template.core-1.1.22] startup
[1.950s] [ext: omni.physx.stageupdate-106.1.9] startup
[1.954s] [ext: omni.kit.stage_templates-1.2.5] startup
[1.956s] [ext: omni.physics.tensors-106.1.9] startup
[1.967s] [ext: omni.isaac.version-1.1.0] startup
[1.968s] [ext: omni.physx.tensors-106.1.9] startup
2026-07-31 18:25:05 [2,276ms] [Warning] [omni.platforminfo.plugin] failed to open the default display.  Can't verify X Server version.
2026-07-31 18:25:05 [2,277ms] [Warning] [omni.platforminfo.plugin] failed to load XRAndR.
[2.443s] [ext: omni.isaac.nucleus-0.3.1] startup
[2.445s] [ext: omni.kit.loop-isaac-1.2.0] startup
[2.448s] [ext: omni.isaac.core-3.19.5] startup
[5.108s] [ext: omni.physx.fabric-106.1.9] startup
[5.121s] [ext: omni.isaac.kit-1.13.2] startup
[5.121s] [ext: omni.isaac.cloner-0.8.1] startup
[5.122s] [ext: isaaclab.python.headless-1.2.0] startup
[5.124s] Simulation App Starting
2026-07-31 18:25:08 [5,102ms] [Warning] [gpu.foundation.plugin] [ShaderCache]: Creating driver shaderCache directory failed: /opt/conda/envs/isaaclab/lib/python3.10/site-packages/omni/cache/nv_shadercache

|---------------------------------------------------------------------------------------------|
| Driver Version: 0             | Graphics API: Vulkan
|=============================================================================================|
| GPU | Name                             | Active | LDA | GPU Memory | Vendor-ID | LUID       |
|     |                                  |        |     |            | Device-ID | UUID       |
|     |                                  |        |     |            | Bus-ID    |            |
|=============================================================================================|
| OS: 13 (trixie) debian, Version: 13.1852793647.6777190, Kernel: 4.18.0-513.9.1.el8_9.x86_64
| Processor: AMD EPYC 7543 32-Core Processor | Cores: 64 | Logical: 128
|---------------------------------------------------------------------------------------------|
| Total Memory (MB): 1031894 | Free Memory: 904764
| Total Page/Swap (MB): 0 | Free Page/Swap: 0
|---------------------------------------------------------------------------------------------|
2026-07-31 18:25:08 [5,612ms] [Warning] [omni.physx.foundation.plugin] PhysXFoundation: Couldn't get driver version, failed to getDeviceInfo
2026-07-31 18:25:08 [5,612ms] [Warning] [omni.physx.foundation.plugin] PhysXFoundation: Unable to get IGpuFoundation, GpuDevices or Graphics!
2026-07-31 18:25:08 [5,612ms] [Warning] [carb.cudainterop.plugin] CUDA_VISIBLE_DEVICES environment variable is set.
2026-07-31 18:25:08 [5,612ms] [Warning] [carb.cudainterop.plugin] Note CUDA device enumeration and Omniverse device enumeration are different.
2026-07-31 18:25:08 [5,612ms] [Warning] [carb.cudainterop.plugin] Setting CUDA_VISIBLE_DEVICES can lead to undesired behavior or crashes.
[6.520s] app ready
[6.683s] Simulation App Startup Complete
2026-07-31 18:25:13 [10,418ms] [Warning] [pxr.Semantics] pxr.Semantics is deprecated - please use Semantics instead
2026-07-31 18:25:15 [12,240ms] [Warning] [omni.isaac.lab.envs.direct_rl_env] Seed not set for the environment. The environment creation may not be deterministic.
2026-07-31 18:25:15 [12,277ms] [Warning] [omni.isaac.lab.envs.direct_rl_env] The render interval (5) is smaller than the decimation (20). Multiple multiple render calls will happen for each environment step.If this is not intended, set the render interval to be equal to the decimation.
[INFO][AppLauncher]: Loading experience file: /opt/IsaacLab/source/extensions/omni.isaac.lab/omni/isaac/lab/app/../../../../../../apps/isaaclab.python.headless.kit
Starting kit application with the following args:  ['/opt/conda/envs/isaaclab/lib/python3.10/site-packages/isaacsim/exts/omni.isaac.kit/omni/isaac/kit/simulation_app.py', '/opt/IsaacLab/source/extensions/omni.isaac.lab/omni/isaac/lab/app/../../../../../../apps/isaaclab.python.headless.kit', '--/app/tokens/exe-path=/opt/conda/envs/isaaclab/lib/python3.10/site-packages/omni', '--/persistent/app/viewport/displayOptions=3094', '--/rtx/materialDb/syncLoads=True', '--/rtx/hydra/materialSyncLoads=True', '--/omni.kit.plugin/syncUsdLoads=True', '--/app/renderer/resolution/width=1280', '--/app/renderer/resolution/height=720', '--/app/window/width=1440', '--/app/window/height=900', '--/renderer/multiGpu/enabled=True', '--/app/fastShutdown=True', '--ext-folder', '/opt/conda/envs/isaaclab/lib/python3.10/site-packages/isaacsim/exts', '--ext-folder', '/opt/conda/envs/isaaclab/lib/python3.10/site-packages/isaacsim/apps', '--/renderer/activeGpu=0', '--/physics/cudaDevice=0', '--portable', '--no-window', '--/app/window/hideUi=True']
Passing the following args to the base kit application:  ['--config', '/ws/configs/marv_config_icmd3qn.yaml', '--headless']
Warp 1.2.1 initialized:
   CUDA Toolkit 11.8, Driver 12.4
   Devices:
     "cpu"      : "CPU"
     "cuda:0"   : "NVIDIA A100-SXM4-40GB" (39 GiB, sm_80, mempool enabled)
   Kernel cache:
     /home/sargapav/.cache/warp/1.2.1
[INFO]: Base environment:
	Environment device    : cuda:0
	Environment seed      : None
	Physics step-size     : 0.005
	Rendering step-size   : 0.025
	Environment step-size : 0.1
[INFO]: Time taken for scene creation : 0.798041 seconds
[INFO]: Scene manager:  <class InteractiveScene>
	Number of environments: 1024
	Environment spacing   : 0.0
	Source prim name      : /World/envs/env_0
	Global prim paths     : ['/World/terrain']
	Replicate physics     : True
[INFO]: Starting the simulation. This may take a few seconds. Please wait...
[INFO]: Time taken for simulation start : 11.909707 seconds
[INFO]: Completed setting up the environment...
2026-07-31 20:25:28,251 [RunLogger][[92mINFO[00m]: RunLogger initialized for run train_marv_icmd3qn_11278668_attempt_0 at /ws/logs/train_marv_icmd3qn_11278668/attempt_0 (logutils.py:105)
2026-07-31 20:25:35,138 [ftr_icmd3qn_train][[92mINFO[00m]: Seed: 42  (random check numpy check torch check cuda check) (train_icmd3qn.py:204)
2026-07-31 20:25:35,489 [ftr_icmd3qn_train][[92mINFO[00m]: Initialized FtrICMD3QNTrainer. (train_icmd3qn.py:284)
2026-07-31 20:25:35,489 [ftr_icmd3qn_train][[92mINFO[00m]: Iteration size: 131072, batch_size: 256, updates/iter: 64 (train_icmd3qn.py:495)
########################################################################
Python script finished with exit status: 75
########################################################################
Exit code 75 detected (CUDA/W&B error). Respawning training (attempt 2/5)...
########################################################################
Starting training (respawn #1 of 5)...
########################################################################
[Warning] [omni.isaac.kit.simulation_app] Modules: ['omni.kit_app'] were loaded before SimulationApp was started and might not be loaded correctly.
[Warning] [omni.isaac.kit.simulation_app] Please check to make sure no extra omniverse or pxr modules are imported before the call to SimulationApp(...)
[Info] [carb] Logging to file: /opt/conda/envs/isaaclab/lib/python3.10/site-packages/omni/logs/Kit/Isaac-Sim/4.2/kit_20260731_233057.log
2026-07-31 21:30:57 [0ms] [Warning] [omni.kit.app.plugin] No crash reporter present, dumps uploading isn't available.
2026-07-31 21:30:57 [4ms] [Warning] [omni.ext.plugin] [ext: containers] Extensions config 'extension.toml' doesn't exist '/home/sargapav/robot_rodeo_gym_ws/containers' or '/home/sargapav/robot_rodeo_gym_ws/containers/config'
2026-07-31 21:30:57 [4ms] [Warning] [omni.ext.plugin] [ext: src] Extensions config 'extension.toml' doesn't exist '/home/sargapav/robot_rodeo_gym_ws/src' or '/home/sargapav/robot_rodeo_gym_ws/src/config'
2026-07-31 21:30:57 [4ms] [Warning] [omni.ext.plugin] [ext: slurm] Extensions config 'extension.toml' doesn't exist '/home/sargapav/robot_rodeo_gym_ws/slurm' or '/home/sargapav/robot_rodeo_gym_ws/slurm/config'
2026-07-31 21:30:57 [4ms] [Warning] [omni.ext.plugin] [ext: secrets] Extensions config 'extension.toml' doesn't exist '/home/sargapav/robot_rodeo_gym_ws/secrets' or '/home/sargapav/robot_rodeo_gym_ws/secrets/config'
2026-07-31 21:30:57 [4ms] [Warning] [omni.ext.plugin] [ext: wandb] Extensions config 'extension.toml' doesn't exist '/home/sargapav/robot_rodeo_gym_ws/wandb' or '/home/sargapav/robot_rodeo_gym_ws/wandb/config'
2026-07-31 21:30:57 [5ms] [Warning] [omni.ext.plugin] [ext: experiments] Extensions config 'extension.toml' doesn't exist '/home/sargapav/robot_rodeo_gym_ws/experiments' or '/home/sargapav/robot_rodeo_gym_ws/experiments/config'
2026-07-31 21:30:57 [5ms] [Warning] [omni.ext.plugin] [ext: scripts] Extensions config 'extension.toml' doesn't exist '/home/sargapav/robot_rodeo_gym_ws/scripts' or '/home/sargapav/robot_rodeo_gym_ws/scripts/config'
2026-07-31 21:30:57 [5ms] [Warning] [omni.ext.plugin] [ext: runs] Extensions config 'extension.toml' doesn't exist '/home/sargapav/robot_rodeo_gym_ws/runs' or '/home/sargapav/robot_rodeo_gym_ws/runs/config'
2026-07-31 21:30:57 [5ms] [Warning] [omni.ext.plugin] [ext: logs] Extensions config 'extension.toml' doesn't exist '/home/sargapav/robot_rodeo_gym_ws/logs' or '/home/sargapav/robot_rodeo_gym_ws/logs/config'
2026-07-31 21:30:57 [5ms] [Warning] [omni.ext.plugin] [ext: configs] Extensions config 'extension.toml' doesn't exist '/home/sargapav/robot_rodeo_gym_ws/configs' or '/home/sargapav/robot_rodeo_gym_ws/configs/config'
2026-07-31 21:30:57 [5ms] [Warning] [omni.ext.plugin] [ext: notebooks] Extensions config 'extension.toml' doesn't exist '/home/sargapav/robot_rodeo_gym_ws/notebooks' or '/home/sargapav/robot_rodeo_gym_ws/notebooks/config'
2026-07-31 21:30:57 [5ms] [Warning] [omni.ext.plugin] [ext: optuna] Extensions config 'extension.toml' doesn't exist '/home/sargapav/robot_rodeo_gym_ws/optuna' or '/home/sargapav/robot_rodeo_gym_ws/optuna/config'
[0.522s] [ext: omni.kit.async_engine-0.0.1] startup
[0.769s] [ext: omni.stats-1.0.1] startup
[0.776s] [ext: omni.client-1.2.0] startup
[1.023s] [ext: omni.gpu_foundation.shadercache.vulkan-1.0.0] startup
[1.029s] [ext: omni.assets.plugins-0.0.0] startup
[1.046s] [ext: omni.gpu_foundation-0.0.0] startup
[1.213s] [ext: omni.kit.pipapi-0.0.0] startup
[1.215s] [ext: omni.materialx.libs-1.0.4] startup
[1.243s] [ext: omni.kit.pip_archive-0.0.0] startup
[1.244s] [ext: omni.usd.config-1.0.4] startup
[1.252s] [ext: omni.gpucompute.plugins-0.0.0] startup
[1.254s] [ext: omni.usd.libs-1.0.1] startup
[1.687s] [ext: omni.kit.telemetry-0.5.0] startup
[1.727s] [ext: omni.usd.schema.semantics-0.0.0] startup
[1.939s] [ext: omni.usd.schema.audio-0.0.0] startup
[1.972s] [ext: omni.usd.schema.physx-106.1.9] startup
[2.063s] [ext: carb.audio-0.1.0] startup
[2.095s] [ext: omni.kvdb-106.1.9] startup
[2.103s] [ext: omni.timeline-1.0.10] startup
[2.109s] [ext: omni.kit.actions.core-1.0.0] startup
[2.117s] [ext: omni.kit.audiodeviceenum-1.0.1] startup
[2.121s] [ext: omni.localcache-106.1.9] startup
[2.125s] [ext: omni.usd_resolver-1.0.0] startup
[2.133s] [ext: omni.kit.commands-1.4.9] startup
[2.143s] [ext: omni.graph.exec-0.9.4] startup
[2.145s] [ext: omni.usd.core-1.4.1] startup
[2.157s] [ext: omni.kit.usd_undo-0.1.8] startup
[2.158s] [ext: omni.kit.exec.core-0.13.4] startup
[2.167s] [ext: omni.convexdecomposition-106.1.9] startup
[2.177s] [ext: omni.usd-1.12.2] startup
[2.247s] [ext: omni.usdphysics-106.1.9] startup
[2.251s] [ext: omni.physx.foundation-106.1.9] startup
[2.267s] [ext: omni.kit.usd.layers-2.1.36] startup
[2.286s] [ext: omni.physx.cooking-106.1.9] startup
[2.302s] [ext: omni.blobkey-1.1.2] startup
[2.307s] [ext: omni.datastore-0.0.0] startup
[2.381s] [ext: omni.ujitso.default-1.0.0] startup
[2.391s] [ext: omni.hsscclient-1.1.1] startup
[2.405s] [ext: omni.kit.primitive.mesh-1.0.17] startup
[2.410s] [ext: usdrt.scenegraph-7.5.0] startup
[2.527s] [ext: omni.warp.core-1.2.1] startup
[2.631s] [ext: omni.physx-106.1.9] startup
[2.685s] [ext: omni.kit.stage_template.core-1.1.22] startup
[2.687s] [ext: omni.physx.stageupdate-106.1.9] startup
[2.692s] [ext: omni.kit.stage_templates-1.2.5] startup
[2.695s] [ext: omni.physics.tensors-106.1.9] startup
[2.706s] [ext: omni.isaac.version-1.1.0] startup
[2.707s] [ext: omni.physx.tensors-106.1.9] startup
2026-07-31 21:31:00 [2,944ms] [Warning] [omni.platforminfo.plugin] failed to open the default display.  Can't verify X Server version.
2026-07-31 21:31:00 [2,946ms] [Warning] [omni.platforminfo.plugin] failed to load XRAndR.
[3.154s] [ext: omni.isaac.nucleus-0.3.1] startup
[3.157s] [ext: omni.kit.loop-isaac-1.2.0] startup
[3.161s] [ext: omni.isaac.core-3.19.5] startup
[6.306s] [ext: omni.physx.fabric-106.1.9] startup
[6.321s] [ext: omni.isaac.kit-1.13.2] startup
[6.321s] [ext: omni.isaac.cloner-0.8.1] startup
[6.322s] [ext: isaaclab.python.headless-1.2.0] startup
[6.324s] Simulation App Starting
2026-07-31 21:31:04 [6,294ms] [Warning] [gpu.foundation.plugin] [ShaderCache]: Creating driver shaderCache directory failed: /opt/conda/envs/isaaclab/lib/python3.10/site-packages/omni/cache/nv_shadercache

|---------------------------------------------------------------------------------------------|
| Driver Version: 0             | Graphics API: Vulkan
|=============================================================================================|
| GPU | Name                             | Active | LDA | GPU Memory | Vendor-ID | LUID       |
|     |                                  |        |     |            | Device-ID | UUID       |
|     |                                  |        |     |            | Bus-ID    |            |
|=============================================================================================|
| OS: 13 (trixie) debian, Version: 13.00.0, Kernel: 4.18.0-513.9.1.el8_9.x86_64
| Processor: AMD EPYC 7543 32-Core Processor | Cores: 64 | Logical: 128
|---------------------------------------------------------------------------------------------|
| Total Memory (MB): 1031894 | Free Memory: 927560
| Total Page/Swap (MB): 0 | Free Page/Swap: 0
|---------------------------------------------------------------------------------------------|
2026-07-31 21:31:04 [6,940ms] [Warning] [omni.physx.foundation.plugin] PhysXFoundation: Couldn't get driver version, failed to getDeviceInfo
2026-07-31 21:31:04 [6,940ms] [Warning] [omni.physx.foundation.plugin] PhysXFoundation: Unable to get IGpuFoundation, GpuDevices or Graphics!
2026-07-31 21:31:04 [6,940ms] [Warning] [carb.cudainterop.plugin] CUDA_VISIBLE_DEVICES environment variable is set.
2026-07-31 21:31:04 [6,940ms] [Warning] [carb.cudainterop.plugin] Note CUDA device enumeration and Omniverse device enumeration are different.
2026-07-31 21:31:04 [6,940ms] [Warning] [carb.cudainterop.plugin] Setting CUDA_VISIBLE_DEVICES can lead to undesired behavior or crashes.
[8.361s] app ready
[INFO][AppLauncher]: Loading experience file: /opt/IsaacLab/source/extensions/omni.isaac.lab/omni/isaac/lab/app/../../../../../../apps/isaaclab.python.headless.kit
Starting kit application with the following args:  ['/opt/conda/envs/isaaclab/lib/python3.10/site-packages/isaacsim/exts/omni.isaac.kit/omni/isaac/kit/simulation_app.py', '/opt/IsaacLab/source/extensions/omni.isaac.lab/omni/isaac/lab/app/../../../../../../apps/isaaclab.python.headless.kit', '--/app/tokens/exe-path=/opt/conda/envs/isaaclab/lib/python3.10/site-packages/omni', '--/persistent/app/viewport/displayOptions=3094', '--/rtx/materialDb/syncLoads=True', '--/rtx/hydra/materialSyncLoads=True', '--/omni.kit.plugin/syncUsdLoads=True', '--/app/renderer/resolution/width=1280', '--/app/renderer/resolution/height=720', '--/app/window/width=1440', '--/app/window/height=900', '--/renderer/multiGpu/enabled=True', '--/app/fastShutdown=True', '--ext-folder', '/opt/conda/envs/isaaclab/lib/python3.10/site-packages/isaacsim/exts', '--ext-folder', '/opt/conda/envs/isaaclab/lib/python3.10/site-packages/isaacsim/apps', '--/renderer/activeGpu=0', '--/physics/cudaDevice=0', '--portable', '--no-window', '--/app/window/hideUi=True']
Passing the following args to the base kit application:  ['--config', '/ws/configs/marv_config_icmd3qn.yaml', '--headless']
[INFO] Respawn detected — loading config from previous attempt: /ws/logs/train_marv_icmd3qn_11278668/attempt_0/config.yaml
[8.519s] Simulation App Startup Complete
2026-07-31 21:31:10 [13,040ms] [Warning] [pxr.Semantics] pxr.Semantics is deprecated - please use Semantics instead
2026-07-31 21:31:13 [15,318ms] [Warning] [omni.isaac.lab.envs.direct_rl_env] Seed not set for the environment. The environment creation may not be deterministic.
2026-07-31 21:31:13 [15,355ms] [Warning] [omni.isaac.lab.envs.direct_rl_env] The render interval (5) is smaller than the decimation (20). Multiple multiple render calls will happen for each environment step.If this is not intended, set the render interval to be equal to the decimation.
Warp 1.2.1 initialized:
   CUDA Toolkit 11.8, Driver 12.4
   Devices:
     "cpu"      : "CPU"
     "cuda:0"   : "NVIDIA A100-SXM4-40GB" (39 GiB, sm_80, mempool enabled)
   Kernel cache:
     /home/sargapav/.cache/warp/1.2.1
[INFO]: Base environment:
	Environment device    : cuda:0
	Environment seed      : None
	Physics step-size     : 0.005
	Rendering step-size   : 0.025
	Environment step-size : 0.1
[INFO]: Time taken for scene creation : 0.946748 seconds
[INFO]: Scene manager:  <class InteractiveScene>
	Number of environments: 1024
	Environment spacing   : 0.0
	Source prim name      : /World/envs/env_0
	Global prim paths     : ['/World/terrain']
	Replicate physics     : True
[INFO]: Starting the simulation. This may take a few seconds. Please wait...
[INFO]: Time taken for simulation start : 12.008792 seconds
[INFO]: Completed setting up the environment...
2026-07-31 23:31:26,180 [RunLogger][[92mINFO[00m]: RunLogger initialized for run train_marv_icmd3qn_11278668_attempt_1 at /ws/logs/train_marv_icmd3qn_11278668/attempt_1 (logutils.py:105)
2026-07-31 23:31:33,217 [ftr_icmd3qn_train][[92mINFO[00m]: Seed: 42  (random check numpy check torch check cuda check) (train_icmd3qn.py:204)
2026-07-31 23:31:33,236 [ftr_icmd3qn_train][[93mWARNING[00m]: Found step (attempt_0) checkpoint: policy_step_9568256.pth / vecnorm_step_9568256.pth (train_icmd3qn.py:317)
2026-07-31 23:31:33,239 [ftr_icmd3qn_train][[92mINFO[00m]: Loaded policy from step (attempt_0) checkpoint (train_icmd3qn.py:321)
2026-07-31 23:31:33,240 [ftr_icmd3qn_train][[92mINFO[00m]: Loaded vecnorm from step (attempt_0) checkpoint (train_icmd3qn.py:326)
2026-07-31 23:31:33,243 [ftr_icmd3qn_train][[92mINFO[00m]: Loaded ICM from step (attempt_0) checkpoint (train_icmd3qn.py:332)
2026-07-31 23:31:33,243 [ftr_icmd3qn_train][[93mWARNING[00m]: Resuming from step (attempt_0) checkpoint — training may have inconsistent metrics. (train_icmd3qn.py:337)
2026-07-31 23:31:33,253 [ftr_icmd3qn_train][[93mWARNING[00m]: Failed to load training checkpoint: 'FtrICMD3QNTrainer' object has no attribute 'optim' (train_icmd3qn.py:388)
2026-07-31 23:31:33,728 [ftr_icmd3qn_train][[92mINFO[00m]: Initialized FtrICMD3QNTrainer. (train_icmd3qn.py:284)
2026-07-31 23:31:33,728 [ftr_icmd3qn_train][[92mINFO[00m]: Iteration size: 131072, batch_size: 256, updates/iter: 64 (train_icmd3qn.py:495)
2026-07-31 21:31:33 [35,401ms] [Warning] [ftr_icmd3qn_train] Found step (attempt_0) checkpoint: policy_step_9568256.pth / vecnorm_step_9568256.pth
2026-07-31 21:31:33 [35,408ms] [Warning] [ftr_icmd3qn_train] Resuming from step (attempt_0) checkpoint — training may have inconsistent metrics.
2026-07-31 21:31:33 [35,418ms] [Warning] [ftr_icmd3qn_train] Failed to load training checkpoint: 'FtrICMD3QNTrainer' object has no attribute 'optim'
########################################################################
Python script finished with exit status: 75
########################################################################
Exit code 75 detected (CUDA/W&B error). Respawning training (attempt 3/5)...
########################################################################
Starting training (respawn #2 of 5)...
########################################################################
[Warning] [omni.isaac.kit.simulation_app] Modules: ['omni.kit_app'] were loaded before SimulationApp was started and might not be loaded correctly.
[Warning] [omni.isaac.kit.simulation_app] Please check to make sure no extra omniverse or pxr modules are imported before the call to SimulationApp(...)
[Info] [carb] Logging to file: /opt/conda/envs/isaaclab/lib/python3.10/site-packages/omni/logs/Kit/Isaac-Sim/4.2/kit_20260801_015052.log
2026-07-31 23:50:52 [0ms] [Warning] [omni.kit.app.plugin] No crash reporter present, dumps uploading isn't available.
2026-07-31 23:50:52 [3ms] [Warning] [omni.ext.plugin] [ext: containers] Extensions config 'extension.toml' doesn't exist '/home/sargapav/robot_rodeo_gym_ws/containers' or '/home/sargapav/robot_rodeo_gym_ws/containers/config'
2026-07-31 23:50:52 [3ms] [Warning] [omni.ext.plugin] [ext: experiments] Extensions config 'extension.toml' doesn't exist '/home/sargapav/robot_rodeo_gym_ws/experiments' or '/home/sargapav/robot_rodeo_gym_ws/experiments/config'
2026-07-31 23:50:52 [3ms] [Warning] [omni.ext.plugin] [ext: logs] Extensions config 'extension.toml' doesn't exist '/home/sargapav/robot_rodeo_gym_ws/logs' or '/home/sargapav/robot_rodeo_gym_ws/logs/config'
2026-07-31 23:50:52 [4ms] [Warning] [omni.ext.plugin] [ext: src] Extensions config 'extension.toml' doesn't exist '/home/sargapav/robot_rodeo_gym_ws/src' or '/home/sargapav/robot_rodeo_gym_ws/src/config'
2026-07-31 23:50:52 [4ms] [Warning] [omni.ext.plugin] [ext: optuna] Extensions config 'extension.toml' doesn't exist '/home/sargapav/robot_rodeo_gym_ws/optuna' or '/home/sargapav/robot_rodeo_gym_ws/optuna/config'
2026-07-31 23:50:52 [4ms] [Warning] [omni.ext.plugin] [ext: slurm] Extensions config 'extension.toml' doesn't exist '/home/sargapav/robot_rodeo_gym_ws/slurm' or '/home/sargapav/robot_rodeo_gym_ws/slurm/config'
2026-07-31 23:50:52 [4ms] [Warning] [omni.ext.plugin] [ext: secrets] Extensions config 'extension.toml' doesn't exist '/home/sargapav/robot_rodeo_gym_ws/secrets' or '/home/sargapav/robot_rodeo_gym_ws/secrets/config'
2026-07-31 23:50:52 [4ms] [Warning] [omni.ext.plugin] [ext: runs] Extensions config 'extension.toml' doesn't exist '/home/sargapav/robot_rodeo_gym_ws/runs' or '/home/sargapav/robot_rodeo_gym_ws/runs/config'
2026-07-31 23:50:52 [4ms] [Warning] [omni.ext.plugin] [ext: scripts] Extensions config 'extension.toml' doesn't exist '/home/sargapav/robot_rodeo_gym_ws/scripts' or '/home/sargapav/robot_rodeo_gym_ws/scripts/config'
2026-07-31 23:50:52 [4ms] [Warning] [omni.ext.plugin] [ext: wandb] Extensions config 'extension.toml' doesn't exist '/home/sargapav/robot_rodeo_gym_ws/wandb' or '/home/sargapav/robot_rodeo_gym_ws/wandb/config'
2026-07-31 23:50:52 [4ms] [Warning] [omni.ext.plugin] [ext: notebooks] Extensions config 'extension.toml' doesn't exist '/home/sargapav/robot_rodeo_gym_ws/notebooks' or '/home/sargapav/robot_rodeo_gym_ws/notebooks/config'
2026-07-31 23:50:52 [4ms] [Warning] [omni.ext.plugin] [ext: configs] Extensions config 'extension.toml' doesn't exist '/home/sargapav/robot_rodeo_gym_ws/configs' or '/home/sargapav/robot_rodeo_gym_ws/configs/config'
[0.324s] [ext: omni.kit.async_engine-0.0.1] startup
[0.548s] [ext: omni.stats-1.0.1] startup
[0.556s] [ext: omni.client-1.2.0] startup
[0.736s] [ext: omni.gpu_foundation.shadercache.vulkan-1.0.0] startup
[0.744s] [ext: omni.assets.plugins-0.0.0] startup
[0.769s] [ext: omni.gpu_foundation-0.0.0] startup
[0.978s] [ext: omni.kit.pipapi-0.0.0] startup
[0.979s] [ext: omni.materialx.libs-1.0.4] startup
[1.009s] [ext: omni.kit.pip_archive-0.0.0] startup
[1.010s] [ext: omni.usd.config-1.0.4] startup
[1.019s] [ext: omni.gpucompute.plugins-0.0.0] startup
[1.021s] [ext: omni.usd.libs-1.0.1] startup
[1.516s] [ext: omni.kit.telemetry-0.5.0] startup
[1.554s] [ext: omni.usd.schema.semantics-0.0.0] startup
[1.785s] [ext: omni.usd.schema.audio-0.0.0] startup
[1.829s] [ext: omni.usd.schema.physx-106.1.9] startup
[1.930s] [ext: carb.audio-0.1.0] startup
[1.955s] [ext: omni.kvdb-106.1.9] startup
[1.964s] [ext: omni.timeline-1.0.10] startup
[1.969s] [ext: omni.kit.actions.core-1.0.0] startup
[1.989s] [ext: omni.kit.audiodeviceenum-1.0.1] startup
[1.993s] [ext: omni.localcache-106.1.9] startup
[1.997s] [ext: omni.usd_resolver-1.0.0] startup
[2.005s] [ext: omni.kit.commands-1.4.9] startup
[2.015s] [ext: omni.graph.exec-0.9.4] startup
[2.017s] [ext: omni.usd.core-1.4.1] startup
[2.029s] [ext: omni.kit.usd_undo-0.1.8] startup
[2.030s] [ext: omni.kit.exec.core-0.13.4] startup
[2.043s] [ext: omni.convexdecomposition-106.1.9] startup
[2.055s] [ext: omni.usd-1.12.2] startup
[2.125s] [ext: omni.usdphysics-106.1.9] startup
[2.129s] [ext: omni.physx.foundation-106.1.9] startup
[2.153s] [ext: omni.kit.usd.layers-2.1.36] startup
[2.172s] [ext: omni.physx.cooking-106.1.9] startup
[2.188s] [ext: omni.blobkey-1.1.2] startup
[2.194s] [ext: omni.datastore-0.0.0] startup
2026-07-31 23:50:54 [2,122ms] [Warning] [omni.platforminfo.plugin] failed to open the default display.  Can't verify X Server version.
[2.264s] [ext: omni.ujitso.default-1.0.0] startup
2026-07-31 23:50:54 [2,137ms] [Warning] [omni.platforminfo.plugin] failed to load XRAndR.
[2.282s] [ext: omni.hsscclient-1.1.1] startup
[2.296s] [ext: omni.kit.primitive.mesh-1.0.17] startup
[2.301s] [ext: usdrt.scenegraph-7.5.0] startup
[2.430s] [ext: omni.warp.core-1.2.1] startup
[2.537s] [ext: omni.physx-106.1.9] startup
[2.595s] [ext: omni.kit.stage_template.core-1.1.22] startup
[2.597s] [ext: omni.physx.stageupdate-106.1.9] startup
[2.603s] [ext: omni.kit.stage_templates-1.2.5] startup
[2.605s] [ext: omni.physics.tensors-106.1.9] startup
[2.616s] [ext: omni.isaac.version-1.1.0] startup
[2.617s] [ext: omni.physx.tensors-106.1.9] startup
[3.075s] [ext: omni.isaac.nucleus-0.3.1] startup
[3.078s] [ext: omni.kit.loop-isaac-1.2.0] startup
[3.082s] [ext: omni.isaac.core-3.19.5] startup
[6.116s] [ext: omni.physx.fabric-106.1.9] startup
[6.131s] [ext: omni.isaac.kit-1.13.2] startup
[6.131s] [ext: omni.isaac.cloner-0.8.1] startup
[6.133s] [ext: isaaclab.python.headless-1.2.0] startup
[6.134s] Simulation App Starting
2026-07-31 23:50:58 [6,099ms] [Warning] [gpu.foundation.plugin] [ShaderCache]: Creating driver shaderCache directory failed: /opt/conda/envs/isaaclab/lib/python3.10/site-packages/omni/cache/nv_shadercache

|---------------------------------------------------------------------------------------------|
| Driver Version: 0             | Graphics API: Vulkan
|=============================================================================================|
| GPU | Name                             | Active | LDA | GPU Memory | Vendor-ID | LUID       |
|     |                                  |        |     |            | Device-ID | UUID       |
|     |                                  |        |     |            | Bus-ID    |            |
|=============================================================================================|
| OS: 13 (trixie) debian, Version: 13.1718513507.26473, Kernel: 4.18.0-513.9.1.el8_9.x86_64
| Processor: AMD EPYC 7543 32-Core Processor | Cores: 64 | Logical: 128
|---------------------------------------------------------------------------------------------|
| Total Memory (MB): 1031894 | Free Memory: 939518
| Total Page/Swap (MB): 0 | Free Page/Swap: 0
|---------------------------------------------------------------------------------------------|
2026-07-31 23:50:59 [6,729ms] [Warning] [omni.physx.foundation.plugin] PhysXFoundation: Couldn't get driver version, failed to getDeviceInfo
2026-07-31 23:50:59 [6,729ms] [Warning] [omni.physx.foundation.plugin] PhysXFoundation: Unable to get IGpuFoundation, GpuDevices or Graphics!
2026-07-31 23:50:59 [6,730ms] [Warning] [carb.cudainterop.plugin] CUDA_VISIBLE_DEVICES environment variable is set.
2026-07-31 23:50:59 [6,730ms] [Warning] [carb.cudainterop.plugin] Note CUDA device enumeration and Omniverse device enumeration are different.
2026-07-31 23:50:59 [6,730ms] [Warning] [carb.cudainterop.plugin] Setting CUDA_VISIBLE_DEVICES can lead to undesired behavior or crashes.
[7.918s] app ready
[INFO][AppLauncher]: Loading experience file: /opt/IsaacLab/source/extensions/omni.isaac.lab/omni/isaac/lab/app/../../../../../../apps/isaaclab.python.headless.kit
Starting kit application with the following args:  ['/opt/conda/envs/isaaclab/lib/python3.10/site-packages/isaacsim/exts/omni.isaac.kit/omni/isaac/kit/simulation_app.py', '/opt/IsaacLab/source/extensions/omni.isaac.lab/omni/isaac/lab/app/../../../../../../apps/isaaclab.python.headless.kit', '--/app/tokens/exe-path=/opt/conda/envs/isaaclab/lib/python3.10/site-packages/omni', '--/persistent/app/viewport/displayOptions=3094', '--/rtx/materialDb/syncLoads=True', '--/rtx/hydra/materialSyncLoads=True', '--/omni.kit.plugin/syncUsdLoads=True', '--/app/renderer/resolution/width=1280', '--/app/renderer/resolution/height=720', '--/app/window/width=1440', '--/app/window/height=900', '--/renderer/multiGpu/enabled=True', '--/app/fastShutdown=True', '--ext-folder', '/opt/conda/envs/isaaclab/lib/python3.10/site-packages/isaacsim/exts', '--ext-folder', '/opt/conda/envs/isaaclab/lib/python3.10/site-packages/isaacsim/apps', '--/renderer/activeGpu=0', '--/physics/cudaDevice=0', '--portable', '--no-window', '--/app/window/hideUi=True']
Passing the following args to the base kit application:  ['--config', '/ws/configs/marv_config_icmd3qn.yaml', '--headless']
[INFO] Respawn detected — loading config from previous attempt: /ws/logs/train_marv_icmd3qn_11278668/attempt_1/config.yaml
[8.080s] Simulation App Startup Complete
2026-07-31 23:51:05 [12,444ms] [Warning] [pxr.Semantics] pxr.Semantics is deprecated - please use Semantics instead
2026-07-31 23:51:07 [14,461ms] [Warning] [omni.isaac.lab.envs.direct_rl_env] Seed not set for the environment. The environment creation may not be deterministic.
2026-07-31 23:51:07 [14,498ms] [Warning] [omni.isaac.lab.envs.direct_rl_env] The render interval (5) is smaller than the decimation (20). Multiple multiple render calls will happen for each environment step.If this is not intended, set the render interval to be equal to the decimation.
Warp 1.2.1 initialized:
   CUDA Toolkit 11.8, Driver 12.4
   Devices:
     "cpu"      : "CPU"
     "cuda:0"   : "NVIDIA A100-SXM4-40GB" (39 GiB, sm_80, mempool enabled)
   Kernel cache:
     /home/sargapav/.cache/warp/1.2.1
[INFO]: Base environment:
	Environment device    : cuda:0
	Environment seed      : None
	Physics step-size     : 0.005
	Rendering step-size   : 0.025
	Environment step-size : 0.1
[INFO]: Time taken for scene creation : 0.914206 seconds
[INFO]: Scene manager:  <class InteractiveScene>
	Number of environments: 1024
	Environment spacing   : 0.0
	Source prim name      : /World/envs/env_0
	Global prim paths     : ['/World/terrain']
	Replicate physics     : True
[INFO]: Starting the simulation. This may take a few seconds. Please wait...
[INFO]: Time taken for simulation start : 12.400490 seconds
[INFO]: Completed setting up the environment...
2026-08-01 01:51:20,495 [RunLogger][[92mINFO[00m]: RunLogger initialized for run train_marv_icmd3qn_11278668_attempt_2 at /ws/logs/train_marv_icmd3qn_11278668/attempt_2 (logutils.py:105)
2026-08-01 01:51:27,552 [ftr_icmd3qn_train][[92mINFO[00m]: Seed: 42  (random check numpy check torch check cuda check) (train_icmd3qn.py:204)
2026-08-01 01:51:27,568 [ftr_icmd3qn_train][[93mWARNING[00m]: Found step (attempt_1) checkpoint: policy_step_7471104.pth / vecnorm_step_7471104.pth (train_icmd3qn.py:317)
2026-08-01 01:51:27,571 [ftr_icmd3qn_train][[92mINFO[00m]: Loaded policy from step (attempt_1) checkpoint (train_icmd3qn.py:321)
2026-08-01 01:51:27,572 [ftr_icmd3qn_train][[92mINFO[00m]: Loaded vecnorm from step (attempt_1) checkpoint (train_icmd3qn.py:326)
2026-08-01 01:51:27,575 [ftr_icmd3qn_train][[92mINFO[00m]: Loaded ICM from step (attempt_1) checkpoint (train_icmd3qn.py:332)
2026-08-01 01:51:27,575 [ftr_icmd3qn_train][[93mWARNING[00m]: Resuming from step (attempt_1) checkpoint — training may have inconsistent metrics. (train_icmd3qn.py:337)
2026-08-01 01:51:27,583 [ftr_icmd3qn_train][[93mWARNING[00m]: Failed to load training checkpoint: 'FtrICMD3QNTrainer' object has no attribute 'optim' (train_icmd3qn.py:388)
2026-08-01 01:51:28,030 [ftr_icmd3qn_train][[92mINFO[00m]: Initialized FtrICMD3QNTrainer. (train_icmd3qn.py:284)
2026-08-01 01:51:28,030 [ftr_icmd3qn_train][[92mINFO[00m]: Iteration size: 131072, batch_size: 256, updates/iter: 64 (train_icmd3qn.py:495)
2026-07-31 23:51:27 [34,919ms] [Warning] [ftr_icmd3qn_train] Found step (attempt_1) checkpoint: policy_step_7471104.pth / vecnorm_step_7471104.pth
2026-07-31 23:51:27 [34,926ms] [Warning] [ftr_icmd3qn_train] Resuming from step (attempt_1) checkpoint — training may have inconsistent metrics.
2026-07-31 23:51:27 [34,934ms] [Warning] [ftr_icmd3qn_train] Failed to load training checkpoint: 'FtrICMD3QNTrainer' object has no attribute 'optim'
########################################################################
Python script finished with exit status: 75
########################################################################
Exit code 75 detected (CUDA/W&B error). Respawning training (attempt 4/5)...
########################################################################
Starting training (respawn #3 of 5)...
########################################################################
[Warning] [omni.isaac.kit.simulation_app] Modules: ['omni.kit_app'] were loaded before SimulationApp was started and might not be loaded correctly.
[Warning] [omni.isaac.kit.simulation_app] Please check to make sure no extra omniverse or pxr modules are imported before the call to SimulationApp(...)
[Info] [carb] Logging to file: /opt/conda/envs/isaaclab/lib/python3.10/site-packages/omni/logs/Kit/Isaac-Sim/4.2/kit_20260801_024250.log
2026-08-01 00:42:50 [0ms] [Warning] [omni.kit.app.plugin] No crash reporter present, dumps uploading isn't available.
2026-08-01 00:42:50 [3ms] [Warning] [omni.ext.plugin] [ext: containers] Extensions config 'extension.toml' doesn't exist '/home/sargapav/robot_rodeo_gym_ws/containers' or '/home/sargapav/robot_rodeo_gym_ws/containers/config'
2026-08-01 00:42:50 [4ms] [Warning] [omni.ext.plugin] [ext: optuna] Extensions config 'extension.toml' doesn't exist '/home/sargapav/robot_rodeo_gym_ws/optuna' or '/home/sargapav/robot_rodeo_gym_ws/optuna/config'
2026-08-01 00:42:50 [4ms] [Warning] [omni.ext.plugin] [ext: logs] Extensions config 'extension.toml' doesn't exist '/home/sargapav/robot_rodeo_gym_ws/logs' or '/home/sargapav/robot_rodeo_gym_ws/logs/config'
2026-08-01 00:42:50 [4ms] [Warning] [omni.ext.plugin] [ext: src] Extensions config 'extension.toml' doesn't exist '/home/sargapav/robot_rodeo_gym_ws/src' or '/home/sargapav/robot_rodeo_gym_ws/src/config'
2026-08-01 00:42:50 [4ms] [Warning] [omni.ext.plugin] [ext: runs] Extensions config 'extension.toml' doesn't exist '/home/sargapav/robot_rodeo_gym_ws/runs' or '/home/sargapav/robot_rodeo_gym_ws/runs/config'
2026-08-01 00:42:50 [4ms] [Warning] [omni.ext.plugin] [ext: scripts] Extensions config 'extension.toml' doesn't exist '/home/sargapav/robot_rodeo_gym_ws/scripts' or '/home/sargapav/robot_rodeo_gym_ws/scripts/config'
2026-08-01 00:42:50 [4ms] [Warning] [omni.ext.plugin] [ext: configs] Extensions config 'extension.toml' doesn't exist '/home/sargapav/robot_rodeo_gym_ws/configs' or '/home/sargapav/robot_rodeo_gym_ws/configs/config'
2026-08-01 00:42:50 [4ms] [Warning] [omni.ext.plugin] [ext: wandb] Extensions config 'extension.toml' doesn't exist '/home/sargapav/robot_rodeo_gym_ws/wandb' or '/home/sargapav/robot_rodeo_gym_ws/wandb/config'
2026-08-01 00:42:50 [4ms] [Warning] [omni.ext.plugin] [ext: notebooks] Extensions config 'extension.toml' doesn't exist '/home/sargapav/robot_rodeo_gym_ws/notebooks' or '/home/sargapav/robot_rodeo_gym_ws/notebooks/config'
2026-08-01 00:42:50 [4ms] [Warning] [omni.ext.plugin] [ext: experiments] Extensions config 'extension.toml' doesn't exist '/home/sargapav/robot_rodeo_gym_ws/experiments' or '/home/sargapav/robot_rodeo_gym_ws/experiments/config'
2026-08-01 00:42:50 [4ms] [Warning] [omni.ext.plugin] [ext: slurm] Extensions config 'extension.toml' doesn't exist '/home/sargapav/robot_rodeo_gym_ws/slurm' or '/home/sargapav/robot_rodeo_gym_ws/slurm/config'
2026-08-01 00:42:50 [4ms] [Warning] [omni.ext.plugin] [ext: secrets] Extensions config 'extension.toml' doesn't exist '/home/sargapav/robot_rodeo_gym_ws/secrets' or '/home/sargapav/robot_rodeo_gym_ws/secrets/config'
[0.206s] [ext: omni.kit.async_engine-0.0.1] startup
[0.441s] [ext: omni.stats-1.0.1] startup
[0.446s] [ext: omni.client-1.2.0] startup
[0.577s] [ext: omni.gpu_foundation.shadercache.vulkan-1.0.0] startup
[0.582s] [ext: omni.assets.plugins-0.0.0] startup
[0.596s] [ext: omni.gpu_foundation-0.0.0] startup
[0.721s] [ext: omni.kit.pipapi-0.0.0] startup
[0.722s] [ext: omni.materialx.libs-1.0.4] startup
[0.746s] [ext: omni.kit.pip_archive-0.0.0] startup
[0.747s] [ext: omni.usd.config-1.0.4] startup
[0.756s] [ext: omni.gpucompute.plugins-0.0.0] startup
[0.758s] [ext: omni.usd.libs-1.0.1] startup
[1.107s] [ext: omni.kit.telemetry-0.5.0] startup
[1.137s] [ext: omni.usd.schema.semantics-0.0.0] startup
[1.322s] [ext: omni.usd.schema.audio-0.0.0] startup
[1.350s] [ext: omni.usd.schema.physx-106.1.9] startup
[1.425s] [ext: carb.audio-0.1.0] startup
[1.442s] [ext: omni.kvdb-106.1.9] startup
[1.447s] [ext: omni.timeline-1.0.10] startup
[1.452s] [ext: omni.kit.actions.core-1.0.0] startup
[1.458s] [ext: omni.kit.audiodeviceenum-1.0.1] startup
[1.462s] [ext: omni.localcache-106.1.9] startup
[1.465s] [ext: omni.usd_resolver-1.0.0] startup
[1.473s] [ext: omni.kit.commands-1.4.9] startup
[1.481s] [ext: omni.graph.exec-0.9.4] startup
[1.483s] [ext: omni.usd.core-1.4.1] startup
[1.493s] [ext: omni.kit.usd_undo-0.1.8] startup
[1.494s] [ext: omni.kit.exec.core-0.13.4] startup
[1.501s] [ext: omni.convexdecomposition-106.1.9] startup
[1.509s] [ext: omni.usd-1.12.2] startup
[1.573s] [ext: omni.usdphysics-106.1.9] startup
[1.577s] [ext: omni.physx.foundation-106.1.9] startup
[1.589s] [ext: omni.kit.usd.layers-2.1.36] startup
[1.605s] [ext: omni.physx.cooking-106.1.9] startup
[1.619s] [ext: omni.blobkey-1.1.2] startup
[1.622s] [ext: omni.datastore-0.0.0] startup
[1.675s] [ext: omni.ujitso.default-1.0.0] startup
[1.683s] [ext: omni.hsscclient-1.1.1] startup
[1.694s] [ext: omni.kit.primitive.mesh-1.0.17] startup
[1.698s] [ext: usdrt.scenegraph-7.5.0] startup
[1.791s] [ext: omni.warp.core-1.2.1] startup
[1.893s] [ext: omni.physx-106.1.9] startup
[1.933s] [ext: omni.kit.stage_template.core-1.1.22] startup
[1.935s] [ext: omni.physx.stageupdate-106.1.9] startup
[1.939s] [ext: omni.kit.stage_templates-1.2.5] startup
[1.942s] [ext: omni.physics.tensors-106.1.9] startup
[1.951s] [ext: omni.isaac.version-1.1.0] startup
[1.952s] [ext: omni.physx.tensors-106.1.9] startup
[2.408s] [ext: omni.isaac.nucleus-0.3.1] startup
[2.410s] [ext: omni.kit.loop-isaac-1.2.0] startup
[2.413s] [ext: omni.isaac.core-3.19.5] startup
2026-08-01 00:42:54 [3,552ms] [Warning] [omni.platforminfo.plugin] failed to open the default display.  Can't verify X Server version.
2026-08-01 00:42:54 [3,553ms] [Warning] [omni.platforminfo.plugin] failed to load XRAndR.
[5.001s] [ext: omni.physx.fabric-106.1.9] startup
[5.013s] [ext: omni.isaac.kit-1.13.2] startup
[5.014s] [ext: omni.isaac.cloner-0.8.1] startup
[5.015s] [ext: isaaclab.python.headless-1.2.0] startup
[5.017s] Simulation App Starting
2026-08-01 00:42:55 [4,998ms] [Warning] [gpu.foundation.plugin] [ShaderCache]: Creating driver shaderCache directory failed: /opt/conda/envs/isaaclab/lib/python3.10/site-packages/omni/cache/nv_shadercache

|---------------------------------------------------------------------------------------------|
| Driver Version: 0             | Graphics API: Vulkan
|=============================================================================================|
| GPU | Name                             | Active | LDA | GPU Memory | Vendor-ID | LUID       |
|     |                                  |        |     |            | Device-ID | UUID       |
|     |                                  |        |     |            | Bus-ID    |            |
|=============================================================================================|
| OS: 13 (trixie) debian, Version: 13.00.0, Kernel: 4.18.0-513.9.1.el8_9.x86_64
| Processor: AMD EPYC 7543 32-Core Processor | Cores: 64 | Logical: 128
|---------------------------------------------------------------------------------------------|
| Total Memory (MB): 1031894 | Free Memory: 942663
| Total Page/Swap (MB): 0 | Free Page/Swap: 0
|---------------------------------------------------------------------------------------------|
2026-08-01 00:42:56 [5,492ms] [Warning] [omni.physx.foundation.plugin] PhysXFoundation: Couldn't get driver version, failed to getDeviceInfo
2026-08-01 00:42:56 [5,492ms] [Warning] [omni.physx.foundation.plugin] PhysXFoundation: Unable to get IGpuFoundation, GpuDevices or Graphics!
2026-08-01 00:42:56 [5,492ms] [Warning] [carb.cudainterop.plugin] CUDA_VISIBLE_DEVICES environment variable is set.
2026-08-01 00:42:56 [5,492ms] [Warning] [carb.cudainterop.plugin] Note CUDA device enumeration and Omniverse device enumeration are different.
2026-08-01 00:42:56 [5,492ms] [Warning] [carb.cudainterop.plugin] Setting CUDA_VISIBLE_DEVICES can lead to undesired behavior or crashes.
[6.373s] app ready
[INFO][AppLauncher]: Loading experience file: /opt/IsaacLab/source/extensions/omni.isaac.lab/omni/isaac/lab/app/../../../../../../apps/isaaclab.python.headless.kit
Starting kit application with the following args:  ['/opt/conda/envs/isaaclab/lib/python3.10/site-packages/isaacsim/exts/omni.isaac.kit/omni/isaac/kit/simulation_app.py', '/opt/IsaacLab/source/extensions/omni.isaac.lab/omni/isaac/lab/app/../../../../../../apps/isaaclab.python.headless.kit', '--/app/tokens/exe-path=/opt/conda/envs/isaaclab/lib/python3.10/site-packages/omni', '--/persistent/app/viewport/displayOptions=3094', '--/rtx/materialDb/syncLoads=True', '--/rtx/hydra/materialSyncLoads=True', '--/omni.kit.plugin/syncUsdLoads=True', '--/app/renderer/resolution/width=1280', '--/app/renderer/resolution/height=720', '--/app/window/width=1440', '--/app/window/height=900', '--/renderer/multiGpu/enabled=True', '--/app/fastShutdown=True', '--ext-folder', '/opt/conda/envs/isaaclab/lib/python3.10/site-packages/isaacsim/exts', '--ext-folder', '/opt/conda/envs/isaaclab/lib/python3.10/site-packages/isaacsim/apps', '--/renderer/activeGpu=0', '--/physics/cudaDevice=0', '--portable', '--no-window', '--/app/window/hideUi=True']
Passing the following args to the base kit application:  ['--config', '/ws/configs/marv_config_icmd3qn.yaml', '--headless']
[INFO] Respawn detected — loading config from previous attempt: /ws/logs/train_marv_icmd3qn_11278668/attempt_2/config.yaml
[6.543s] Simulation App Startup Complete
2026-08-01 00:43:01 [10,269ms] [Warning] [pxr.Semantics] pxr.Semantics is deprecated - please use Semantics instead
2026-08-01 00:43:03 [12,170ms] [Warning] [omni.isaac.lab.envs.direct_rl_env] Seed not set for the environment. The environment creation may not be deterministic.
2026-08-01 00:43:03 [12,205ms] [Warning] [omni.isaac.lab.envs.direct_rl_env] The render interval (5) is smaller than the decimation (20). Multiple multiple render calls will happen for each environment step.If this is not intended, set the render interval to be equal to the decimation.
Warp 1.2.1 initialized:
   CUDA Toolkit 11.8, Driver 12.4
   Devices:
     "cpu"      : "CPU"
     "cuda:0"   : "NVIDIA A100-SXM4-40GB" (39 GiB, sm_80, mempool enabled)
   Kernel cache:
     /home/sargapav/.cache/warp/1.2.1
[INFO]: Base environment:
	Environment device    : cuda:0
	Environment seed      : None
	Physics step-size     : 0.005
	Rendering step-size   : 0.025
	Environment step-size : 0.1
[INFO]: Time taken for scene creation : 0.789190 seconds
[INFO]: Scene manager:  <class InteractiveScene>
	Number of environments: 1024
	Environment spacing   : 0.0
	Source prim name      : /World/envs/env_0
	Global prim paths     : ['/World/terrain']
	Replicate physics     : True
[INFO]: Starting the simulation. This may take a few seconds. Please wait...
[INFO]: Time taken for simulation start : 11.845115 seconds
[INFO]: Completed setting up the environment...
2026-08-01 02:43:15,767 [RunLogger][[92mINFO[00m]: RunLogger initialized for run train_marv_icmd3qn_11278668_attempt_3 at /ws/logs/train_marv_icmd3qn_11278668/attempt_3 (logutils.py:105)
2026-08-01 02:43:22,665 [ftr_icmd3qn_train][[92mINFO[00m]: Seed: 42  (random check numpy check torch check cuda check) (train_icmd3qn.py:204)
2026-08-01 02:43:22,681 [ftr_icmd3qn_train][[93mWARNING[00m]: Found step (attempt_2) checkpoint: policy_step_3276800.pth / vecnorm_step_3276800.pth (train_icmd3qn.py:317)
2026-08-01 02:43:22,684 [ftr_icmd3qn_train][[92mINFO[00m]: Loaded policy from step (attempt_2) checkpoint (train_icmd3qn.py:321)
2026-08-01 02:43:22,686 [ftr_icmd3qn_train][[92mINFO[00m]: Loaded vecnorm from step (attempt_2) checkpoint (train_icmd3qn.py:326)
2026-08-01 02:43:22,689 [ftr_icmd3qn_train][[92mINFO[00m]: Loaded ICM from step (attempt_2) checkpoint (train_icmd3qn.py:332)
2026-08-01 02:43:22,689 [ftr_icmd3qn_train][[93mWARNING[00m]: Resuming from step (attempt_2) checkpoint — training may have inconsistent metrics. (train_icmd3qn.py:337)
2026-08-01 02:43:22,697 [ftr_icmd3qn_train][[93mWARNING[00m]: Failed to load training checkpoint: 'FtrICMD3QNTrainer' object has no attribute 'optim' (train_icmd3qn.py:388)
2026-08-01 02:43:23,038 [ftr_icmd3qn_train][[92mINFO[00m]: Initialized FtrICMD3QNTrainer. (train_icmd3qn.py:284)
2026-08-01 02:43:23,038 [ftr_icmd3qn_train][[92mINFO[00m]: Iteration size: 131072, batch_size: 256, updates/iter: 64 (train_icmd3qn.py:495)
2026-08-01 12:26:20,100 [ftr_icmd3qn_train][[92mINFO[00m]: Training finished. Running 20 final eval(s). (train_icmd3qn.py:667)

Final evaluation results:
  eval/mean_step_reward: 0.0061
  eval/max_step_reward: 24.9567
  eval/min_step_reward: -24.7991
  eval/pct_terminated: 0.0013
  eval/pct_truncated: 0.0024
  eval/rollout_steps: 600.0000
  eval/success_rate: 0.3477
  eval/failure_rate: 0.0075
  eval/explosion_rate: 0.0000
  torque/flipper_torque_FL: 557.4216
  torque/flipper_torque_FL_max: 999.8849
  torque/flipper_torque_FL_min: 0.8321
  torque/flipper_torque_FR: 557.8395
  torque/flipper_torque_FR_max: 999.8796
  torque/flipper_torque_FR_min: 0.8309
  torque/flipper_torque_RL: 658.5161
  torque/flipper_torque_RL_max: 1000.0000
  torque/flipper_torque_RL_min: 6.1046
  torque/flipper_torque_RR: 657.5761
  torque/flipper_torque_RR_max: 1000.0000
  torque/flipper_torque_RR_min: 6.0334
  clearance/height: 0.0085
  clearance/height_max: 0.3188
  clearance/height_min: -0.0655
  state/lin_velocity: 0.1915
  state/lin_velocity_max: 0.8712
  state/lin_velocity_min: 0.0189
  state/ang_velocity: 0.1551
  state/ang_velocity_max: 1.8091
  state/ang_velocity_min: 0.0051
  state/roll: -0.0001
  state/roll_max: 0.0357
  state/roll_min: -0.0448
  state/pitch: -0.0764
  state/pitch_max: 0.5400
  state/pitch_min: -1.0610
  state/success_lin_velocity: 0.1541
  eval_per_env/raised_platform_success_rate: 0.1286
  eval_per_env/double_trench_success_rate: 0.1206
  eval_per_env/widening_trench_success_rate: 0.0000
  eval_per_env/twin_rails_success_rate: 0.2463
  eval_per_env/raised_stairs_success_rate: 0.4019
  eval_per_env/lowered_stairs_success_rate: 0.3954
  eval_per_env/flat_patch_success_rate: 1.0000
2026-08-01 14:15:42,100 [RunLogger][[92mINFO[00m]: W&B run finished (ID: afbaa2e2132a9467a09f3a0284405a9d71893ecdc49f79f0bf241024e15b3ef3). (logutils.py:277)
2026-08-01 14:15:42,100 [RunLogger][[92mINFO[00m]: RunLogger closed. (logutils.py:280)
########################################################################
Python script finished with exit status: 0
########################################################################
Training finished with exit code 0. Not respawning.
Cleaning up node-local cache...
