########################################################################
Job ID: 11271127
Running on node: g05
Script arguments received by sbatch script (/var/spool/slurm/d/job11271127/slurm_script): 
Number of arguments: 0
########################################################################
Setting up environment...
Changed directory to /home/sargapav/robot_rodeo_gym_ws
------------------------------------------------------------------------
nvidia-smi output:
Wed Jul 29 17:20:53 2026       
+-----------------------------------------------------------------------------------------+
| NVIDIA-SMI 550.54.14              Driver Version: 550.54.14      CUDA Version: 12.4     |
|-----------------------------------------+------------------------+----------------------+
| GPU  Name                 Persistence-M | Bus-Id          Disp.A | Volatile Uncorr. ECC |
| Fan  Temp   Perf          Pwr:Usage/Cap |           Memory-Usage | GPU-Util  Compute M. |
|                                         |                        |               MIG M. |
|=========================================+========================+======================|
|   0  NVIDIA A100-SXM4-40GB          On  |   00000000:C1:00.0 Off |                    0 |
| N/A   40C    P0             55W /  400W |       0MiB /  40960MiB |      0%      Default |
|                                         |                        |             Disabled |
+-----------------------------------------+------------------------+----------------------+
                                                                                         
+-----------------------------------------------------------------------------------------+
| Processes:                                                                              |
|  GPU   GI   CI        PID   Type   Process name                              GPU Memory |
|        ID   ID                                                               Usage      |
|=========================================================================================|
|  No running processes found                                                             |
+-----------------------------------------------------------------------------------------+
GPU is clear (no active CUDA contexts).
------------------------------------------------------------------------
W&B project : MARV_RL
Copying Omniverse cache to node-local /tmp/omni_cache_11271127 ...
########################################################################
Starting training (respawn #0 of 5)...
########################################################################
[Warning] [omni.isaac.kit.simulation_app] Modules: ['omni.kit_app'] were loaded before SimulationApp was started and might not be loaded correctly.
[Warning] [omni.isaac.kit.simulation_app] Please check to make sure no extra omniverse or pxr modules are imported before the call to SimulationApp(...)
[Info] [carb] Logging to file: /opt/conda/envs/isaaclab/lib/python3.10/site-packages/omni/logs/Kit/Isaac-Sim/4.2/kit_20260729_172056.log
2026-07-29 15:20:56 [0ms] [Warning] [omni.kit.app.plugin] No crash reporter present, dumps uploading isn't available.
2026-07-29 15:20:56 [4ms] [Warning] [omni.ext.plugin] [ext: containers] Extensions config 'extension.toml' doesn't exist '/home/sargapav/robot_rodeo_gym_ws/containers' or '/home/sargapav/robot_rodeo_gym_ws/containers/config'
2026-07-29 15:20:56 [4ms] [Warning] [omni.ext.plugin] [ext: src] Extensions config 'extension.toml' doesn't exist '/home/sargapav/robot_rodeo_gym_ws/src' or '/home/sargapav/robot_rodeo_gym_ws/src/config'
2026-07-29 15:20:56 [4ms] [Warning] [omni.ext.plugin] [ext: experiments] Extensions config 'extension.toml' doesn't exist '/home/sargapav/robot_rodeo_gym_ws/experiments' or '/home/sargapav/robot_rodeo_gym_ws/experiments/config'
2026-07-29 15:20:56 [4ms] [Warning] [omni.ext.plugin] [ext: optuna] Extensions config 'extension.toml' doesn't exist '/home/sargapav/robot_rodeo_gym_ws/optuna' or '/home/sargapav/robot_rodeo_gym_ws/optuna/config'
2026-07-29 15:20:56 [4ms] [Warning] [omni.ext.plugin] [ext: scripts] Extensions config 'extension.toml' doesn't exist '/home/sargapav/robot_rodeo_gym_ws/scripts' or '/home/sargapav/robot_rodeo_gym_ws/scripts/config'
2026-07-29 15:20:56 [4ms] [Warning] [omni.ext.plugin] [ext: logs] Extensions config 'extension.toml' doesn't exist '/home/sargapav/robot_rodeo_gym_ws/logs' or '/home/sargapav/robot_rodeo_gym_ws/logs/config'
2026-07-29 15:20:56 [5ms] [Warning] [omni.ext.plugin] [ext: runs] Extensions config 'extension.toml' doesn't exist '/home/sargapav/robot_rodeo_gym_ws/runs' or '/home/sargapav/robot_rodeo_gym_ws/runs/config'
2026-07-29 15:20:56 [5ms] [Warning] [omni.ext.plugin] [ext: notebooks] Extensions config 'extension.toml' doesn't exist '/home/sargapav/robot_rodeo_gym_ws/notebooks' or '/home/sargapav/robot_rodeo_gym_ws/notebooks/config'
2026-07-29 15:20:56 [5ms] [Warning] [omni.ext.plugin] [ext: configs] Extensions config 'extension.toml' doesn't exist '/home/sargapav/robot_rodeo_gym_ws/configs' or '/home/sargapav/robot_rodeo_gym_ws/configs/config'
2026-07-29 15:20:56 [5ms] [Warning] [omni.ext.plugin] [ext: slurm] Extensions config 'extension.toml' doesn't exist '/home/sargapav/robot_rodeo_gym_ws/slurm' or '/home/sargapav/robot_rodeo_gym_ws/slurm/config'
2026-07-29 15:20:56 [5ms] [Warning] [omni.ext.plugin] [ext: wandb] Extensions config 'extension.toml' doesn't exist '/home/sargapav/robot_rodeo_gym_ws/wandb' or '/home/sargapav/robot_rodeo_gym_ws/wandb/config'
2026-07-29 15:20:56 [5ms] [Warning] [omni.ext.plugin] [ext: secrets] Extensions config 'extension.toml' doesn't exist '/home/sargapav/robot_rodeo_gym_ws/secrets' or '/home/sargapav/robot_rodeo_gym_ws/secrets/config'
[0.220s] [ext: omni.kit.async_engine-0.0.1] startup
[0.460s] [ext: omni.stats-1.0.1] startup
[0.466s] [ext: omni.client-1.2.0] startup
[0.606s] [ext: omni.gpu_foundation.shadercache.vulkan-1.0.0] startup
[0.616s] [ext: omni.assets.plugins-0.0.0] startup
[0.630s] [ext: omni.gpu_foundation-0.0.0] startup
[0.764s] [ext: omni.kit.pipapi-0.0.0] startup
[0.765s] [ext: omni.materialx.libs-1.0.4] startup
[0.789s] [ext: omni.kit.pip_archive-0.0.0] startup
[0.790s] [ext: omni.usd.config-1.0.4] startup
[0.799s] [ext: omni.gpucompute.plugins-0.0.0] startup
[0.801s] [ext: omni.usd.libs-1.0.1] startup
[1.173s] [ext: omni.kit.telemetry-0.5.0] startup
[1.207s] [ext: omni.usd.schema.semantics-0.0.0] startup
[1.396s] [ext: omni.usd.schema.audio-0.0.0] startup
[1.423s] [ext: omni.usd.schema.physx-106.1.9] startup
[1.502s] [ext: carb.audio-0.1.0] startup
[1.531s] [ext: omni.kvdb-106.1.9] startup
[1.536s] [ext: omni.timeline-1.0.10] startup
[1.541s] [ext: omni.kit.actions.core-1.0.0] startup
[1.547s] [ext: omni.kit.audiodeviceenum-1.0.1] startup
[1.551s] [ext: omni.localcache-106.1.9] startup
[1.555s] [ext: omni.usd_resolver-1.0.0] startup
[1.563s] [ext: omni.kit.commands-1.4.9] startup
[1.571s] [ext: omni.graph.exec-0.9.4] startup
[1.573s] [ext: omni.usd.core-1.4.1] startup
[1.583s] [ext: omni.kit.usd_undo-0.1.8] startup
[1.584s] [ext: omni.kit.exec.core-0.13.4] startup
[1.591s] [ext: omni.convexdecomposition-106.1.9] startup
[1.599s] [ext: omni.usd-1.12.2] startup
[1.660s] [ext: omni.usdphysics-106.1.9] startup
[1.664s] [ext: omni.physx.foundation-106.1.9] startup
[1.676s] [ext: omni.kit.usd.layers-2.1.36] startup
[1.693s] [ext: omni.physx.cooking-106.1.9] startup
[1.707s] [ext: omni.blobkey-1.1.2] startup
[1.711s] [ext: omni.datastore-0.0.0] startup
[1.769s] [ext: omni.ujitso.default-1.0.0] startup
[1.777s] [ext: omni.hsscclient-1.1.1] startup
[1.789s] [ext: omni.kit.primitive.mesh-1.0.17] startup
[1.794s] [ext: usdrt.scenegraph-7.5.0] startup
[1.894s] [ext: omni.warp.core-1.2.1] startup
[2.173s] [ext: omni.physx-106.1.9] startup
[2.218s] [ext: omni.kit.stage_template.core-1.1.22] startup
[2.220s] [ext: omni.physx.stageupdate-106.1.9] startup
[2.225s] [ext: omni.kit.stage_templates-1.2.5] startup
[2.227s] [ext: omni.physics.tensors-106.1.9] startup
[2.238s] [ext: omni.isaac.version-1.1.0] startup
[2.239s] [ext: omni.physx.tensors-106.1.9] startup
2026-07-29 15:20:59 [2,477ms] [Warning] [omni.platforminfo.plugin] failed to open the default display.  Can't verify X Server version.
2026-07-29 15:20:59 [2,479ms] [Warning] [omni.platforminfo.plugin] failed to load XRAndR.
[3.271s] [ext: omni.isaac.nucleus-0.3.1] startup
[3.273s] [ext: omni.kit.loop-isaac-1.2.0] startup
[3.277s] [ext: omni.isaac.core-3.19.5] startup
[5.984s] [ext: omni.physx.fabric-106.1.9] startup
[5.997s] [ext: omni.isaac.kit-1.13.2] startup
[5.997s] [ext: omni.isaac.cloner-0.8.1] startup
[5.999s] [ext: isaaclab.python.headless-1.2.0] startup
[6.000s] Simulation App Starting
2026-07-29 15:21:02 [6,059ms] [Warning] [gpu.foundation.plugin] [ShaderCache]: Creating driver shaderCache directory failed: /opt/conda/envs/isaaclab/lib/python3.10/site-packages/omni/cache/nv_shadercache

|---------------------------------------------------------------------------------------------|
| Driver Version: 0             | Graphics API: Vulkan
|=============================================================================================|
| GPU | Name                             | Active | LDA | GPU Memory | Vendor-ID | LUID       |
|     |                                  |        |     |            | Device-ID | UUID       |
|     |                                  |        |     |            | Bus-ID    |            |
|=============================================================================================|
| OS: 13 (trixie) debian, Version: 13.00.0, Kernel: 4.18.0-513.9.1.el8_9.x86_64
| Processor: AMD EPYC 7543 32-Core Processor | Cores: 64 | Logical: 128
|---------------------------------------------------------------------------------------------|
| Total Memory (MB): 1031881 | Free Memory: 820957
| Total Page/Swap (MB): 0 | Free Page/Swap: 0
|---------------------------------------------------------------------------------------------|
2026-07-29 15:21:03 [6,602ms] [Warning] [omni.physx.foundation.plugin] PhysXFoundation: Couldn't get driver version, failed to getDeviceInfo
2026-07-29 15:21:03 [6,602ms] [Warning] [omni.physx.foundation.plugin] PhysXFoundation: Unable to get IGpuFoundation, GpuDevices or Graphics!
2026-07-29 15:21:03 [6,602ms] [Warning] [carb.cudainterop.plugin] CUDA_VISIBLE_DEVICES environment variable is set.
2026-07-29 15:21:03 [6,602ms] [Warning] [carb.cudainterop.plugin] Note CUDA device enumeration and Omniverse device enumeration are different.
2026-07-29 15:21:03 [6,602ms] [Warning] [carb.cudainterop.plugin] Setting CUDA_VISIBLE_DEVICES can lead to undesired behavior or crashes.
[7.859s] app ready
[8.026s] Simulation App Startup Complete
2026-07-29 15:21:08 [11,799ms] [Warning] [pxr.Semantics] pxr.Semantics is deprecated - please use Semantics instead
2026-07-29 15:21:10 [13,771ms] [Warning] [omni.isaac.lab.envs.direct_rl_env] Seed not set for the environment. The environment creation may not be deterministic.
2026-07-29 15:21:10 [13,842ms] [Warning] [omni.isaac.lab.envs.direct_rl_env] The render interval (5) is smaller than the decimation (20). Multiple multiple render calls will happen for each environment step.If this is not intended, set the render interval to be equal to the decimation.
[INFO][AppLauncher]: Loading experience file: /opt/IsaacLab/source/extensions/omni.isaac.lab/omni/isaac/lab/app/../../../../../../apps/isaaclab.python.headless.kit
Starting kit application with the following args:  ['/opt/conda/envs/isaaclab/lib/python3.10/site-packages/isaacsim/exts/omni.isaac.kit/omni/isaac/kit/simulation_app.py', '/opt/IsaacLab/source/extensions/omni.isaac.lab/omni/isaac/lab/app/../../../../../../apps/isaaclab.python.headless.kit', '--/app/tokens/exe-path=/opt/conda/envs/isaaclab/lib/python3.10/site-packages/omni', '--/persistent/app/viewport/displayOptions=3094', '--/rtx/materialDb/syncLoads=True', '--/rtx/hydra/materialSyncLoads=True', '--/omni.kit.plugin/syncUsdLoads=True', '--/app/renderer/resolution/width=1280', '--/app/renderer/resolution/height=720', '--/app/window/width=1440', '--/app/window/height=900', '--/renderer/multiGpu/enabled=True', '--/app/fastShutdown=True', '--ext-folder', '/opt/conda/envs/isaaclab/lib/python3.10/site-packages/isaacsim/exts', '--ext-folder', '/opt/conda/envs/isaaclab/lib/python3.10/site-packages/isaacsim/apps', '--/renderer/activeGpu=0', '--/physics/cudaDevice=0', '--portable', '--no-window', '--/app/window/hideUi=True']
Passing the following args to the base kit application:  ['--config', '/ws/configs/marv_config_creps.yaml', '--headless']
Warp 1.2.1 initialized:
   CUDA Toolkit 11.8, Driver 12.4
   Devices:
     "cpu"      : "CPU"
     "cuda:0"   : "NVIDIA A100-SXM4-40GB" (39 GiB, sm_80, mempool enabled)
   Kernel cache:
     /home/sargapav/.cache/warp/1.2.1
[INFO]: Base environment:
	Environment device    : cuda:0
	Environment seed      : None
	Physics step-size     : 0.005
	Rendering step-size   : 0.025
	Environment step-size : 0.1
[INFO]: Time taken for scene creation : 0.594410 seconds
[INFO]: Scene manager:  <class InteractiveScene>
	Number of environments: 192
	Environment spacing   : 0.0
	Source prim name      : /World/envs/env_0
	Global prim paths     : ['/World/terrain']
	Replicate physics     : True
[INFO]: Starting the simulation. This may take a few seconds. Please wait...
[INFO]: Time taken for simulation start : 3.588329 seconds
[INFO]: Completed setting up the environment...
2026-07-29 17:21:14,673 [RunLogger][[92mINFO[00m]: RunLogger initialized for run train_marv_creps_11271127_attempt_0 at /ws/logs/train_marv_creps_11271127/attempt_0 (logutils.py:105)
2026-07-29 17:21:22,291 [ftr_creps_train][[92mINFO[00m]: Seed: 42 (train_creps.py:185)
2026-07-29 17:21:22,313 [ftr_creps_train][[92mINFO[00m]: Initialized FtrCREPSTrainer. (train_creps.py:222)
2026-07-29 17:21:22,313 [ftr_creps_train][[92mINFO[00m]: CREPS: 64 omega samples x 3 repeats (192 rollouts) per iteration, 30 iterations, 300 steps/episode. (train_creps.py:368)
2026-07-29 17:22:28,346 [ftr_creps_train][[92mINFO[00m]: iter 0: mean_reward=3.0853 mean_safety=1.000 mean_mechanical_ok=1.000 eta=0.2440 gamma=[0. 0.] (train_creps.py:431)
2026-07-29 17:23:33,496 [ftr_creps_train][[92mINFO[00m]: iter 1: mean_reward=3.1850 mean_safety=1.000 mean_mechanical_ok=1.000 eta=0.1533 gamma=[0. 0.] (train_creps.py:431)
2026-07-29 17:24:37,220 [ftr_creps_train][[92mINFO[00m]: iter 2: mean_reward=3.2650 mean_safety=1.000 mean_mechanical_ok=1.000 eta=0.1021 gamma=[0. 0.] (train_creps.py:431)
2026-07-29 17:25:40,211 [ftr_creps_train][[92mINFO[00m]: iter 3: mean_reward=3.2029 mean_safety=1.000 mean_mechanical_ok=1.000 eta=0.1671 gamma=[0. 0.] (train_creps.py:431)
2026-07-29 17:26:43,257 [ftr_creps_train][[92mINFO[00m]: iter 4: mean_reward=3.4754 mean_safety=1.000 mean_mechanical_ok=1.000 eta=1.6493 gamma=[0. 0.] (train_creps.py:431)
2026-07-29 17:27:44,543 [ftr_creps_train][[92mINFO[00m]: iter 5: mean_reward=3.5490 mean_safety=1.000 mean_mechanical_ok=0.984 eta=1.9574 gamma=[0. 0.] (train_creps.py:431)
2026-07-29 17:28:44,674 [ftr_creps_train][[92mINFO[00m]: iter 6: mean_reward=3.9009 mean_safety=1.000 mean_mechanical_ok=0.948 eta=2.2320 gamma=[0. 0.] (train_creps.py:431)
2026-07-29 17:29:45,514 [ftr_creps_train][[92mINFO[00m]: iter 7: mean_reward=4.3481 mean_safety=1.000 mean_mechanical_ok=0.953 eta=2.2867 gamma=[0. 0.] (train_creps.py:431)
2026-07-29 17:30:46,820 [ftr_creps_train][[92mINFO[00m]: iter 8: mean_reward=4.6345 mean_safety=1.000 mean_mechanical_ok=0.953 eta=2.2699 gamma=[0. 0.] (train_creps.py:431)
2026-07-29 17:31:48,292 [ftr_creps_train][[92mINFO[00m]: iter 9: mean_reward=6.0654 mean_safety=1.000 mean_mechanical_ok=0.984 eta=1.4918 gamma=[0. 0.] (train_creps.py:431)
2026-07-29 17:32:50,243 [ftr_creps_train][[92mINFO[00m]: iter 10: mean_reward=7.4760 mean_safety=1.000 mean_mechanical_ok=1.000 eta=0.0583 gamma=[0. 0.] (train_creps.py:431)
2026-07-29 17:33:51,700 [ftr_creps_train][[92mINFO[00m]: iter 11: mean_reward=7.7555 mean_safety=1.000 mean_mechanical_ok=1.000 eta=0.2205 gamma=[0. 0.] (train_creps.py:431)
2026-07-29 17:34:52,628 [ftr_creps_train][[92mINFO[00m]: iter 12: mean_reward=7.3401 mean_safety=1.000 mean_mechanical_ok=1.000 eta=0.1533 gamma=[0. 0.] (train_creps.py:431)
2026-07-29 17:35:52,925 [ftr_creps_train][[92mINFO[00m]: iter 13: mean_reward=7.5736 mean_safety=1.000 mean_mechanical_ok=1.000 eta=0.0239 gamma=[0. 0.] (train_creps.py:431)
2026-07-29 17:36:53,304 [ftr_creps_train][[92mINFO[00m]: iter 14: mean_reward=7.9824 mean_safety=1.000 mean_mechanical_ok=1.000 eta=0.0173 gamma=[0. 0.] (train_creps.py:431)
2026-07-29 17:37:54,541 [ftr_creps_train][[92mINFO[00m]: iter 15: mean_reward=7.9211 mean_safety=1.000 mean_mechanical_ok=1.000 eta=0.0146 gamma=[0. 0.] (train_creps.py:431)
2026-07-29 17:38:56,247 [ftr_creps_train][[92mINFO[00m]: iter 16: mean_reward=7.7930 mean_safety=1.000 mean_mechanical_ok=1.000 eta=0.0133 gamma=[0. 0.] (train_creps.py:431)
2026-07-29 17:39:57,499 [ftr_creps_train][[92mINFO[00m]: iter 17: mean_reward=7.7331 mean_safety=1.000 mean_mechanical_ok=1.000 eta=0.0313 gamma=[0. 0.] (train_creps.py:431)
2026-07-29 17:40:59,050 [ftr_creps_train][[92mINFO[00m]: iter 18: mean_reward=7.9577 mean_safety=1.000 mean_mechanical_ok=1.000 eta=0.0170 gamma=[0. 0.] (train_creps.py:431)
2026-07-29 17:42:00,142 [ftr_creps_train][[92mINFO[00m]: iter 19: mean_reward=7.7332 mean_safety=1.000 mean_mechanical_ok=1.000 eta=0.0129 gamma=[0. 0.] (train_creps.py:431)
2026-07-29 17:43:00,737 [ftr_creps_train][[92mINFO[00m]: iter 20: mean_reward=8.0087 mean_safety=1.000 mean_mechanical_ok=1.000 eta=0.0100 gamma=[0. 0.] (train_creps.py:431)
2026-07-29 17:44:00,459 [ftr_creps_train][[92mINFO[00m]: iter 21: mean_reward=8.0478 mean_safety=1.000 mean_mechanical_ok=1.000 eta=0.0155 gamma=[0. 0.] (train_creps.py:431)
2026-07-29 17:45:00,206 [ftr_creps_train][[92mINFO[00m]: iter 22: mean_reward=8.1275 mean_safety=1.000 mean_mechanical_ok=1.000 eta=0.0100 gamma=[0. 0.] (train_creps.py:431)
2026-07-29 17:46:01,322 [ftr_creps_train][[92mINFO[00m]: iter 23: mean_reward=7.9659 mean_safety=1.000 mean_mechanical_ok=1.000 eta=0.0375 gamma=[0. 0.] (train_creps.py:431)
2026-07-29 17:47:02,699 [ftr_creps_train][[92mINFO[00m]: iter 24: mean_reward=7.8065 mean_safety=1.000 mean_mechanical_ok=1.000 eta=0.0180 gamma=[0. 0.] (train_creps.py:431)
2026-07-29 17:48:02,009 [ftr_creps_train][[92mINFO[00m]: iter 25: mean_reward=8.0448 mean_safety=1.000 mean_mechanical_ok=1.000 eta=0.0179 gamma=[0. 0.] (train_creps.py:431)
2026-07-29 17:49:01,474 [ftr_creps_train][[92mINFO[00m]: iter 26: mean_reward=8.3151 mean_safety=1.000 mean_mechanical_ok=1.000 eta=0.0102 gamma=[0. 0.] (train_creps.py:431)
2026-07-29 17:50:00,424 [ftr_creps_train][[92mINFO[00m]: iter 27: mean_reward=8.2917 mean_safety=1.000 mean_mechanical_ok=1.000 eta=0.0100 gamma=[0. 0.] (train_creps.py:431)
2026-07-29 17:50:59,553 [ftr_creps_train][[92mINFO[00m]: iter 28: mean_reward=8.3683 mean_safety=1.000 mean_mechanical_ok=1.000 eta=0.0179 gamma=[0. 0.] (train_creps.py:431)
2026-07-29 17:51:58,669 [ftr_creps_train][[92mINFO[00m]: iter 29: mean_reward=8.3120 mean_safety=1.000 mean_mechanical_ok=1.000 eta=0.0182 gamma=[0. 0.] (train_creps.py:431)
2026-07-29 17:52:06,244 [RunLogger][[92mINFO[00m]: W&B run finished (ID: b75d140b6a432420d3b72f1c8bcb89d2645f0c470b5109cc58c5febe6596ea9f). (logutils.py:277)
2026-07-29 17:52:06,244 [RunLogger][[92mINFO[00m]: RunLogger closed. (logutils.py:280)
########################################################################
Python script finished with exit status: 0
########################################################################
Training finished with exit code 0. Not respawning.
Cleaning up node-local cache...
