########################################################################
Job ID: 11278667
Running on node: g08
Script arguments received by sbatch script (/var/spool/slurm/d/job11278667/slurm_script): 
Number of arguments: 0
########################################################################
Setting up environment...
Changed directory to /home/sargapav/robot_rodeo_gym_ws
------------------------------------------------------------------------
nvidia-smi output:
Fri Jul 31 20:09:58 2026       
+-----------------------------------------------------------------------------------------+
| NVIDIA-SMI 550.54.14              Driver Version: 550.54.14      CUDA Version: 12.4     |
|-----------------------------------------+------------------------+----------------------+
| GPU  Name                 Persistence-M | Bus-Id          Disp.A | Volatile Uncorr. ECC |
| Fan  Temp   Perf          Pwr:Usage/Cap |           Memory-Usage | GPU-Util  Compute M. |
|                                         |                        |               MIG M. |
|=========================================+========================+======================|
|   0  NVIDIA A100-SXM4-40GB          On  |   00000000:C1:00.0 Off |                    0 |
| N/A   26C    P0             53W /  400W |       0MiB /  40960MiB |      0%      Default |
|                                         |                        |             Disabled |
+-----------------------------------------+------------------------+----------------------+
                                                                                         
+-----------------------------------------------------------------------------------------+
| Processes:                                                                              |
|  GPU   GI   CI        PID   Type   Process name                              GPU Memory |
|        ID   ID                                                               Usage      |
|=========================================================================================|
|  No running processes found                                                             |
+-----------------------------------------------------------------------------------------+
GPU is clear (no active CUDA contexts).
------------------------------------------------------------------------
W&B project : MARV_RL
Copying Omniverse cache to node-local /tmp/omni_cache_11278667 ...
########################################################################
Starting training (respawn #0 of 5)...
########################################################################
[Warning] [omni.isaac.kit.simulation_app] Modules: ['omni.kit_app'] were loaded before SimulationApp was started and might not be loaded correctly.
[Warning] [omni.isaac.kit.simulation_app] Please check to make sure no extra omniverse or pxr modules are imported before the call to SimulationApp(...)
[Info] [carb] Logging to file: /opt/conda/envs/isaaclab/lib/python3.10/site-packages/omni/logs/Kit/Isaac-Sim/4.2/kit_20260731_201002.log
2026-07-31 18:10:02 [0ms] [Warning] [omni.kit.app.plugin] No crash reporter present, dumps uploading isn't available.
2026-07-31 18:10:02 [4ms] [Warning] [omni.ext.plugin] [ext: containers] Extensions config 'extension.toml' doesn't exist '/home/sargapav/robot_rodeo_gym_ws/containers' or '/home/sargapav/robot_rodeo_gym_ws/containers/config'
2026-07-31 18:10:02 [4ms] [Warning] [omni.ext.plugin] [ext: src] Extensions config 'extension.toml' doesn't exist '/home/sargapav/robot_rodeo_gym_ws/src' or '/home/sargapav/robot_rodeo_gym_ws/src/config'
2026-07-31 18:10:02 [4ms] [Warning] [omni.ext.plugin] [ext: logs] Extensions config 'extension.toml' doesn't exist '/home/sargapav/robot_rodeo_gym_ws/logs' or '/home/sargapav/robot_rodeo_gym_ws/logs/config'
2026-07-31 18:10:02 [4ms] [Warning] [omni.ext.plugin] [ext: experiments] Extensions config 'extension.toml' doesn't exist '/home/sargapav/robot_rodeo_gym_ws/experiments' or '/home/sargapav/robot_rodeo_gym_ws/experiments/config'
2026-07-31 18:10:02 [4ms] [Warning] [omni.ext.plugin] [ext: notebooks] Extensions config 'extension.toml' doesn't exist '/home/sargapav/robot_rodeo_gym_ws/notebooks' or '/home/sargapav/robot_rodeo_gym_ws/notebooks/config'
2026-07-31 18:10:02 [4ms] [Warning] [omni.ext.plugin] [ext: secrets] Extensions config 'extension.toml' doesn't exist '/home/sargapav/robot_rodeo_gym_ws/secrets' or '/home/sargapav/robot_rodeo_gym_ws/secrets/config'
2026-07-31 18:10:02 [4ms] [Warning] [omni.ext.plugin] [ext: runs] Extensions config 'extension.toml' doesn't exist '/home/sargapav/robot_rodeo_gym_ws/runs' or '/home/sargapav/robot_rodeo_gym_ws/runs/config'
2026-07-31 18:10:02 [4ms] [Warning] [omni.ext.plugin] [ext: configs] Extensions config 'extension.toml' doesn't exist '/home/sargapav/robot_rodeo_gym_ws/configs' or '/home/sargapav/robot_rodeo_gym_ws/configs/config'
2026-07-31 18:10:02 [4ms] [Warning] [omni.ext.plugin] [ext: slurm] Extensions config 'extension.toml' doesn't exist '/home/sargapav/robot_rodeo_gym_ws/slurm' or '/home/sargapav/robot_rodeo_gym_ws/slurm/config'
2026-07-31 18:10:02 [4ms] [Warning] [omni.ext.plugin] [ext: scripts] Extensions config 'extension.toml' doesn't exist '/home/sargapav/robot_rodeo_gym_ws/scripts' or '/home/sargapav/robot_rodeo_gym_ws/scripts/config'
2026-07-31 18:10:02 [4ms] [Warning] [omni.ext.plugin] [ext: optuna] Extensions config 'extension.toml' doesn't exist '/home/sargapav/robot_rodeo_gym_ws/optuna' or '/home/sargapav/robot_rodeo_gym_ws/optuna/config'
2026-07-31 18:10:02 [4ms] [Warning] [omni.ext.plugin] [ext: wandb] Extensions config 'extension.toml' doesn't exist '/home/sargapav/robot_rodeo_gym_ws/wandb' or '/home/sargapav/robot_rodeo_gym_ws/wandb/config'
[0.213s] [ext: omni.kit.async_engine-0.0.1] startup
[0.483s] [ext: omni.stats-1.0.1] startup
[0.489s] [ext: omni.client-1.2.0] startup
[0.631s] [ext: omni.gpu_foundation.shadercache.vulkan-1.0.0] startup
[0.637s] [ext: omni.assets.plugins-0.0.0] startup
[0.652s] [ext: omni.gpu_foundation-0.0.0] startup
[0.795s] [ext: omni.kit.pipapi-0.0.0] startup
[0.796s] [ext: omni.materialx.libs-1.0.4] startup
[0.823s] [ext: omni.kit.pip_archive-0.0.0] startup
[0.824s] [ext: omni.usd.config-1.0.4] startup
[0.834s] [ext: omni.gpucompute.plugins-0.0.0] startup
[0.836s] [ext: omni.usd.libs-1.0.1] startup
[1.237s] [ext: omni.kit.telemetry-0.5.0] startup
[1.271s] [ext: omni.usd.schema.semantics-0.0.0] startup
[1.462s] [ext: omni.usd.schema.audio-0.0.0] startup
[1.490s] [ext: omni.usd.schema.physx-106.1.9] startup
[1.575s] [ext: carb.audio-0.1.0] startup
[1.605s] [ext: omni.kvdb-106.1.9] startup
[1.612s] [ext: omni.timeline-1.0.10] startup
[1.617s] [ext: omni.kit.actions.core-1.0.0] startup
[1.625s] [ext: omni.kit.audiodeviceenum-1.0.1] startup
[1.629s] [ext: omni.localcache-106.1.9] startup
[1.632s] [ext: omni.usd_resolver-1.0.0] startup
[1.640s] [ext: omni.kit.commands-1.4.9] startup
[1.648s] [ext: omni.graph.exec-0.9.4] startup
[1.651s] [ext: omni.usd.core-1.4.1] startup
[1.661s] [ext: omni.kit.usd_undo-0.1.8] startup
[1.662s] [ext: omni.kit.exec.core-0.13.4] startup
[1.669s] [ext: omni.convexdecomposition-106.1.9] startup
[1.678s] [ext: omni.usd-1.12.2] startup
[1.746s] [ext: omni.usdphysics-106.1.9] startup
[1.749s] [ext: omni.physx.foundation-106.1.9] startup
[1.762s] [ext: omni.kit.usd.layers-2.1.36] startup
[1.780s] [ext: omni.physx.cooking-106.1.9] startup
[1.794s] [ext: omni.blobkey-1.1.2] startup
[1.798s] [ext: omni.datastore-0.0.0] startup
[1.853s] [ext: omni.ujitso.default-1.0.0] startup
[1.862s] [ext: omni.hsscclient-1.1.1] startup
[1.874s] [ext: omni.kit.primitive.mesh-1.0.17] startup
[1.879s] [ext: usdrt.scenegraph-7.5.0] startup
[1.977s] [ext: omni.warp.core-1.2.1] startup
[2.078s] [ext: omni.physx-106.1.9] startup
[2.122s] [ext: omni.kit.stage_template.core-1.1.22] startup
[2.124s] [ext: omni.physx.stageupdate-106.1.9] startup
[2.128s] [ext: omni.kit.stage_templates-1.2.5] startup
[2.131s] [ext: omni.physics.tensors-106.1.9] startup
[2.141s] [ext: omni.isaac.version-1.1.0] startup
[2.142s] [ext: omni.physx.tensors-106.1.9] startup
[2.618s] [ext: omni.isaac.nucleus-0.3.1] startup
[2.620s] [ext: omni.kit.loop-isaac-1.2.0] startup
[2.624s] [ext: omni.isaac.core-3.19.5] startup
2026-07-31 18:10:06 [3,842ms] [Warning] [omni.platforminfo.plugin] failed to open the default display.  Can't verify X Server version.
2026-07-31 18:10:06 [3,843ms] [Warning] [omni.platforminfo.plugin] failed to load XRAndR.
[5.335s] [ext: omni.physx.fabric-106.1.9] startup
[5.348s] [ext: omni.isaac.kit-1.13.2] startup
[5.348s] [ext: omni.isaac.cloner-0.8.1] startup
[5.350s] [ext: isaaclab.python.headless-1.2.0] startup
[5.352s] Simulation App Starting
2026-07-31 18:10:07 [5,332ms] [Warning] [gpu.foundation.plugin] [ShaderCache]: Creating driver shaderCache directory failed: /opt/conda/envs/isaaclab/lib/python3.10/site-packages/omni/cache/nv_shadercache

|---------------------------------------------------------------------------------------------|
| Driver Version: 0             | Graphics API: Vulkan
|=============================================================================================|
| GPU | Name                             | Active | LDA | GPU Memory | Vendor-ID | LUID       |
|     |                                  |        |     |            | Device-ID | UUID       |
|     |                                  |        |     |            | Bus-ID    |            |
|=============================================================================================|
| OS: 13 (trixie) debian, Version: 13.00.0, Kernel: 4.18.0-513.9.1.el8_9.x86_64
| Processor: AMD EPYC 7543 32-Core Processor | Cores: 64 | Logical: 128
|---------------------------------------------------------------------------------------------|
| Total Memory (MB): 1031894 | Free Memory: 741431
| Total Page/Swap (MB): 0 | Free Page/Swap: 0
|---------------------------------------------------------------------------------------------|
2026-07-31 18:10:08 [5,881ms] [Warning] [omni.physx.foundation.plugin] PhysXFoundation: Couldn't get driver version, failed to getDeviceInfo
2026-07-31 18:10:08 [5,881ms] [Warning] [omni.physx.foundation.plugin] PhysXFoundation: Unable to get IGpuFoundation, GpuDevices or Graphics!
2026-07-31 18:10:08 [5,881ms] [Warning] [carb.cudainterop.plugin] CUDA_VISIBLE_DEVICES environment variable is set.
2026-07-31 18:10:08 [5,881ms] [Warning] [carb.cudainterop.plugin] Note CUDA device enumeration and Omniverse device enumeration are different.
2026-07-31 18:10:08 [5,881ms] [Warning] [carb.cudainterop.plugin] Setting CUDA_VISIBLE_DEVICES can lead to undesired behavior or crashes.
[6.851s] app ready
[7.009s] Simulation App Startup Complete
2026-07-31 18:10:13 [10,817ms] [Warning] [pxr.Semantics] pxr.Semantics is deprecated - please use Semantics instead
2026-07-31 18:10:15 [12,733ms] [Warning] [omni.isaac.lab.envs.direct_rl_env] Seed not set for the environment. The environment creation may not be deterministic.
2026-07-31 18:10:15 [12,766ms] [Warning] [omni.isaac.lab.envs.direct_rl_env] The render interval (5) is smaller than the decimation (20). Multiple multiple render calls will happen for each environment step.If this is not intended, set the render interval to be equal to the decimation.
[INFO][AppLauncher]: Loading experience file: /opt/IsaacLab/source/extensions/omni.isaac.lab/omni/isaac/lab/app/../../../../../../apps/isaaclab.python.headless.kit
Starting kit application with the following args:  ['/opt/conda/envs/isaaclab/lib/python3.10/site-packages/isaacsim/exts/omni.isaac.kit/omni/isaac/kit/simulation_app.py', '/opt/IsaacLab/source/extensions/omni.isaac.lab/omni/isaac/lab/app/../../../../../../apps/isaaclab.python.headless.kit', '--/app/tokens/exe-path=/opt/conda/envs/isaaclab/lib/python3.10/site-packages/omni', '--/persistent/app/viewport/displayOptions=3094', '--/rtx/materialDb/syncLoads=True', '--/rtx/hydra/materialSyncLoads=True', '--/omni.kit.plugin/syncUsdLoads=True', '--/app/renderer/resolution/width=1280', '--/app/renderer/resolution/height=720', '--/app/window/width=1440', '--/app/window/height=900', '--/renderer/multiGpu/enabled=True', '--/app/fastShutdown=True', '--ext-folder', '/opt/conda/envs/isaaclab/lib/python3.10/site-packages/isaacsim/exts', '--ext-folder', '/opt/conda/envs/isaaclab/lib/python3.10/site-packages/isaacsim/apps', '--/renderer/activeGpu=0', '--/physics/cudaDevice=0', '--portable', '--no-window', '--/app/window/hideUi=True']
Passing the following args to the base kit application:  ['--config', '/ws/configs/marv_config_atd3qn.yaml', '--headless']
Warp 1.2.1 initialized:
   CUDA Toolkit 11.8, Driver 12.4
   Devices:
     "cpu"      : "CPU"
     "cuda:0"   : "NVIDIA A100-SXM4-40GB" (39 GiB, sm_80, mempool enabled)
   Kernel cache:
     /home/sargapav/.cache/warp/1.2.1
[INFO]: Base environment:
	Environment device    : cuda:0
	Environment seed      : None
	Physics step-size     : 0.005
	Rendering step-size   : 0.025
	Environment step-size : 0.1
[INFO]: Time taken for scene creation : 0.821672 seconds
[INFO]: Scene manager:  <class InteractiveScene>
	Number of environments: 1024
	Environment spacing   : 0.0
	Source prim name      : /World/envs/env_0
	Global prim paths     : ['/World/terrain']
	Replicate physics     : True
[INFO]: Starting the simulation. This may take a few seconds. Please wait...
[INFO]: Time taken for simulation start : 11.871015 seconds
[INFO]: Completed setting up the environment...
2026-07-31 20:10:27,774 [RunLogger][[92mINFO[00m]: RunLogger initialized for run train_marv_atd3qn_11278667_attempt_0 at /ws/logs/train_marv_atd3qn_11278667/attempt_0 (logutils.py:105)
2026-07-31 20:10:34,860 [ftr_d3qn_train][[92mINFO[00m]: Seed: 42  (random check numpy check torch check cuda check) (train_d3qn.py:198)
2026-07-31 20:10:35,274 [ftr_d3qn_train][[92mINFO[00m]: Initialized FtrD3QNTrainer. (train_d3qn.py:271)
2026-07-31 20:10:35,274 [ftr_d3qn_train][[92mINFO[00m]: Iteration size: 131072, batch_size: 8192, updates/iter: 64 (train_d3qn.py:437)
2026-08-01 06:00:58,901 [ftr_d3qn_train][[92mINFO[00m]: Training finished. Running 20 final eval(s). (train_d3qn.py:606)

Final evaluation results:
  eval/mean_step_reward: -0.0020
  eval/max_step_reward: 22.6244
  eval/min_step_reward: -22.6051
  eval/pct_terminated: 0.0010
  eval/pct_truncated: 0.0025
  eval/rollout_steps: 600.0000
  eval/success_rate: 0.2266
  eval/failure_rate: 0.0600
  eval/explosion_rate: 0.0000
  torque/flipper_torque_FL: 549.6938
  torque/flipper_torque_FL_max: 1000.0000
  torque/flipper_torque_FL_min: 4.8113
  torque/flipper_torque_FR: 550.7064
  torque/flipper_torque_FR_max: 1000.0000
  torque/flipper_torque_FR_min: 4.8166
  torque/flipper_torque_RL: 702.1959
  torque/flipper_torque_RL_max: 1000.0000
  torque/flipper_torque_RL_min: 1.8151
  torque/flipper_torque_RR: 704.0894
  torque/flipper_torque_RR_max: 1000.0000
  torque/flipper_torque_RR_min: 1.8510
  clearance/height: 0.2069
  clearance/height_max: 0.4202
  clearance/height_min: 0.0024
  state/lin_velocity: 0.2068
  state/lin_velocity_max: 1.6594
  state/lin_velocity_min: 0.0096
  state/ang_velocity: 0.2010
  state/ang_velocity_max: 2.2187
  state/ang_velocity_min: 0.0103
  state/roll: -0.0004
  state/roll_max: 0.2277
  state/roll_min: -0.2459
  state/pitch: -0.1114
  state/pitch_max: 0.4693
  state/pitch_min: -0.7336
  state/success_lin_velocity: 0.1998
  eval_per_env/raised_platform_success_rate: 0.1797
  eval_per_env/double_trench_success_rate: 0.1077
  eval_per_env/widening_trench_success_rate: 0.0000
  eval_per_env/twin_rails_success_rate: 0.1593
  eval_per_env/raised_stairs_success_rate: 0.2235
  eval_per_env/lowered_stairs_success_rate: 0.1511
  eval_per_env/flat_patch_success_rate: 0.6925
2026-08-01 07:48:58,896 [RunLogger][[92mINFO[00m]: W&B run finished (ID: 80971ad24ed23641ea8948c05c6a881a3862c9c73d91f133826fcb814f89dc56). (logutils.py:277)
2026-08-01 07:48:58,896 [RunLogger][[92mINFO[00m]: RunLogger closed. (logutils.py:280)
########################################################################
Python script finished with exit status: 0
########################################################################
Training finished with exit code 0. Not respawning.
Cleaning up node-local cache...
