########################################################################
Job ID: 11051679
Running on node: g01
Script arguments received by sbatch script (/var/spool/slurm/d/job11051679/slurm_script): 
Number of arguments: 0
########################################################################
Setting up environment...
Changed directory to /home/sargapav/robot_rodeo_gym_ws
------------------------------------------------------------------------
nvidia-smi output:
Tue Jun  9 19:06:44 2026       
+-----------------------------------------------------------------------------------------+
| NVIDIA-SMI 550.54.14              Driver Version: 550.54.14      CUDA Version: 12.4     |
|-----------------------------------------+------------------------+----------------------+
| GPU  Name                 Persistence-M | Bus-Id          Disp.A | Volatile Uncorr. ECC |
| Fan  Temp   Perf          Pwr:Usage/Cap |           Memory-Usage | GPU-Util  Compute M. |
|                                         |                        |               MIG M. |
|=========================================+========================+======================|
|   0  NVIDIA A100-SXM4-40GB          On  |   00000000:81:00.0 Off |                    0 |
| N/A   31C    P0             58W /  400W |       0MiB /  40960MiB |      0%      Default |
|                                         |                        |             Disabled |
+-----------------------------------------+------------------------+----------------------+
                                                                                         
+-----------------------------------------------------------------------------------------+
| Processes:                                                                              |
|  GPU   GI   CI        PID   Type   Process name                              GPU Memory |
|        ID   ID                                                               Usage      |
|=========================================================================================|
|  No running processes found                                                             |
+-----------------------------------------------------------------------------------------+
GPU is clear (no active CUDA contexts).
------------------------------------------------------------------------
W&B project : flipper_training
Copying Omniverse cache to node-local /tmp/omni_cache_11051679 ...
########################################################################
Starting training (respawn #0 of 5)...
########################################################################
[Warning] [omni.isaac.kit.simulation_app] Modules: ['omni.kit_app'] were loaded before SimulationApp was started and might not be loaded correctly.
[Warning] [omni.isaac.kit.simulation_app] Please check to make sure no extra omniverse or pxr modules are imported before the call to SimulationApp(...)
[Info] [carb] Logging to file: /opt/conda/envs/isaaclab/lib/python3.10/site-packages/omni/logs/Kit/Isaac-Sim/4.2/kit_20260609_190648.log
2026-06-09 17:06:48 [0ms] [Warning] [omni.kit.app.plugin] No crash reporter present, dumps uploading isn't available.
2026-06-09 17:06:48 [6ms] [Warning] [omni.ext.plugin] [ext: src] Extensions config 'extension.toml' doesn't exist '/home/sargapav/robot_rodeo_gym_ws/src' or '/home/sargapav/robot_rodeo_gym_ws/src/config'
2026-06-09 17:06:48 [6ms] [Warning] [omni.ext.plugin] [ext: containers] Extensions config 'extension.toml' doesn't exist '/home/sargapav/robot_rodeo_gym_ws/containers' or '/home/sargapav/robot_rodeo_gym_ws/containers/config'
2026-06-09 17:06:48 [6ms] [Warning] [omni.ext.plugin] [ext: experiments] Extensions config 'extension.toml' doesn't exist '/home/sargapav/robot_rodeo_gym_ws/experiments' or '/home/sargapav/robot_rodeo_gym_ws/experiments/config'
2026-06-09 17:06:48 [6ms] [Warning] [omni.ext.plugin] [ext: slurm] Extensions config 'extension.toml' doesn't exist '/home/sargapav/robot_rodeo_gym_ws/slurm' or '/home/sargapav/robot_rodeo_gym_ws/slurm/config'
2026-06-09 17:06:48 [6ms] [Warning] [omni.ext.plugin] [ext: wandb] Extensions config 'extension.toml' doesn't exist '/home/sargapav/robot_rodeo_gym_ws/wandb' or '/home/sargapav/robot_rodeo_gym_ws/wandb/config'
2026-06-09 17:06:48 [6ms] [Warning] [omni.ext.plugin] [ext: runs] Extensions config 'extension.toml' doesn't exist '/home/sargapav/robot_rodeo_gym_ws/runs' or '/home/sargapav/robot_rodeo_gym_ws/runs/config'
2026-06-09 17:06:48 [6ms] [Warning] [omni.ext.plugin] [ext: secrets] Extensions config 'extension.toml' doesn't exist '/home/sargapav/robot_rodeo_gym_ws/secrets' or '/home/sargapav/robot_rodeo_gym_ws/secrets/config'
2026-06-09 17:06:48 [6ms] [Warning] [omni.ext.plugin] [ext: scripts] Extensions config 'extension.toml' doesn't exist '/home/sargapav/robot_rodeo_gym_ws/scripts' or '/home/sargapav/robot_rodeo_gym_ws/scripts/config'
2026-06-09 17:06:48 [6ms] [Warning] [omni.ext.plugin] [ext: optuna] Extensions config 'extension.toml' doesn't exist '/home/sargapav/robot_rodeo_gym_ws/optuna' or '/home/sargapav/robot_rodeo_gym_ws/optuna/config'
2026-06-09 17:06:48 [7ms] [Warning] [omni.ext.plugin] [ext: logs] Extensions config 'extension.toml' doesn't exist '/home/sargapav/robot_rodeo_gym_ws/logs' or '/home/sargapav/robot_rodeo_gym_ws/logs/config'
2026-06-09 17:06:48 [7ms] [Warning] [omni.ext.plugin] [ext: configs] Extensions config 'extension.toml' doesn't exist '/home/sargapav/robot_rodeo_gym_ws/configs' or '/home/sargapav/robot_rodeo_gym_ws/configs/config'
[0.312s] [ext: omni.kit.async_engine-0.0.1] startup
[0.547s] [ext: omni.stats-1.0.1] startup
[0.554s] [ext: omni.client-1.2.0] startup
[0.741s] [ext: omni.gpu_foundation.shadercache.vulkan-1.0.0] startup
[0.747s] [ext: omni.assets.plugins-0.0.0] startup
[0.766s] [ext: omni.gpu_foundation-0.0.0] startup
[0.949s] [ext: omni.kit.pipapi-0.0.0] startup
[0.950s] [ext: omni.materialx.libs-1.0.4] startup
[0.980s] [ext: omni.kit.pip_archive-0.0.0] startup
[0.981s] [ext: omni.usd.config-1.0.4] startup
[0.990s] [ext: omni.gpucompute.plugins-0.0.0] startup
[0.992s] [ext: omni.usd.libs-1.0.1] startup
[1.459s] [ext: omni.kit.telemetry-0.5.0] startup
[1.499s] [ext: omni.usd.schema.semantics-0.0.0] startup
[1.725s] [ext: omni.usd.schema.audio-0.0.0] startup
[1.761s] [ext: omni.usd.schema.physx-106.1.9] startup
[1.857s] [ext: carb.audio-0.1.0] startup
[1.892s] [ext: omni.kvdb-106.1.9] startup
[1.900s] [ext: omni.timeline-1.0.10] startup
[1.906s] [ext: omni.kit.actions.core-1.0.0] startup
[1.915s] [ext: omni.kit.audiodeviceenum-1.0.1] startup
[1.920s] [ext: omni.localcache-106.1.9] startup
[1.923s] [ext: omni.usd_resolver-1.0.0] startup
[1.933s] [ext: omni.kit.commands-1.4.9] startup
[1.942s] [ext: omni.graph.exec-0.9.4] startup
[1.945s] [ext: omni.usd.core-1.4.1] startup
[1.958s] [ext: omni.kit.usd_undo-0.1.8] startup
[1.959s] [ext: omni.kit.exec.core-0.13.4] startup
[1.968s] [ext: omni.convexdecomposition-106.1.9] startup
[1.979s] [ext: omni.usd-1.12.2] startup
[2.046s] [ext: omni.usdphysics-106.1.9] startup
[2.050s] [ext: omni.physx.foundation-106.1.9] startup
[2.066s] [ext: omni.kit.usd.layers-2.1.36] startup
[2.087s] [ext: omni.physx.cooking-106.1.9] startup
[2.105s] [ext: omni.blobkey-1.1.2] startup
[2.110s] [ext: omni.datastore-0.0.0] startup
[2.186s] [ext: omni.ujitso.default-1.0.0] startup
[2.196s] [ext: omni.hsscclient-1.1.1] startup
[2.210s] [ext: omni.kit.primitive.mesh-1.0.17] startup
[2.215s] [ext: usdrt.scenegraph-7.5.0] startup
[2.335s] [ext: omni.warp.core-1.2.1] startup
[2.441s] [ext: omni.physx-106.1.9] startup
[2.498s] [ext: omni.kit.stage_template.core-1.1.22] startup
[2.499s] [ext: omni.physx.stageupdate-106.1.9] startup
[2.505s] [ext: omni.kit.stage_templates-1.2.5] startup
[2.507s] [ext: omni.physics.tensors-106.1.9] startup
[2.519s] [ext: omni.isaac.version-1.1.0] startup
[2.520s] [ext: omni.physx.tensors-106.1.9] startup
2026-06-09 17:06:51 [2,714ms] [Warning] [omni.platforminfo.plugin] failed to open the default display.  Can't verify X Server version.
2026-06-09 17:06:51 [2,715ms] [Warning] [omni.platforminfo.plugin] failed to load XRAndR.
[3.156s] [ext: omni.isaac.nucleus-0.3.1] startup
[3.158s] [ext: omni.kit.loop-isaac-1.2.0] startup
[3.162s] [ext: omni.isaac.core-3.19.5] startup
[6.276s] [ext: omni.physx.fabric-106.1.9] startup
[6.292s] [ext: omni.isaac.kit-1.13.2] startup
[6.292s] [ext: omni.isaac.cloner-0.8.1] startup
[6.293s] [ext: isaaclab.python.headless-1.2.0] startup
[6.295s] Simulation App Starting
2026-06-09 17:06:54 [6,260ms] [Warning] [gpu.foundation.plugin] [ShaderCache]: Creating driver shaderCache directory failed: /opt/conda/envs/isaaclab/lib/python3.10/site-packages/omni/cache/nv_shadercache

|---------------------------------------------------------------------------------------------|
| Driver Version: 0             | Graphics API: Vulkan
|=============================================================================================|
| GPU | Name                             | Active | LDA | GPU Memory | Vendor-ID | LUID       |
|     |                                  |        |     |            | Device-ID | UUID       |
|     |                                  |        |     |            | Bus-ID    |            |
|=============================================================================================|
| OS: 13 (trixie) debian, Version: 13.00.0, Kernel: 4.18.0-513.9.1.el8_9.x86_64
| Processor: AMD EPYC 7543 32-Core Processor | Cores: 64 | Logical: 128
|---------------------------------------------------------------------------------------------|
| Total Memory (MB): 1031894 | Free Memory: 723535
| Total Page/Swap (MB): 0 | Free Page/Swap: 0
|---------------------------------------------------------------------------------------------|
2026-06-09 17:06:55 [6,922ms] [Warning] [omni.physx.foundation.plugin] PhysXFoundation: Couldn't get driver version, failed to getDeviceInfo
2026-06-09 17:06:55 [6,922ms] [Warning] [omni.physx.foundation.plugin] PhysXFoundation: Unable to get IGpuFoundation, GpuDevices or Graphics!
2026-06-09 17:06:55 [6,922ms] [Warning] [carb.cudainterop.plugin] CUDA_VISIBLE_DEVICES environment variable is set.
2026-06-09 17:06:55 [6,922ms] [Warning] [carb.cudainterop.plugin] Note CUDA device enumeration and Omniverse device enumeration are different.
2026-06-09 17:06:55 [6,922ms] [Warning] [carb.cudainterop.plugin] Setting CUDA_VISIBLE_DEVICES can lead to undesired behavior or crashes.
[8.128s] app ready
[INFO][AppLauncher]: Loading experience file: /opt/IsaacLab/source/extensions/omni.isaac.lab/omni/isaac/lab/app/../../../../../../apps/isaaclab.python.headless.kit
Starting kit application with the following args:  ['/opt/conda/envs/isaaclab/lib/python3.10/site-packages/isaacsim/exts/omni.isaac.kit/omni/isaac/kit/simulation_app.py', '/opt/IsaacLab/source/extensions/omni.isaac.lab/omni/isaac/lab/app/../../../../../../apps/isaaclab.python.headless.kit', '--/app/tokens/exe-path=/opt/conda/envs/isaaclab/lib/python3.10/site-packages/omni', '--/persistent/app/viewport/displayOptions=3094', '--/rtx/materialDb/syncLoads=True', '--/rtx/hydra/materialSyncLoads=True', '--/omni.kit.plugin/syncUsdLoads=True', '--/app/renderer/resolution/width=1280', '--/app/renderer/resolution/height=720', '--/app/window/width=1440', '--/app/window/height=900', '--/renderer/multiGpu/enabled=True', '--/app/fastShutdown=True', '--ext-folder', '/opt/conda/envs/isaaclab/lib/python3.10/site-packages/isaacsim/exts', '--ext-folder', '/opt/conda/envs/isaaclab/lib/python3.10/site-packages/isaacsim/apps', '--/renderer/activeGpu=0', '--/physics/cudaDevice=0', '--portable', '--no-window', '--/app/window/hideUi=True']
Passing the following args to the base kit application:  ['--config', '/ws/configs/ftr_config_optuna_best_v5.yaml', '--headless']
/ws
[INFO] Respawn detected — loading config from previous attempt: /ws/logs/train_ftr_11051679/attempt_0/config.yaml
[8.292s] Simulation App Startup Complete
2026-06-09 17:07:03 [14,532ms] [Warning] [pxr.Semantics] pxr.Semantics is deprecated - please use Semantics instead
2026-06-09 17:07:04 [16,343ms] [Warning] [omni.isaac.lab.envs.direct_rl_env] Seed not set for the environment. The environment creation may not be deterministic.
2026-06-09 17:07:05 [16,409ms] [Warning] [omni.isaac.lab.envs.direct_rl_env] The render interval (5) is smaller than the decimation (10). Multiple multiple render calls will happen for each environment step.If this is not intended, set the render interval to be equal to the decimation.
2026-06-09 17:07:09 [21,292ms] [Warning] [omni.physx.plugin] The rigid body at /World/envs/env_0/pumbaa_wheel/pumbaa_wheel/chassis_link has a possibly invalid inertia tensor of {1.0, 1.0, 1.0} and a negative mass, small sphere approximated inertia was used. Either specify correct values in the mass properties, or add collider(s) to any shape(s) that you wish to automatically compute mass properties for.
2026-06-09 17:07:09 [21,293ms] [Warning] [omni.physx.plugin] The rigid body at /World/envs/env_0/pumbaa_wheel/pumbaa_wheel/front_left_flipper_link has a possibly invalid inertia tensor of {1.0, 1.0, 1.0} and a negative mass, small sphere approximated inertia was used. Either specify correct values in the mass properties, or add collider(s) to any shape(s) that you wish to automatically compute mass properties for.
2026-06-09 17:07:09 [21,293ms] [Warning] [omni.physx.plugin] The rigid body at /World/envs/env_0/pumbaa_wheel/pumbaa_wheel/front_right_flipper_link has a possibly invalid inertia tensor of {1.0, 1.0, 1.0} and a negative mass, small sphere approximated inertia was used. Either specify correct values in the mass properties, or add collider(s) to any shape(s) that you wish to automatically compute mass properties for.
2026-06-09 17:07:09 [21,293ms] [Warning] [omni.physx.plugin] The rigid body at /World/envs/env_0/pumbaa_wheel/pumbaa_wheel/rear_left_flipper_link has a possibly invalid inertia tensor of {1.0, 1.0, 1.0} and a negative mass, small sphere approximated inertia was used. Either specify correct values in the mass properties, or add collider(s) to any shape(s) that you wish to automatically compute mass properties for.
2026-06-09 17:07:09 [21,293ms] [Warning] [omni.physx.plugin] The rigid body at /World/envs/env_0/pumbaa_wheel/pumbaa_wheel/rear_right_flipper_link has a possibly invalid inertia tensor of {1.0, 1.0, 1.0} and a negative mass, small sphere approximated inertia was used. Either specify correct values in the mass properties, or add collider(s) to any shape(s) that you wish to automatically compute mass properties for.
2026-06-09 17:07:20 [32,021ms] [Warning] [omni.isaac.lab.assets.articulation.articulation] Not all actuators are configured! Total number of actuated joints not equal to number of joints available: 24 != 40.
Warp 1.2.1 initialized:
   CUDA Toolkit 11.8, Driver 12.4
   Devices:
     "cpu"      : "CPU"
     "cuda:0"   : "NVIDIA A100-SXM4-40GB" (39 GiB, sm_80, mempool enabled)
   Kernel cache:
     /home/sargapav/.cache/warp/1.2.1
[INFO]: Base environment:
	Environment device    : cuda:0
	Environment seed      : None
	Physics step-size     : 0.005
	Rendering step-size   : 0.025
	Environment step-size : 0.05
[INFO]: Time taken for scene creation : 1.016679 seconds
[INFO]: Scene manager:  <class InteractiveScene>
	Number of environments: 1024
	Environment spacing   : 0.0
	Source prim name      : /World/envs/env_0
	Global prim paths     : ['/World/terrain']
	Replicate physics     : True
[INFO]: Starting the simulation. This may take a few seconds. Please wait...
[INFO]: Time taken for simulation start : 15.531601 seconds
[INFO]: Completed setting up the environment...
2026-06-09 19:07:21,627 [RunLogger][[92mINFO[00m]: RunLogger initialized for run train_ftr_11051679_attempt_1 at /ws/logs/train_ftr_11051679/attempt_1 (logutils.py:105)
2026-06-09 19:07:28,820 [ftr_ppo_train][[92mINFO[00m]: Seed: 42  (random ✓  numpy ✓  torch ✓  cuda ✓) (train_ftr.py:342)
2026-06-09 19:07:29,201 [MLPPolicyConfig][[92mINFO[00m]: Applied orthogonal initialization to the actor and value operators. (mlp_policy.py:89)
[3m     Policy Parameter Counts     [0m
┏━━━━━━━━━━━━━━━━━━┳━━━━━━━━━━━━┓
┃[1m [0m[1m       Component[0m[1m [0m┃[1m [0m[1mParameters[0m[1m [0m┃
┡━━━━━━━━━━━━━━━━━━╇━━━━━━━━━━━━┩
│[36m [0m[36m   Actor Encoder[0m[36m [0m│[35m [0m[35m   258,816[0m[35m [0m│
│[36m [0m[36m      Actor Head[0m[36m [0m│[35m [0m[35m    34,572[0m[35m [0m│
│[36m [0m[36m   Value Encoder[0m[36m [0m│[35m [0m[35m   258,816[0m[35m [0m│
│[36m [0m[36m      Value Head[0m[36m [0m│[35m [0m[35m   100,097[0m[35m [0m│
│[36m [0m[36m             ---[0m[36m [0m│[35m [0m[35m       ---[0m[35m [0m│
│[36m [0m[36m     Total Actor[0m[36m [0m│[35m [0m[35m   293,388[0m[35m [0m│
│[36m [0m[36m     Total Value[0m[36m [0m│[35m [0m[35m   358,913[0m[35m [0m│
│[36m [0m[36m             ---[0m[36m [0m│[35m [0m[35m       ---[0m[35m [0m│
│[36m [0m[36mTotal Parameters[0m[36m [0m│[35m [0m[35m   652,301[0m[35m [0m│
└──────────────────┴────────────┘
2026-06-09 19:07:30,635 [ftr_ppo_train][[92mINFO[00m]: Initialized FtrPPOTrainer. (train_ftr.py:450)
2026-06-09 19:07:30,635 [ftr_ppo_train][[92mINFO[00m]: Iteration size: 131072, frames_per_sub_batch: 4096, optimisation steps per iter: 32 (train_ftr.py:623)
2026-06-11 20:08:50,351 [ftr_ppo_train][[92mINFO[00m]: Training finished. Running 2 final eval(s). (train_ftr.py:890)

Final evaluation results:
  eval/mean_step_reward: 7.2976
  eval/max_step_reward: 17.0268
  eval/min_step_reward: -6.0291
  eval/pct_terminated: 0.7261
  eval/pct_truncated: 0.0000
  eval/success_rate: 0.8421
  eval/failure_rate: 0.1535
  eval/explosion_rate: 0.0000
  eval/accel_magnitude: 2.5365
  eval/shock_normalised: 0.0101
  eval/accel_p90: 2.7714
  eval/accel_p95: 2.8927
  eval/accel_p99: 3.1793
  eval/shock_p90_normalised: 0.3332
  eval/shock_p95_normalised: 0.3466
  eval/shock_p99_normalised: 0.3777
2026-06-11 20:28:19,720 [RunLogger][[92mINFO[00m]: W&B run finished (ID: 615deb26a4af622b588287bcac0e08df0e15fe8faa6529fb44d7d48e881f2259). (logutils.py:277)
2026-06-11 20:28:19,720 [RunLogger][[92mINFO[00m]: RunLogger closed. (logutils.py:280)
########################################################################
Python script finished with exit status: 0
########################################################################
Training finished with exit code 0. Not respawning.
Cleaning up node-local cache...
